BL51 BANKED LINKER/LOCATER V6.22.2.0                                                    06/09/2022  11:28:18  PAGE 1


BL51 BANKED LINKER/LOCATER V6.22.2.0, INVOKED BY:
D:\KEIL-C51\C51\BIN\BL51.EXE .\Objects\STARTUP.obj, .\Objects\main.obj, .\Objects\Driver.obj, .\Objects\LCD12864.obj, .\
>> Objects\GSM.obj, .\Objects\NameList.obj, .\Objects\Eeprom.obj, .\Objects\SysStatus.obj, .\Objects\UnlockPassword.obj,
>>  .\Objects\SysString.obj, .\Objects\Card.obj, .\Objects\CardRead.obj, .\Objects\Audio.obj, .\Objects\UART.obj, .\Obje
>> cts\timer.obj, .\Objects\GPIO.obj, .\Objects\Exti.obj, .\Objects\spi.obj TO .\Objects\GSM PRINT (.\Listings\GSM.m51) 
>> RAMSIZE (256)


MEMORY MODEL: LARGE


INPUT MODULES INCLUDED:
  .\Objects\STARTUP.obj (?C_STARTUP)
  .\Objects\main.obj (MAIN)
  .\Objects\Driver.obj (DRIVER)
  .\Objects\LCD12864.obj (LCD12864)
  .\Objects\GSM.obj (GSM)
  .\Objects\NameList.obj (NAMELIST)
  .\Objects\Eeprom.obj (EEPROM)
  .\Objects\SysStatus.obj (SYSSTATUS)
  .\Objects\UnlockPassword.obj (UNLOCKPASSWORD)
  .\Objects\SysString.obj (SYSSTRING)
  .\Objects\Card.obj (CARD)
  .\Objects\CardRead.obj (CARDREAD)
  .\Objects\Audio.obj (AUDIO)
  .\Objects\UART.obj (UART)
  .\Objects\timer.obj (TIMER)
  .\Objects\GPIO.obj (GPIO)
  .\Objects\Exti.obj (EXTI)
  .\Objects\spi.obj (SPI)
  D:\KEIL-C51\C51\LIB\C51L.LIB (?C_INIT)
  D:\KEIL-C51\C51\LIB\C51L.LIB (?C?COPY)
  D:\KEIL-C51\C51\LIB\C51L.LIB (?C?CLDPTR)
  D:\KEIL-C51\C51\LIB\C51L.LIB (?C?CLDOPTR)
  D:\KEIL-C51\C51\LIB\C51L.LIB (?C?CSTPTR)
  D:\KEIL-C51\C51\LIB\C51L.LIB (?C?CSTOPTR)
  D:\KEIL-C51\C51\LIB\C51L.LIB (?C?IMUL)
  D:\KEIL-C51\C51\LIB\C51L.LIB (?C?UIDIV)
  D:\KEIL-C51\C51\LIB\C51L.LIB (?C?IILDX)
  D:\KEIL-C51\C51\LIB\C51L.LIB (?C?ILDIX)
  D:\KEIL-C51\C51\LIB\C51L.LIB (?C?ILDPTR)
  D:\KEIL-C51\C51\LIB\C51L.LIB (?C?ILDOPTR)
  D:\KEIL-C51\C51\LIB\C51L.LIB (?C?LMUL)
  D:\KEIL-C51\C51\LIB\C51L.LIB (?C?ULDIV)
  D:\KEIL-C51\C51\LIB\C51L.LIB (?C?ULCMP)
  D:\KEIL-C51\C51\LIB\C51L.LIB (?C?ULSHR)
  D:\KEIL-C51\C51\LIB\C51L.LIB (?C?LSHL)
  D:\KEIL-C51\C51\LIB\C51L.LIB (?C?LLDOPTR)
  D:\KEIL-C51\C51\LIB\C51L.LIB (?C?LLDOPTR0)
  D:\KEIL-C51\C51\LIB\C51L.LIB (?C?LSTXDATA)
  D:\KEIL-C51\C51\LIB\C51L.LIB (?C?LSTKXDATA)
  D:\KEIL-C51\C51\LIB\C51L.LIB (?C?OFFXADD)
  D:\KEIL-C51\C51\LIB\C51L.LIB (?C?CCASE)
  D:\KEIL-C51\C51\LIB\C51L.LIB (?C?ICALL)
  D:\KEIL-C51\C51\LIB\C51L.LIB (PRINTF)
  D:\KEIL-C51\C51\LIB\C51L.LIB (SCANF)
  D:\KEIL-C51\C51\LIB\C51L.LIB (?C?ISTPTR)
  D:\KEIL-C51\C51\LIB\C51L.LIB (?C?LNEG)
BL51 BANKED LINKER/LOCATER V6.22.2.0                                                  06/09/2022  11:28:18  PAGE 2


  D:\KEIL-C51\C51\LIB\C51L.LIB (?C?LSTPTR)
  D:\KEIL-C51\C51\LIB\C51L.LIB (?C?LLDIDATA)
  D:\KEIL-C51\C51\LIB\C51L.LIB (?C?LLDXDATA)
  D:\KEIL-C51\C51\LIB\C51L.LIB (?C?LLDPDATA)
  D:\KEIL-C51\C51\LIB\C51L.LIB (?C?LLDCODE)
  D:\KEIL-C51\C51\LIB\C51L.LIB (?C?LLDIDATA0)
  D:\KEIL-C51\C51\LIB\C51L.LIB (?C?LLDXDATA0)
  D:\KEIL-C51\C51\LIB\C51L.LIB (?C?LLDPDATA0)
  D:\KEIL-C51\C51\LIB\C51L.LIB (?C?LLDCODE0)
  D:\KEIL-C51\C51\LIB\C51L.LIB (?C?PLDXDATA)
  D:\KEIL-C51\C51\LIB\C51L.LIB (?C?PLDIXDATA)
  D:\KEIL-C51\C51\LIB\C51L.LIB (?C?PILDXDATA)
  D:\KEIL-C51\C51\LIB\C51L.LIB (?C?PSTXDATA)
  D:\KEIL-C51\C51\LIB\C51L.LIB (GETCHAR)
  D:\KEIL-C51\C51\LIB\C51L.LIB (UNGETC)
  D:\KEIL-C51\C51\LIB\C51L.LIB (ISSPACE)
  D:\KEIL-C51\C51\LIB\C51L.LIB (?C?LSTIDATA)
  D:\KEIL-C51\C51\LIB\C51L.LIB (?C?LSTPDATA)
  D:\KEIL-C51\C51\LIB\C51L.LIB (_GETKEY)


LINK MAP OF MODULE:  .\Objects\GSM (?C_STARTUP)


            TYPE    BASE      LENGTH    RELOCATION   SEGMENT NAME
            -----------------------------------------------------

            * * * * * * *   D A T A   M E M O R Y   * * * * * * *
            REG     0000H     0008H     ABSOLUTE     "REG BANK 0"
            DATA    0008H     0005H     UNIT         _DATA_GROUP_
                    000DH     0013H                  *** GAP ***
            BIT     0020H.0   0001H.2   UNIT         _BIT_GROUP_
            BIT     0021H.2   0000H.5   UNIT         ?BI?CARDREAD
            BIT     0021H.7   0000H.3   UNIT         ?BI?GSM
            BIT     0022H.2   0000H.3   UNIT         ?BI?UNLOCKPASSWORD
            BIT     0022H.5   0000H.3   UNIT         ?BI?AUDIO
            BIT     0023H.0   0000H.2   UNIT         ?BI?LCD12864
            BIT     0023H.2   0000H.2   UNIT         ?BI?CARD
            BIT     0023H.4   0000H.1   UNIT         ?BI?NAMELIST
            BIT     0023H.5   0000H.1   UNIT         ?BI?TIMER
            BIT     0023H.6   0000H.1   UNIT         ?BI?SPI
            BIT     0023H.7   0000H.1   UNIT         ?BI?GETCHAR
            IDATA   0024H     0001H     UNIT         ?STACK

            * * * * * * *  X D A T A   M E M O R Y  * * * * * * *
            XDATA   0000H     089EH     UNIT         ?XD?AUDIO
            XDATA   089EH     0406H     UNIT         ?XD?LCD12864
            XDATA   0CA4H     03D8H     UNIT         ?XD?UART
            XDATA   107CH     00D1H     UNIT         _XDATA_GROUP_
            XDATA   114DH     0082H     UNIT         ?XD?SPI
            XDATA   11CFH     007AH     UNIT         ?XD?SYSSTATUS
            XDATA   1249H     0074H     UNIT         ?XD?GSM
            XDATA   12BDH     005AH     UNIT         ?XD?CARDREAD
            XDATA   1317H     0056H     UNIT         ?XD?NAMELIST
            XDATA   136DH     0014H     UNIT         ?XD?SYSSTRING
            XDATA   1381H     000CH     UNIT         ?XD?UNLOCKPASSWORD
            XDATA   138DH     000BH     UNIT         ?XD?DRIVER
BL51 BANKED LINKER/LOCATER V6.22.2.0                                                  06/09/2022  11:28:18  PAGE 3


            XDATA   1398H     0008H     UNIT         ?XD?CARD
            XDATA   13A0H     0008H     UNIT         ?XD?CHECKRFIDCARD?CARDREAD
            XDATA   13A8H     0005H     UNIT         ?XD?_GETPSWBYROOM?UNLOCKPASSWORD
            XDATA   13ADH     0003H     UNIT         ?XD?MAIN
            XDATA   13B0H     0003H     UNIT         ?XD?_DISPLAYCSQ?LCD12864
            XDATA   13B3H     0001H     UNIT         ?XD?TIMER
            XDATA   13B4H     0001H     UNIT         ?XD?GETCHAR

            * * * * * * *   C O D E   M E M O R Y   * * * * * * *
            CODE    0000H     0003H     ABSOLUTE     
            CODE    0003H     0003H     ABSOLUTE     
                    0006H     0005H                  *** GAP ***
            CODE    000BH     0003H     ABSOLUTE     
            CODE    000EH     000AH     UNIT         ?PR?CLEARNAMELIST?NAMELIST
                    0018H     0003H                  *** GAP ***
            CODE    001BH     0003H     ABSOLUTE     
                    001EH     0005H                  *** GAP ***
            CODE    0023H     0003H     ABSOLUTE     
            CODE    0026H     0025H     UNIT         ?PR?EDITNAMEITEMCON?NAMELIST
            CODE    004BH     0003H     ABSOLUTE     
            CODE    004EH     003DH     UNIT         ?PR?TIMER0_INT?TIMER
            CODE    008BH     0003H     ABSOLUTE     
            CODE    008EH     0015H     UNIT         ?PR?IIC_NACK?EEPROM
            CODE    00A3H     0003H     ABSOLUTE     
            CODE    00A6H     0840H     UNIT         ?CO?LCD12864
            CODE    08E6H     0598H     UNIT         ?C?LIB_CODE
            CODE    0E7EH     04E4H     UNIT         ?PR?_REVNAMELIST?NAMELIST
            CODE    1362H     04E1H     UNIT         ?PR?CHECKRFIDCARD?CARDREAD
            CODE    1843H     0484H     UNIT         ?CO?SYSSTRING
            CODE    1CC7H     047EH     UNIT         ?PR?_NAMEEDITKEY?NAMELIST
            CODE    2145H     044CH     UNIT         ?PR?_UART_CONFIGURATION?UART
            CODE    2591H     0425H     UNIT         ?PR?_PSWEDITKEY?UNLOCKPASSWORD
            CODE    29B6H     0404H     UNIT         ?PR?_MODEMRECEIVEHANDLE?GSM
            CODE    2DBAH     0365H     UNIT         ?PR?PRINTF?PRINTF
            CODE    311FH     035DH     UNIT         ?CO?GSM
            CODE    347CH     032DH     UNIT         ?PR?GSM_INITTASK?GSM
            CODE    37A9H     0326H     UNIT         ?PR?_SHOWPSW?UNLOCKPASSWORD
            CODE    3ACFH     0322H     UNIT         ?PR?SCANF?SCANF
            CODE    3DF1H     02C1H     UNIT         ?PR?_SYSPSWEDITKEY?UNLOCKPASSWORD
            CODE    40B2H     0273H     UNIT         ?PR?_SHOWNAME?NAMELIST
            CODE    4325H     0254H     UNIT         ?PR?_GPIO_INILIZE?GPIO
            CODE    4579H     0252H     UNIT         ?PR?_SHOWCARD?CARD
            CODE    47CBH     024EH     UNIT         ?C_INITSEG
            CODE    4A19H     022FH     UNIT         ?PR?_NAMEDELETEKEY?NAMELIST
            CODE    4C48H     0225H     UNIT         ?PR?MAIN?MAIN
            CODE    4E6DH     01F0H     UNIT         ?PR?_TIMER_INILIZE?TIMER
            CODE    505DH     01E5H     UNIT         ?PR?SHOWSUBPARA?SYSSTATUS
            CODE    5242H     01CEH     UNIT         ?PR?_SAVESUBPARA?SYSSTATUS
            CODE    5410H     01C8H     UNIT         ?PR?WG_SEND26?CARDREAD
            CODE    55D8H     01B8H     UNIT         ?PR?_CARDDELETEKEY?CARD
            CODE    5790H     01B2H     UNIT         ?PR?_CARDEDITKEY?CARD
            CODE    5942H     01AAH     UNIT         ?PR?_PSWDELETEKEY?UNLOCKPASSWORD
            CODE    5AECH     0188H     UNIT         ?PR?_SYSSUBSETKEY?SYSSTATUS
            CODE    5C74H     0183H     UNIT         ?PR?WAVREADTASK?AUDIO
            CODE    5DF7H     017DH     UNIT         ?PR?_SYSKEY?SYSSTATUS
            CODE    5F74H     017AH     UNIT         ?PR?_ATCMDCB_CPIN?GSM
            CODE    60EEH     0172H     UNIT         ?PR?_SUBSETCON?SYSSTATUS
BL51 BANKED LINKER/LOCATER V6.22.2.0                                                  06/09/2022  11:28:18  PAGE 4


            CODE    6260H     0170H     UNIT         ?PR?_ATCMDCB_CREG?GSM
            CODE    63D0H     0169H     UNIT         ?PR?_ATCMDCB_CSQ?GSM
            CODE    6539H     014DH     UNIT         ?PR?_WRITELCD?LCD12864
            CODE    6686H     0148H     UNIT         ?PR?_PSWINPUTKEY?UNLOCKPASSWORD
            CODE    67CEH     0147H     UNIT         ?PR?_SYSIDLEKEY?SYSSTATUS
            CODE    6915H     0142H     UNIT         ?PR?SKEYSCAN?DRIVER
            CODE    6A57H     012FH     UNIT         ?PR?INITSYSPARA?SYSSTATUS
            CODE    6B86H     0121H     UNIT         ?PR?_GSMUARTCMD?GSM
            CODE    6CA7H     011EH     UNIT         ?PR?KEYSCAN?DRIVER
            CODE    6DC5H     0100H     UNIT         ?PR?_INPUTSYSPSW?SYSSTATUS
            CODE    6EC5H     00FDH     UNIT         ?CO?NAMELIST
            CODE    6FC2H     00FCH     UNIT         ?PR?_SYSINPUTROOM?SYSSTATUS
            CODE    70BEH     00F8H     UNIT         ?PR?_LOOKFORSTR?DRIVER
            CODE    71B6H     00ECH     UNIT         ?PR?_CALLBYNAMEITEM?NAMELIST
            CODE    72A2H     00E8H     UNIT         ?PR?GPIO_CONFIG?DRIVER
            CODE    738AH     00DEH     UNIT         ?PR?_ADDCARDITEM?CARD
            CODE    7468H     00CFH     UNIT         ?PR?_SYSSETTINGKEY?SYSSTATUS
            CODE    7537H     00CBH     UNIT         ?CO?SYSSTATUS
            CODE    7602H     00C0H     UNIT         ?PR?NAMEEDITCHAGETYPE?NAMELIST
            CODE    76C2H     00A1H     UNIT         ?PR?INITUSERPARA?SYSSTATUS
            CODE    7763H     00A0H     UNIT         ?PR?_CHECKCARD?CARD
            CODE    7803H     009EH     UNIT         ?PR?_SHOWMAIN?SYSSTRING
            CODE    78A1H     009EH     UNIT         ?PR?WG_READ26?CARDREAD
            CODE    793FH     009AH     UNIT         ?PR?UART3_INT?UART
            CODE    79D9H     0099H     UNIT         ?PR?_SPI_FLASH_READ?SPI
            CODE    7A72H     0098H     UNIT         ?PR?_SPI_INIT?SPI
            CODE    7B0AH     0095H     UNIT         ?PR?_MP3_STARTPLAY?AUDIO
            CODE    7B9FH     008EH     UNIT         ?PR?UART1_INT?UART
            CODE    7C2DH     008CH     UNIT         ?C_C51STARTUP
            CODE    7CB9H     008BH     UNIT         ?PR?_DISPLAYFL?LCD12864
            CODE    7D44H     008BH     UNIT         ?PR?NAMESETCON?NAMELIST
            CODE    7DCFH     008BH     UNIT         ?PR?_WRITEBUF_AT24C02?EEPROM
            CODE    7E5AH     008BH     UNIT         ?PR?PSWSETCON?UNLOCKPASSWORD
            CODE    7EE5H     008BH     UNIT         ?PR?CARDSETCON?CARD
            CODE    7F70H     0085H     UNIT         ?PR?_GETIDXBYROOM?SYSSTATUS
            CODE    7FF5H     0085H     UNIT         ?PR?SHOWGSMCSQ?SYSSTRING
            CODE    807AH     0083H     UNIT         ?PR?_GSM_SETVOLUM?GSM
            CODE    80FDH     0083H     UNIT         ?PR?SHOWINPUTPSW?SYSSTATUS
            CODE    8180H     0080H     UNIT         ?PR?_ADDPSWITEM?UNLOCKPASSWORD
            CODE    8200H     007CH     UNIT         ?PR?_BITBLT?LCD12864
            CODE    827CH     0078H     UNIT         ?PR?_CHECKPSW?UNLOCKPASSWORD
            CODE    82F4H     0077H     UNIT         ?PR?_ADDNAMEITEM?NAMELIST
            CODE    836BH     0077H     UNIT         ?PR?PWMTASK?AUDIO
            CODE    83E2H     0070H     UNIT         ?PR?_WRITELCDICO?LCD12864
            CODE    8452H     006FH     UNIT         ?PR?_DELNAMEITEMBYIDX?NAMELIST
            CODE    84C1H     006FH     UNIT         ?PR?_DELPSWBYIDX?UNLOCKPASSWORD
            CODE    8530H     006FH     UNIT         ?PR?_DELCARDBYIDX?CARD
            CODE    859FH     006BH     UNIT         ?PR?_DISPLAYCSQ?LCD12864
            CODE    860AH     006BH     UNIT         ?PR?_SYSCARD?SYSSTATUS
            CODE    8675H     0067H     UNIT         ?PR?SHOWINPUTROOM?SYSSTATUS
            CODE    86DCH     0064H     UNIT         ?PR?_GSM_CALL?GSM
            CODE    8740H     0063H     UNIT         ?PR?_READBUF_AT24C02?EEPROM
            CODE    87A3H     0063H     UNIT         ?PR?_EXT_INILIZE?EXTI
            CODE    8806H     005AH     UNIT         ?PR?_HS_STRCPY?DRIVER
            CODE    8860H     0056H     UNIT         ?PR?UART_CONFIG?DRIVER
            CODE    88B6H     0056H     UNIT         ?PR?_BEEP_STARTPLAY?AUDIO
            CODE    890CH     0054H     UNIT         ?PR?_READROOMBYIDX?SYSSTATUS
BL51 BANKED LINKER/LOCATER V6.22.2.0                                                  06/09/2022  11:28:18  PAGE 5


            CODE    8960H     004FH     UNIT         ?PR?TIMER_CONFIG?DRIVER
            CODE    89AFH     004BH     UNIT         ?PR?_SYSTALKKEY?SYSSTATUS
            CODE    89FAH     0049H     UNIT         ?PR?_GETNAMEITEMBYROOM?NAMELIST
            CODE    8A43H     0049H     UNIT         ?PR?_GETPSWBYROOM?UNLOCKPASSWORD
            CODE    8A8CH     0049H     UNIT         ?PR?SPI_TRANSIVION?SPI
            CODE    8AD5H     0048H     UNIT         ?PR?UARTTASK?UART
            CODE    8B1DH     0044H     UNIT         ?PR?_HS_MEMCPY?DRIVER
            CODE    8B61H     0043H     UNIT         ?PR?SHOWTALKTIME?SYSSTRING
            CODE    8BA4H     0040H     UNIT         ?PR?KEYBEEPTASK?AUDIO
            CODE    8BE4H     0040H     UNIT         ?PR?EXT_INT0?EXTI
            CODE    8C24H     003BH     UNIT         ?PR?_WRITENAMEITEMBYIDX?NAMELIST
            CODE    8C5FH     003BH     UNIT         ?PR?_CARDEDITCARDIN?CARD
            CODE    8C9AH     003BH     UNIT         ?PR?TIMER4_INT?TIMER
            CODE    8CD5H     0039H     UNIT         ?PR?_IIC_SEND_BYTE?EEPROM
            CODE    8D0EH     0038H     UNIT         ?PR?SYSSETTINGCON?SYSSTATUS
            CODE    8D46H     0037H     UNIT         ?CO?AUDIO
            CODE    8D7DH     0035H     UNIT         ?CO?DRIVER
            CODE    8DB2H     0033H     UNIT         ?PR?DELETECARDCON?CARD
            CODE    8DE5H     0033H     UNIT         ?PR?_PRINTSTRING3?UART
            CODE    8E18H     0032H     UNIT         ?PR?FLASHTASK?LCD12864
            CODE    8E4AH     0032H     UNIT         ?PR?CARDMSTASK?CARDREAD
            CODE    8E7CH     0031H     UNIT         ?PR?_WRITECARDBYIDX?CARD
            CODE    8EADH     0031H     UNIT         ?PR?_READCARDBYIDX?CARD
            CODE    8EDEH     0030H     UNIT         ?PR?_READNAMEITEMBYIDX?NAMELIST
            CODE    8F0EH     0030H     UNIT         ?CO?CARDREAD
            CODE    8F3EH     002FH     UNIT         ?PR?_ATCMDCB_AT?GSM
            CODE    8F6DH     002FH     UNIT         ?PR?_ATCMDCB_CLCC?GSM
            CODE    8F9CH     002FH     UNIT         ?PR?_INPUTROOMCON?SYSSTATUS
            CODE    8FCBH     002FH     UNIT         ?PR?MP3_STOP?AUDIO
            CODE    8FFAH     002EH     UNIT         ?PR?_MEMISEMPTY?DRIVER
            CODE    9028H     002EH     UNIT         ?PR?IIC_READ_BYTE?EEPROM
            CODE    9056H     002CH     UNIT         ?PR?_CLEARBUF?DRIVER
            CODE    9082H     002CH     UNIT         ?PR?TIMER1_INT?TIMER
            CODE    90AEH     002BH     UNIT         ?PR?_GSM_SEND_DTMF?GSM
            CODE    90D9H     002AH     UNIT         ?PR?GSM_GETCSQ?GSM
            CODE    9103H     0029H     UNIT         ?PR?SYSIDLECON?SYSSTATUS
            CODE    912CH     0029H     UNIT         ?PR?_DELCARDBYCARD?CARD
            CODE    9155H     0029H     UNIT         ?PR?SPI_CONFIG?AUDIO
            CODE    917EH     0028H     UNIT         ?PR?_WRITEPSWBYIDX?UNLOCKPASSWORD
            CODE    91A6H     0028H     UNIT         ?PR?PWM_CONFIG?AUDIO
            CODE    91CEH     0028H     UNIT         ?PR?_TX3_WRITE2BUFF?UART
            CODE    91F6H     0027H     UNIT         ?PR?_TX1_WRITE2BUFF?UART
            CODE    921DH     0026H     UNIT         ?PR?_DELAY?DRIVER
            CODE    9243H     0026H     UNIT         ?PR?_STRLEN?DRIVER
            CODE    9269H     0025H     UNIT         ?PR?DELETENAMECON?NAMELIST
            CODE    928EH     0025H     UNIT         ?PR?IIC_ACK?EEPROM
            CODE    92B3H     0025H     UNIT         ?PR?_DELPSWBYROOM?UNLOCKPASSWORD
            CODE    92D8H     0025H     UNIT         ?PR?EDITPSWCON?UNLOCKPASSWORD
            CODE    92FDH     0025H     UNIT         ?PR?DELETEPSWCON?UNLOCKPASSWORD
            CODE    9322H     0025H     UNIT         ?PR?EDITSYSPSWCON?UNLOCKPASSWORD
            CODE    9347H     0025H     UNIT         ?PR?_DELCARDBYROOM?CARD
            CODE    936CH     0025H     UNIT         ?PR?EDITCARDCON?CARD
            CODE    9391H     0024H     UNIT         ?CO?MAIN
            CODE    93B5H     0024H     UNIT         ?PR?INIT_12864?LCD12864
            CODE    93D9H     0024H     UNIT         ?PR?GSM_REPOWER?GSM
            CODE    93FDH     0024H     UNIT         ?PR?INPUTPSWCON?UNLOCKPASSWORD
            CODE    9421H     0024H     UNIT         ?CO?UNLOCKPASSWORD
BL51 BANKED LINKER/LOCATER V6.22.2.0                                                  06/09/2022  11:28:18  PAGE 6


            CODE    9445H     0023H     UNIT         ?PR?SAVENAMECOUNT?NAMELIST
            CODE    9468H     0023H     UNIT         ?PR?SAVEPSWCOUNT?UNLOCKPASSWORD
            CODE    948BH     0023H     UNIT         ?PR?SAVECARDCOUNT?CARD
            CODE    94AEH     0022H     UNIT         ?PR?_LCD_WDAT?LCD12864
            CODE    94D0H     0022H     UNIT         ?PR?GSM_STARTINIT?GSM
            CODE    94F2H     0022H     UNIT         ?PR?_SHOWNAMEBYIDX?NAMELIST
            CODE    9514H     0021H     UNIT         ?PR?_NAMESETKEY?NAMELIST
            CODE    9535H     0021H     UNIT         ?PR?_PSWSETKEY?UNLOCKPASSWORD
            CODE    9556H     0021H     UNIT         ?PR?_CARDSETKEY?CARD
            CODE    9577H     0020H     UNIT         ?PR?_UNLOCK?DRIVER
            CODE    9597H     001DH     UNIT         ?PR?LCD_BUSY?LCD12864
            CODE    95B4H     001DH     UNIT         ?PR?_CHECKUNICODE?LCD12864
            CODE    95D1H     001DH     UNIT         ?PR?INPUTSYSPSWCON?SYSSTATUS
            CODE    95EEH     001DH     UNIT         ?PR?_READPSWBYIDX?UNLOCKPASSWORD
            CODE    960BH     001DH     UNIT         ?PR?SAVESYSPSW?UNLOCKPASSWORD
            CODE    9628H     001BH     UNIT         ?PR?LCDCLEAR?LCD12864
            CODE    9643H     001BH     UNIT         ?PR?_SPI_READWRITEBYTE?SPI
            CODE    965EH     001AH     UNIT         ?PR?CARDREADINIT?CARDREAD
            CODE    9678H     0019H     UNIT         ?PR?EXTI_CONFIG?DRIVER
            CODE    9691H     0019H     UNIT         ?PR?RELAYTASK?DRIVER
            CODE    96AAH     0019H     UNIT         ?PR?GSM_HUANGUP?GSM
            CODE    96C3H     0019H     UNIT         ?PR?SHOWUNLOCK?SYSSTRING
            CODE    96DCH     0019H     UNIT         ?PR?UART1CLEAR?UART
            CODE    96F5H     0019H     UNIT         ?PR?UART3CLEAR?UART
            CODE    970EH     0018H     UNIT         ?PR?_LCD_WCMD?LCD12864
            CODE    9726H     0017H     UNIT         ?PR?_NAMEDELALLKEY?NAMELIST
            CODE    973DH     0017H     UNIT         ?PR?_PSWDELALLKEY?UNLOCKPASSWORD
            CODE    9754H     0017H     UNIT         ?PR?_CARDDELALLKEY?CARD
            CODE    976BH     0017H     UNIT         ?CO?CARD
            CODE    9782H     0016H     UNIT         ?PR?_HBSTRLEN?DRIVER
            CODE    9798H     0016H     UNIT         ?PR?_DISPLAYSTRING?LCD12864
            CODE    97AEH     0016H     UNIT         ?PR?DELETEALLNAMECON?NAMELIST
            CODE    97C4H     0016H     UNIT         ?PR?IIC_START?EEPROM
            CODE    97DAH     0016H     UNIT         ?PR?IIC_STOP?EEPROM
            CODE    97F0H     0016H     UNIT         ?PR?DELETEALLPSWCON?UNLOCKPASSWORD
            CODE    9806H     0016H     UNIT         ?PR?DELETEALLCARDCON?CARD
            CODE    981CH     0015H     UNIT         ?PR?SHOWSAVEOK?SYSSTRING
            CODE    9831H     0015H     UNIT         ?PR?SHOWCARDERR?SYSSTRING
            CODE    9846H     0014H     UNIT         ?PR?GETCHAR?GETCHAR
            CODE    985AH     0014H     UNIT         ?PR?_ISSPACE?ISSPACE
            CODE    986EH     0013H     UNIT         ?PR?INITNAMELIST?NAMELIST
            CODE    9881H     0013H     UNIT         ?PR?IIC_AACK?EEPROM
            CODE    9894H     0013H     UNIT         ?PR?INITPSW?UNLOCKPASSWORD
            CODE    98A7H     0013H     UNIT         ?PR?INITCARD?CARD
            CODE    98BAH     0012H     UNIT         ?PR?_DISPLAYICO?LCD12864
            CODE    98CCH     0012H     UNIT         ?PR?_IIC_DELAYMS?EEPROM
            CODE    98DEH     0011H     UNIT         ?PR?_DELNAMEITEMBYROOM?NAMELIST
            CODE    98EFH     0010H     UNIT         ?PR?LCDADDROW?LCD12864
            CODE    98FFH     0010H     UNIT         ?PR?SHOWCONFIRMSAVE?SYSSTRING
            CODE    990FH     0010H     UNIT         ?PR?SHOWCONFIRMDEL?SYSSTRING
            CODE    991FH     0010H     UNIT         ?PR?SHOWERR?SYSSTRING
            CODE    992FH     0010H     UNIT         ?PR?SHOWDELETEOK?SYSSTRING
            CODE    993FH     0010H     UNIT         ?PR?SHOWGSMERR?SYSSTRING
            CODE    994FH     0010H     UNIT         ?PR?SHOWROOMERR?SYSSTRING
            CODE    995FH     0010H     UNIT         ?PR?SHOWRESET?SYSSTRING
            CODE    996FH     000EH     UNIT         ?PR?_PUTCHAR?DRIVER
            CODE    997DH     000AH     UNIT         ?PR?CLEARPSW?UNLOCKPASSWORD
BL51 BANKED LINKER/LOCATER V6.22.2.0                                                  06/09/2022  11:28:18  PAGE 7


            CODE    9987H     000AH     UNIT         ?PR?CLEARCARD?CARD
            CODE    9991H     000AH     UNIT         ?PR?_GETKEY?_GETKEY
            CODE    999BH     0009H     UNIT         ?PR?_SETFLASH?LCD12864
            CODE    99A4H     0008H     UNIT         ?PR?GETCHAR?UNGETCHAR



OVERLAY MAP OF MODULE:   .\Objects\GSM (?C_STARTUP)


SEGMENT                                       BIT_GROUP          DATA_GROUP          XDATA_GROUP
  +--> CALLED SEGMENT                      START    LENGTH     START    LENGTH     START    LENGTH
--------------------------------------------------------------------------------------------------
?C_C51STARTUP                              -----    -----      -----    -----      -----    -----
  +--> ?PR?MAIN?MAIN
  +--> ?C_INITSEG

?PR?MAIN?MAIN                              -----    -----      -----    -----      -----    -----
  +--> ?PR?_DELAY?DRIVER
  +--> ?PR?GPIO_CONFIG?DRIVER
  +--> ?PR?TIMER_CONFIG?DRIVER
  +--> ?PR?UART_CONFIG?DRIVER
  +--> ?PR?EXTI_CONFIG?DRIVER
  +--> ?PR?SPI_CONFIG?AUDIO
  +--> ?PR?PWM_CONFIG?AUDIO
  +--> ?PR?INIT_12864?LCD12864
  +--> ?PR?INITSYSPARA?SYSSTATUS
  +--> ?PR?INITUSERPARA?SYSSTATUS
  +--> ?PR?GSM_STARTINIT?GSM
  +--> ?PR?CARDREADINIT?CARDREAD
  +--> ?PR?SYSIDLECON?SYSSTATUS
  +--> ?PR?WG_READ26?CARDREAD
  +--> ?PR?WG_SEND26?CARDREAD
  +--> ?PR?_REVNAMELIST?NAMELIST
  +--> ?PR?UART1CLEAR?UART
  +--> ?CO?MAIN
  +--> ?PR?PRINTF?PRINTF
  +--> ?PR?_GSMUARTCMD?GSM
  +--> ?PR?UART3CLEAR?UART
  +--> ?PR?WAVREADTASK?AUDIO
  +--> ?PR?_UNLOCK?DRIVER
  +--> ?PR?UARTTASK?UART
  +--> ?PR?KEYSCAN?DRIVER
  +--> ?PR?_BEEP_STARTPLAY?AUDIO
  +--> ?PR?_SYSKEY?SYSSTATUS
  +--> ?PR?SKEYSCAN?DRIVER
  +--> ?PR?CARDMSTASK?CARDREAD
  +--> ?PR?GSM_INITTASK?GSM
  +--> ?PR?FLASHTASK?LCD12864
  +--> ?PR?RELAYTASK?DRIVER
  +--> ?PR?SHOWTALKTIME?SYSSTRING
  +--> ?PR?GSM_HUANGUP?GSM
  +--> ?PR?_SHOWMAIN?SYSSTRING
  +--> ?PR?_NAMEEDITKEY?NAMELIST
  +--> ?PR?_SYSCARD?SYSSTATUS

?PR?GPIO_CONFIG?DRIVER                     -----    -----      -----    -----      107CH    0002H
BL51 BANKED LINKER/LOCATER V6.22.2.0                                                  06/09/2022  11:28:18  PAGE 8


  +--> ?PR?_GPIO_INILIZE?GPIO

?PR?TIMER_CONFIG?DRIVER                    -----    -----      -----    -----      107CH    0008H
  +--> ?PR?_TIMER_INILIZE?TIMER

?PR?UART_CONFIG?DRIVER                     -----    -----      -----    -----      107CH    000CH
  +--> ?PR?_UART_CONFIGURATION?UART
  +--> ?CO?DRIVER
  +--> ?PR?PRINTF?PRINTF
  +--> ?PR?_TX3_WRITE2BUFF?UART

?PR?_UART_CONFIGURATION?UART               -----    -----      -----    -----      1088H    000AH

?PR?PRINTF?PRINTF                          0020H.1  0001H.1    0008H    0005H      1124H    0028H
  +--> ?PR?_PUTCHAR?DRIVER

?PR?_PUTCHAR?DRIVER                        -----    -----      -----    -----      114CH    0001H
  +--> ?PR?_TX1_WRITE2BUFF?UART

?PR?EXTI_CONFIG?DRIVER                     -----    -----      -----    -----      107CH    0003H
  +--> ?PR?_EXT_INILIZE?EXTI

?PR?SPI_CONFIG?AUDIO                       -----    -----      -----    -----      107CH    0009H
  +--> ?PR?_SPI_INIT?SPI

?PR?INIT_12864?LCD12864                    -----    -----      -----    -----      -----    -----
  +--> ?PR?_LCD_WCMD?LCD12864

?PR?_LCD_WCMD?LCD12864                     -----    -----      -----    -----      -----    -----
  +--> ?PR?LCD_BUSY?LCD12864

?PR?LCD_BUSY?LCD12864                      0020H.2  0000H.1    -----    -----      -----    -----

?PR?INITSYSPARA?SYSSTATUS                  0020H.0  0000H.1    -----    -----      -----    -----
  +--> ?PR?_READBUF_AT24C02?EEPROM
  +--> ?PR?_WRITEBUF_AT24C02?EEPROM
  +--> ?CO?SYSSTATUS
  +--> ?PR?PRINTF?PRINTF

?PR?_READBUF_AT24C02?EEPROM                -----    -----      -----    -----      1125H    0008H
  +--> ?PR?IIC_ACK?EEPROM
  +--> ?PR?_IIC_SEND_BYTE?EEPROM
  +--> ?PR?IIC_START?EEPROM
  +--> ?PR?IIC_READ_BYTE?EEPROM
  +--> ?PR?IIC_AACK?EEPROM
  +--> ?PR?IIC_NACK?EEPROM
  +--> ?PR?IIC_STOP?EEPROM

?PR?IIC_ACK?EEPROM                         -----    -----      -----    -----      -----    -----
  +--> ?PR?IIC_START?EEPROM
  +--> ?PR?_IIC_SEND_BYTE?EEPROM

?PR?_WRITEBUF_AT24C02?EEPROM               -----    -----      -----    -----      1125H    0007H
  +--> ?PR?_IIC_SEND_BYTE?EEPROM
  +--> ?PR?IIC_ACK?EEPROM
  +--> ?PR?IIC_STOP?EEPROM
  +--> ?PR?_IIC_DELAYMS?EEPROM
BL51 BANKED LINKER/LOCATER V6.22.2.0                                                  06/09/2022  11:28:18  PAGE 9



?PR?INITUSERPARA?SYSSTATUS                 -----    -----      -----    -----      -----    -----
  +--> ?PR?_READBUF_AT24C02?EEPROM
  +--> ?PR?_WRITEBUF_AT24C02?EEPROM
  +--> ?CO?SYSSTATUS
  +--> ?PR?PRINTF?PRINTF
  +--> ?PR?INITNAMELIST?NAMELIST
  +--> ?PR?INITPSW?UNLOCKPASSWORD
  +--> ?PR?INITCARD?CARD

?PR?INITNAMELIST?NAMELIST                  -----    -----      -----    -----      -----    -----
  +--> ?PR?CLEARNAMELIST?NAMELIST

?PR?CLEARNAMELIST?NAMELIST                 -----    -----      -----    -----      -----    -----
  +--> ?PR?SAVENAMECOUNT?NAMELIST

?PR?SAVENAMECOUNT?NAMELIST                 -----    -----      -----    -----      -----    -----
  +--> ?PR?_WRITEBUF_AT24C02?EEPROM

?PR?INITPSW?UNLOCKPASSWORD                 -----    -----      -----    -----      -----    -----
  +--> ?PR?CLEARPSW?UNLOCKPASSWORD

?PR?CLEARPSW?UNLOCKPASSWORD                -----    -----      -----    -----      -----    -----
  +--> ?PR?SAVEPSWCOUNT?UNLOCKPASSWORD

?PR?SAVEPSWCOUNT?UNLOCKPASSWORD            -----    -----      -----    -----      -----    -----
  +--> ?PR?_WRITEBUF_AT24C02?EEPROM

?PR?INITCARD?CARD                          -----    -----      -----    -----      -----    -----
  +--> ?PR?CLEARCARD?CARD

?PR?CLEARCARD?CARD                         -----    -----      -----    -----      -----    -----
  +--> ?PR?SAVECARDCOUNT?CARD

?PR?SAVECARDCOUNT?CARD                     -----    -----      -----    -----      -----    -----
  +--> ?PR?_WRITEBUF_AT24C02?EEPROM

?PR?GSM_STARTINIT?GSM                      -----    -----      -----    -----      -----    -----
  +--> ?CO?GSM
  +--> ?PR?PRINTF?PRINTF

?PR?SYSIDLECON?SYSSTATUS                   -----    -----      -----    -----      -----    -----
  +--> ?PR?_SHOWMAIN?SYSSTRING

?PR?_SHOWMAIN?SYSSTRING                    -----    -----      -----    -----      1088H    0001H
  +--> ?PR?LCDCLEAR?LCD12864
  +--> ?CO?SYSSTRING
  +--> ?PR?_DISPLAYSTRING?LCD12864
  +--> ?PR?_DISPLAYICO?LCD12864
  +--> ?PR?SHOWGSMCSQ?SYSSTRING

?PR?LCDCLEAR?LCD12864                      -----    -----      -----    -----      -----    -----
  +--> ?PR?_LCD_WCMD?LCD12864
  +--> ?PR?_CLEARBUF?DRIVER
  +--> ?PR?_SETFLASH?LCD12864

?PR?_CLEARBUF?DRIVER                       -----    -----      -----    -----      1124H    0003H
BL51 BANKED LINKER/LOCATER V6.22.2.0                                                  06/09/2022  11:28:18  PAGE 10



?PR?_DISPLAYSTRING?LCD12864                -----    -----      -----    -----      -----    -----
  +--> ?PR?_WRITELCD?LCD12864
  +--> ?PR?_BITBLT?LCD12864

?PR?_WRITELCD?LCD12864                     -----    -----      -----    -----      1124H    0008H
  +--> ?PR?_CHECKUNICODE?LCD12864
  +--> ?PR?LCDADDROW?LCD12864
  +--> ?CO?LCD12864

?PR?_BITBLT?LCD12864                       -----    -----      -----    -----      1124H    0007H
  +--> ?PR?_LCD_WCMD?LCD12864
  +--> ?PR?WAVREADTASK?AUDIO
  +--> ?PR?_LCD_WDAT?LCD12864

?PR?WAVREADTASK?AUDIO                      -----    -----      -----    -----      112BH    0001H
  +--> ?PR?MP3_STOP?AUDIO
  +--> ?PR?_SPI_FLASH_READ?SPI

?PR?_SPI_FLASH_READ?SPI                    -----    -----      -----    -----      112CH    000DH
  +--> ?PR?_DELAY?DRIVER
  +--> ?PR?_SPI_READWRITEBYTE?SPI

?PR?_LCD_WDAT?LCD12864                     -----    -----      -----    -----      -----    -----
  +--> ?PR?LCD_BUSY?LCD12864

?PR?_DISPLAYICO?LCD12864                   -----    -----      -----    -----      -----    -----
  +--> ?PR?_WRITELCDICO?LCD12864
  +--> ?PR?_BITBLT?LCD12864

?PR?_WRITELCDICO?LCD12864                  -----    -----      -----    -----      1089H    0007H
  +--> ?CO?LCD12864

?PR?SHOWGSMCSQ?SYSSTRING                   -----    -----      -----    -----      -----    -----
  +--> ?CO?SYSSTRING
  +--> ?PR?_DISPLAYSTRING?LCD12864

?PR?WG_SEND26?CARDREAD                     -----    -----      -----    -----      107CH    000BH
  +--> ?CO?CARDREAD
  +--> ?PR?PRINTF?PRINTF

?PR?_REVNAMELIST?NAMELIST                  -----    -----      -----    -----      107CH    0059H
  +--> ?CO?NAMELIST
  +--> ?PR?PRINTF?PRINTF
  +--> ?PR?_LOOKFORSTR?DRIVER
  +--> ?PR?SCANF?SCANF
  +--> ?PR?_CLEARBUF?DRIVER
  +--> ?PR?_ADDNAMEITEM?NAMELIST

?PR?_LOOKFORSTR?DRIVER                     -----    -----      -----    -----      10D5H    000AH

?PR?SCANF?SCANF                            0020H.0  0000H.6    0008H    0005H      10D5H    002EH
  +--> ?PR?GETCHAR?UNGETCHAR
  +--> ?PR?_ISSPACE?ISSPACE
  +--> ?PR?GETCHAR?GETCHAR

?PR?GETCHAR?GETCHAR                        -----    -----      -----    -----      -----    -----
BL51 BANKED LINKER/LOCATER V6.22.2.0                                                  06/09/2022  11:28:18  PAGE 11


  +--> ?PR?_GETKEY?_GETKEY
  +--> ?PR?_PUTCHAR?DRIVER

?PR?_ADDNAMEITEM?NAMELIST                  -----    -----      -----    -----      10D5H    0005H
  +--> ?PR?_GETIDXBYROOM?SYSSTATUS
  +--> ?PR?_WRITENAMEITEMBYIDX?NAMELIST
  +--> ?PR?SAVENAMECOUNT?NAMELIST

?PR?_GETIDXBYROOM?SYSSTATUS                -----    -----      -----    -----      10DAH    0007H
  +--> ?PR?_READROOMBYIDX?SYSSTATUS

?PR?_READROOMBYIDX?SYSSTATUS               -----    -----      -----    -----      10E1H    0002H
  +--> ?PR?_READBUF_AT24C02?EEPROM

?PR?_WRITENAMEITEMBYIDX?NAMELIST           -----    -----      -----    -----      1122H    0003H
  +--> ?PR?_WRITEBUF_AT24C02?EEPROM

?PR?UART1CLEAR?UART                        -----    -----      -----    -----      -----    -----
  +--> ?PR?_CLEARBUF?DRIVER

?PR?_GSMUARTCMD?GSM                        -----    -----      -----    -----      107CH    0003H
  +--> ?PR?_PRINTSTRING3?UART
  +--> ?CO?GSM
  +--> ?PR?PRINTF?PRINTF
  +--> ?PR?GSM_REPOWER?GSM
  +--> ?PR?_MODEMRECEIVEHANDLE?GSM

?PR?_PRINTSTRING3?UART                     -----    -----      -----    -----      1099H    0003H
  +--> ?PR?_TX3_WRITE2BUFF?UART

?PR?GSM_REPOWER?GSM                        -----    -----      -----    -----      -----    -----
  +--> ?CO?GSM
  +--> ?PR?_PRINTSTRING3?UART
  +--> ?PR?PRINTF?PRINTF

?PR?_MODEMRECEIVEHANDLE?GSM                -----    -----      -----    -----      107FH    0009H
  +--> ?CO?GSM
  +--> ?PR?_LOOKFORSTR?DRIVER
  +--> ?PR?SHOWGSMERR?SYSSTRING
  +--> ?PR?GSM_REPOWER?GSM
  +--> ?PR?_STRLEN?DRIVER
  +--> ?PR?GSM_HUANGUP?GSM
  +--> ?PR?SCANF?SCANF
  +--> ?PR?PRINTF?PRINTF
  +--> ?PR?_GSM_SETVOLUM?GSM
  +--> ?PR?SYSIDLECON?SYSSTATUS

?PR?SHOWGSMERR?SYSSTRING                   -----    -----      -----    -----      -----    -----
  +--> ?PR?LCDCLEAR?LCD12864
  +--> ?CO?SYSSTRING
  +--> ?PR?_DISPLAYSTRING?LCD12864

?PR?_STRLEN?DRIVER                         -----    -----      -----    -----      1124H    0003H

?PR?GSM_HUANGUP?GSM                        -----    -----      -----    -----      -----    -----
  +--> ?CO?GSM
  +--> ?PR?_PRINTSTRING3?UART
BL51 BANKED LINKER/LOCATER V6.22.2.0                                                  06/09/2022  11:28:18  PAGE 12



?PR?_GSM_SETVOLUM?GSM                      -----    -----      -----    -----      1088H    0001H
  +--> ?CO?GSM
  +--> ?PR?PRINTF?PRINTF

?PR?UART3CLEAR?UART                        -----    -----      -----    -----      -----    -----
  +--> ?PR?_CLEARBUF?DRIVER

?PR?_UNLOCK?DRIVER                         0020H.0  0000H.1    -----    -----      -----    -----
  +--> ?PR?SHOWUNLOCK?SYSSTRING

?PR?SHOWUNLOCK?SYSSTRING                   0020H.1  0000H.1    -----    -----      -----    -----
  +--> ?PR?LCDCLEAR?LCD12864
  +--> ?CO?SYSSTRING
  +--> ?PR?_DISPLAYSTRING?LCD12864
  +--> ?PR?_MP3_STARTPLAY?AUDIO

?PR?_MP3_STARTPLAY?AUDIO                   -----    -----      -----    -----      10D0H    0001H
  +--> ?PR?_DELAY?DRIVER
  +--> ?PR?WAVREADTASK?AUDIO

?PR?UARTTASK?UART                          -----    -----      -----    -----      -----    -----
  +--> ?PR?UART1CLEAR?UART
  +--> ?PR?UART3CLEAR?UART

?PR?KEYSCAN?DRIVER                         -----    -----      -----    -----      107CH    0001H

?PR?_BEEP_STARTPLAY?AUDIO                  -----    -----      -----    -----      -----    -----
  +--> ?PR?KEYBEEPTASK?AUDIO

?PR?KEYBEEPTASK?AUDIO                      -----    -----      -----    -----      -----    -----
  +--> ?CO?AUDIO

?PR?_SYSKEY?SYSSTATUS                      -----    -----      -----    -----      107CH    0001H
  +--> ?PR?_SYSIDLEKEY?SYSSTATUS
  +--> ?PR?_SYSSETTINGKEY?SYSSTATUS
  +--> ?PR?_NAMESETKEY?NAMELIST
  +--> ?PR?_NAMEEDITKEY?NAMELIST
  +--> ?PR?_NAMEDELETEKEY?NAMELIST
  +--> ?PR?_NAMEDELALLKEY?NAMELIST
  +--> ?PR?_PSWSETKEY?UNLOCKPASSWORD
  +--> ?PR?_PSWEDITKEY?UNLOCKPASSWORD
  +--> ?PR?_PSWDELETEKEY?UNLOCKPASSWORD
  +--> ?PR?_PSWDELALLKEY?UNLOCKPASSWORD
  +--> ?PR?_PSWINPUTKEY?UNLOCKPASSWORD
  +--> ?PR?_SYSINPUTROOM?SYSSTATUS
  +--> ?PR?_INPUTSYSPSW?SYSSTATUS
  +--> ?PR?_SYSPSWEDITKEY?UNLOCKPASSWORD
  +--> ?PR?_CARDSETKEY?CARD
  +--> ?PR?_CARDEDITKEY?CARD
  +--> ?PR?_CARDDELETEKEY?CARD
  +--> ?PR?_CARDDELALLKEY?CARD
  +--> ?PR?_SYSTALKKEY?SYSSTATUS
  +--> ?PR?_SYSSUBSETKEY?SYSSTATUS

?PR?_SYSIDLEKEY?SYSSTATUS                  -----    -----      -----    -----      107DH    0001H
  +--> ?PR?SYSIDLECON?SYSSTATUS
BL51 BANKED LINKER/LOCATER V6.22.2.0                                                  06/09/2022  11:28:18  PAGE 13


  +--> ?PR?INPUTPSWCON?UNLOCKPASSWORD
  +--> ?PR?INPUTSYSPSWCON?SYSSTATUS
  +--> ?PR?_SHOWNAMEBYIDX?NAMELIST
  +--> ?PR?_READNAMEITEMBYIDX?NAMELIST
  +--> ?PR?_CALLBYNAMEITEM?NAMELIST
  +--> ?PR?_STRLEN?DRIVER
  +--> ?PR?SHOWERR?SYSSTRING
  +--> ?PR?SHOWGSMERR?SYSSTRING
  +--> ?PR?_INPUTROOMCON?SYSSTATUS

?PR?INPUTPSWCON?UNLOCKPASSWORD             -----    -----      -----    -----      -----    -----
  +--> ?PR?_CLEARBUF?DRIVER
  +--> ?PR?_SHOWPSW?UNLOCKPASSWORD
  +--> ?PR?_MP3_STARTPLAY?AUDIO

?PR?_SHOWPSW?UNLOCKPASSWORD                0020H.0  0000H.1    -----    -----      1084H    0028H
  +--> ?PR?LCDCLEAR?LCD12864
  +--> ?CO?SYSSTRING
  +--> ?PR?_DISPLAYSTRING?LCD12864
  +--> ?CO?UNLOCKPASSWORD
  +--> ?PR?PRINTF?PRINTF
  +--> ?PR?_HBSTRLEN?DRIVER
  +--> ?PR?_STRLEN?DRIVER
  +--> ?PR?_SETFLASH?LCD12864

?PR?INPUTSYSPSWCON?SYSSTATUS               -----    -----      -----    -----      -----    -----
  +--> ?PR?SHOWINPUTPSW?SYSSTATUS
  +--> ?PR?_MP3_STARTPLAY?AUDIO

?PR?SHOWINPUTPSW?SYSSTATUS                 -----    -----      -----    -----      107EH    001EH
  +--> ?PR?LCDCLEAR?LCD12864
  +--> ?CO?SYSSTRING
  +--> ?PR?_DISPLAYSTRING?LCD12864
  +--> ?PR?_HS_STRCPY?DRIVER
  +--> ?PR?_SETFLASH?LCD12864

?PR?_HS_STRCPY?DRIVER                      -----    -----      -----    -----      109CH    0006H

?PR?_SHOWNAMEBYIDX?NAMELIST                -----    -----      -----    -----      107EH    0050H
  +--> ?PR?_READNAMEITEMBYIDX?NAMELIST
  +--> ?PR?_SHOWNAME?NAMELIST

?PR?_READNAMEITEMBYIDX?NAMELIST            -----    -----      -----    -----      1122H    0003H
  +--> ?PR?_READBUF_AT24C02?EEPROM

?PR?_SHOWNAME?NAMELIST                     0020H.0  0000H.1    -----    -----      10D0H    0054H
  +--> ?PR?LCDCLEAR?LCD12864
  +--> ?CO?NAMELIST
  +--> ?CO?SYSSTRING
  +--> ?PR?PRINTF?PRINTF
  +--> ?PR?_DISPLAYSTRING?LCD12864
  +--> ?PR?_STRLEN?DRIVER
  +--> ?PR?_HBSTRLEN?DRIVER
  +--> ?PR?_SETFLASH?LCD12864

?PR?_CALLBYNAMEITEM?NAMELIST               -----    -----      -----    -----      107EH    0018H
  +--> ?PR?_STRLEN?DRIVER
BL51 BANKED LINKER/LOCATER V6.22.2.0                                                  06/09/2022  11:28:18  PAGE 14


  +--> ?PR?_GSM_CALL?GSM
  +--> ?PR?LCDCLEAR?LCD12864
  +--> ?CO?NAMELIST
  +--> ?CO?SYSSTRING
  +--> ?PR?PRINTF?PRINTF
  +--> ?PR?_DISPLAYSTRING?LCD12864

?PR?_GSM_CALL?GSM                          -----    -----      -----    -----      1096H    0003H
  +--> ?CO?GSM
  +--> ?PR?_PRINTSTRING3?UART

?PR?SHOWERR?SYSSTRING                      -----    -----      -----    -----      -----    -----
  +--> ?PR?LCDCLEAR?LCD12864
  +--> ?CO?SYSSTRING
  +--> ?PR?_DISPLAYSTRING?LCD12864

?PR?_INPUTROOMCON?SYSSTATUS                -----    -----      -----    -----      -----    -----
  +--> ?PR?SHOWINPUTROOM?SYSSTATUS
  +--> ?PR?_CLEARBUF?DRIVER
  +--> ?PR?_MP3_STARTPLAY?AUDIO

?PR?SHOWINPUTROOM?SYSSTATUS                -----    -----      -----    -----      107EH    0018H
  +--> ?PR?LCDCLEAR?LCD12864
  +--> ?CO?SYSSTRING
  +--> ?PR?_DISPLAYSTRING?LCD12864
  +--> ?CO?SYSSTATUS
  +--> ?PR?PRINTF?PRINTF
  +--> ?PR?_HBSTRLEN?DRIVER
  +--> ?PR?_STRLEN?DRIVER

?PR?_SYSSETTINGKEY?SYSSTATUS               -----    -----      -----    -----      107DH    0001H
  +--> ?PR?SYSIDLECON?SYSSTATUS
  +--> ?PR?EDITSYSPSWCON?UNLOCKPASSWORD
  +--> ?PR?NAMESETCON?NAMELIST
  +--> ?PR?PSWSETCON?UNLOCKPASSWORD
  +--> ?PR?CARDSETCON?CARD
  +--> ?PR?_SUBSETCON?SYSSTATUS

?PR?EDITSYSPSWCON?UNLOCKPASSWORD           -----    -----      -----    -----      -----    -----
  +--> ?PR?_CLEARBUF?DRIVER
  +--> ?PR?_SHOWPSW?UNLOCKPASSWORD

?PR?NAMESETCON?NAMELIST                    -----    -----      -----    -----      10D0H    000AH
  +--> ?PR?LCDCLEAR?LCD12864
  +--> ?CO?SYSSTRING
  +--> ?PR?_DISPLAYSTRING?LCD12864
  +--> ?CO?NAMELIST
  +--> ?PR?PRINTF?PRINTF
  +--> ?PR?_HBSTRLEN?DRIVER
  +--> ?PR?_STRLEN?DRIVER

?PR?PSWSETCON?UNLOCKPASSWORD               -----    -----      -----    -----      1084H    000AH
  +--> ?PR?LCDCLEAR?LCD12864
  +--> ?CO?SYSSTRING
  +--> ?PR?_DISPLAYSTRING?LCD12864
  +--> ?CO?UNLOCKPASSWORD
  +--> ?PR?PRINTF?PRINTF
BL51 BANKED LINKER/LOCATER V6.22.2.0                                                  06/09/2022  11:28:18  PAGE 15


  +--> ?PR?_HBSTRLEN?DRIVER
  +--> ?PR?_STRLEN?DRIVER

?PR?CARDSETCON?CARD                        -----    -----      -----    -----      1080H    000AH
  +--> ?PR?LCDCLEAR?LCD12864
  +--> ?CO?SYSSTRING
  +--> ?PR?_DISPLAYSTRING?LCD12864
  +--> ?CO?CARD
  +--> ?PR?PRINTF?PRINTF
  +--> ?PR?_HBSTRLEN?DRIVER
  +--> ?PR?_STRLEN?DRIVER

?PR?_SUBSETCON?SYSSTATUS                   -----    -----      -----    -----      -----    -----
  +--> ?PR?SHOWSUBPARA?SYSSTATUS

?PR?SHOWSUBPARA?SYSSTATUS                  -----    -----      -----    -----      107EH    0018H
  +--> ?PR?LCDCLEAR?LCD12864
  +--> ?CO?SYSSTATUS
  +--> ?CO?SYSSTRING
  +--> ?PR?PRINTF?PRINTF
  +--> ?PR?_DISPLAYSTRING?LCD12864
  +--> ?PR?_STRLEN?DRIVER

?PR?_NAMESETKEY?NAMELIST                   -----    -----      -----    -----      -----    -----
  +--> ?PR?EDITNAMEITEMCON?NAMELIST
  +--> ?PR?DELETENAMECON?NAMELIST
  +--> ?PR?DELETEALLNAMECON?NAMELIST
  +--> ?PR?SYSSETTINGCON?SYSSTATUS

?PR?EDITNAMEITEMCON?NAMELIST               -----    -----      -----    -----      -----    -----
  +--> ?PR?_CLEARBUF?DRIVER
  +--> ?PR?_SHOWNAME?NAMELIST

?PR?DELETENAMECON?NAMELIST                 -----    -----      -----    -----      -----    -----
  +--> ?PR?_CLEARBUF?DRIVER
  +--> ?PR?_SHOWNAME?NAMELIST

?PR?DELETEALLNAMECON?NAMELIST              -----    -----      -----    -----      -----    -----
  +--> ?PR?LCDCLEAR?LCD12864
  +--> ?CO?SYSSTRING
  +--> ?PR?_DISPLAYSTRING?LCD12864

?PR?SYSSETTINGCON?SYSSTATUS                -----    -----      -----    -----      -----    -----
  +--> ?PR?LCDCLEAR?LCD12864
  +--> ?CO?SYSSTRING
  +--> ?PR?_DISPLAYSTRING?LCD12864
  +--> ?PR?_DISPLAYICO?LCD12864

?PR?_NAMEEDITKEY?NAMELIST                  -----    -----      -----    -----      107DH    0001H
  +--> ?PR?_CLEARBUF?DRIVER
  +--> ?PR?_STRLEN?DRIVER
  +--> ?PR?_ADDNAMEITEM?NAMELIST
  +--> ?PR?SHOWSAVEOK?SYSSTRING
  +--> ?PR?SHOWERR?SYSSTRING
  +--> ?PR?NAMEEDITCHAGETYPE?NAMELIST
  +--> ?PR?NAMESETCON?NAMELIST
  +--> ?PR?_HBSTRLEN?DRIVER
BL51 BANKED LINKER/LOCATER V6.22.2.0                                                  06/09/2022  11:28:18  PAGE 16


  +--> ?CO?SYSSTRING
  +--> ?CO?NAMELIST
  +--> ?PR?_SHOWNAME?NAMELIST

?PR?SHOWSAVEOK?SYSSTRING                   -----    -----      -----    -----      -----    -----
  +--> ?PR?LCDCLEAR?LCD12864
  +--> ?CO?SYSSTRING
  +--> ?PR?_DISPLAYSTRING?LCD12864
  +--> ?PR?_MP3_STARTPLAY?AUDIO

?PR?NAMEEDITCHAGETYPE?NAMELIST             -----    -----      -----    -----      107EH    0052H
  +--> ?PR?_GETNAMEITEMBYROOM?NAMELIST
  +--> ?PR?_HS_MEMCPY?DRIVER
  +--> ?PR?_STRLEN?DRIVER
  +--> ?PR?SHOWCONFIRMSAVE?SYSSTRING

?PR?_GETNAMEITEMBYROOM?NAMELIST            -----    -----      -----    -----      10D0H    0005H
  +--> ?PR?_GETIDXBYROOM?SYSSTATUS
  +--> ?PR?_READNAMEITEMBYIDX?NAMELIST

?PR?_HS_MEMCPY?DRIVER                      -----    -----      -----    -----      10D0H    0008H

?PR?SHOWCONFIRMSAVE?SYSSTRING              -----    -----      -----    -----      -----    -----
  +--> ?PR?LCDCLEAR?LCD12864
  +--> ?CO?SYSSTRING
  +--> ?PR?_DISPLAYSTRING?LCD12864

?PR?_NAMEDELETEKEY?NAMELIST                -----    -----      -----    -----      107DH    0053H
  +--> ?PR?_CLEARBUF?DRIVER
  +--> ?PR?_DELNAMEITEMBYROOM?NAMELIST
  +--> ?PR?SHOWSAVEOK?SYSSTRING
  +--> ?PR?_GETNAMEITEMBYROOM?NAMELIST
  +--> ?PR?_HS_MEMCPY?DRIVER
  +--> ?PR?_STRLEN?DRIVER
  +--> ?PR?SHOWCONFIRMDEL?SYSSTRING
  +--> ?PR?NAMESETCON?NAMELIST
  +--> ?PR?_SHOWNAME?NAMELIST

?PR?_DELNAMEITEMBYROOM?NAMELIST            -----    -----      -----    -----      -----    -----
  +--> ?PR?_GETIDXBYROOM?SYSSTATUS
  +--> ?PR?_DELNAMEITEMBYIDX?NAMELIST

?PR?_DELNAMEITEMBYIDX?NAMELIST             -----    -----      -----    -----      10D0H    0052H
  +--> ?PR?SAVENAMECOUNT?NAMELIST
  +--> ?PR?_READNAMEITEMBYIDX?NAMELIST
  +--> ?PR?_WRITENAMEITEMBYIDX?NAMELIST

?PR?SHOWCONFIRMDEL?SYSSTRING               -----    -----      -----    -----      -----    -----
  +--> ?PR?LCDCLEAR?LCD12864
  +--> ?CO?SYSSTRING
  +--> ?PR?_DISPLAYSTRING?LCD12864

?PR?_NAMEDELALLKEY?NAMELIST                -----    -----      -----    -----      -----    -----
  +--> ?PR?CLEARNAMELIST?NAMELIST
  +--> ?PR?SHOWDELETEOK?SYSSTRING
  +--> ?PR?NAMESETCON?NAMELIST

BL51 BANKED LINKER/LOCATER V6.22.2.0                                                  06/09/2022  11:28:18  PAGE 17


?PR?SHOWDELETEOK?SYSSTRING                 -----    -----      -----    -----      -----    -----
  +--> ?PR?LCDCLEAR?LCD12864
  +--> ?CO?SYSSTRING
  +--> ?PR?_DISPLAYSTRING?LCD12864

?PR?_PSWSETKEY?UNLOCKPASSWORD              -----    -----      -----    -----      -----    -----
  +--> ?PR?EDITPSWCON?UNLOCKPASSWORD
  +--> ?PR?DELETEPSWCON?UNLOCKPASSWORD
  +--> ?PR?DELETEALLPSWCON?UNLOCKPASSWORD
  +--> ?PR?SYSSETTINGCON?SYSSTATUS

?PR?EDITPSWCON?UNLOCKPASSWORD              -----    -----      -----    -----      -----    -----
  +--> ?PR?_CLEARBUF?DRIVER
  +--> ?PR?_SHOWPSW?UNLOCKPASSWORD

?PR?DELETEPSWCON?UNLOCKPASSWORD            -----    -----      -----    -----      -----    -----
  +--> ?PR?_CLEARBUF?DRIVER
  +--> ?PR?_SHOWPSW?UNLOCKPASSWORD

?PR?DELETEALLPSWCON?UNLOCKPASSWORD         -----    -----      -----    -----      -----    -----
  +--> ?PR?LCDCLEAR?LCD12864
  +--> ?CO?SYSSTRING
  +--> ?PR?_DISPLAYSTRING?LCD12864

?PR?_PSWEDITKEY?UNLOCKPASSWORD             -----    -----      -----    -----      107DH    0007H
  +--> ?PR?_CLEARBUF?DRIVER
  +--> ?PR?_ADDPSWITEM?UNLOCKPASSWORD
  +--> ?PR?SHOWSAVEOK?SYSSTRING
  +--> ?PR?SHOWERR?SYSSTRING
  +--> ?PR?SHOWCONFIRMSAVE?SYSSTRING
  +--> ?PR?PSWSETCON?UNLOCKPASSWORD
  +--> ?PR?_SHOWPSW?UNLOCKPASSWORD

?PR?_ADDPSWITEM?UNLOCKPASSWORD             -----    -----      -----    -----      1084H    0005H
  +--> ?PR?_GETIDXBYROOM?SYSSTATUS
  +--> ?CO?UNLOCKPASSWORD
  +--> ?PR?PRINTF?PRINTF
  +--> ?PR?_WRITEPSWBYIDX?UNLOCKPASSWORD
  +--> ?PR?SAVEPSWCOUNT?UNLOCKPASSWORD

?PR?_WRITEPSWBYIDX?UNLOCKPASSWORD          -----    -----      -----    -----      -----    -----
  +--> ?PR?_WRITEBUF_AT24C02?EEPROM

?PR?_PSWDELETEKEY?UNLOCKPASSWORD           -----    -----      -----    -----      107DH    0003H
  +--> ?PR?_CLEARBUF?DRIVER
  +--> ?PR?_DELPSWBYROOM?UNLOCKPASSWORD
  +--> ?PR?SHOWDELETEOK?SYSSTRING
  +--> ?PR?SHOWCONFIRMDEL?SYSSTRING
  +--> ?PR?PSWSETCON?UNLOCKPASSWORD
  +--> ?PR?_SHOWPSW?UNLOCKPASSWORD

?PR?_DELPSWBYROOM?UNLOCKPASSWORD           -----    -----      -----    -----      1080H    0002H
  +--> ?PR?_DELPSWBYIDX?UNLOCKPASSWORD
  +--> ?PR?_GETIDXBYROOM?SYSSTATUS

?PR?_DELPSWBYIDX?UNLOCKPASSWORD            -----    -----      -----    -----      1082H    0006H
  +--> ?PR?SAVEPSWCOUNT?UNLOCKPASSWORD
BL51 BANKED LINKER/LOCATER V6.22.2.0                                                  06/09/2022  11:28:18  PAGE 18


  +--> ?PR?_READPSWBYIDX?UNLOCKPASSWORD
  +--> ?PR?_WRITEPSWBYIDX?UNLOCKPASSWORD

?PR?_READPSWBYIDX?UNLOCKPASSWORD           -----    -----      -----    -----      -----    -----
  +--> ?PR?_READBUF_AT24C02?EEPROM

?PR?_PSWDELALLKEY?UNLOCKPASSWORD           -----    -----      -----    -----      -----    -----
  +--> ?PR?CLEARPSW?UNLOCKPASSWORD
  +--> ?PR?SHOWDELETEOK?SYSSTRING
  +--> ?PR?PSWSETCON?UNLOCKPASSWORD

?PR?_PSWINPUTKEY?UNLOCKPASSWORD            -----    -----      -----    -----      107DH    0001H
  +--> ?PR?SYSIDLECON?SYSSTATUS
  +--> ?PR?_CHECKPSW?UNLOCKPASSWORD
  +--> ?PR?_UNLOCK?DRIVER
  +--> ?PR?SHOWERR?SYSSTRING
  +--> ?PR?_MP3_STARTPLAY?AUDIO
  +--> ?PR?_SHOWPSW?UNLOCKPASSWORD

?PR?_CHECKPSW?UNLOCKPASSWORD               -----    -----      -----    -----      107EH    0008H
  +--> ?CO?UNLOCKPASSWORD
  +--> ?PR?PRINTF?PRINTF
  +--> ?PR?_READPSWBYIDX?UNLOCKPASSWORD

?PR?_SYSINPUTROOM?SYSSTATUS                -----    -----      -----    -----      107DH    0001H
  +--> ?PR?_GETNAMEITEMBYROOM?NAMELIST
  +--> ?PR?_CALLBYNAMEITEM?NAMELIST
  +--> ?PR?_STRLEN?DRIVER
  +--> ?PR?SHOWERR?SYSSTRING
  +--> ?PR?SHOWGSMERR?SYSSTRING
  +--> ?PR?SHOWROOMERR?SYSSTRING
  +--> ?PR?_MP3_STARTPLAY?AUDIO
  +--> ?PR?SHOWINPUTROOM?SYSSTATUS
  +--> ?PR?MP3_STOP?AUDIO
  +--> ?PR?SYSIDLECON?SYSSTATUS

?PR?SHOWROOMERR?SYSSTRING                  -----    -----      -----    -----      -----    -----
  +--> ?PR?LCDCLEAR?LCD12864
  +--> ?CO?SYSSTRING
  +--> ?PR?_DISPLAYSTRING?LCD12864

?PR?_INPUTSYSPSW?SYSSTATUS                 -----    -----      -----    -----      107DH    0001H
  +--> ?PR?SYSSETTINGCON?SYSSTATUS
  +--> ?PR?SHOWERR?SYSSTRING
  +--> ?PR?_MP3_STARTPLAY?AUDIO
  +--> ?PR?SHOWINPUTPSW?SYSSTATUS
  +--> ?PR?MP3_STOP?AUDIO
  +--> ?PR?SYSIDLECON?SYSSTATUS

?PR?_SYSPSWEDITKEY?UNLOCKPASSWORD          -----    -----      -----    -----      107DH    0001H
  +--> ?PR?_CLEARBUF?DRIVER
  +--> ?PR?SAVESYSPSW?UNLOCKPASSWORD
  +--> ?PR?SHOWSAVEOK?SYSSTRING
  +--> ?PR?SHOWERR?SYSSTRING
  +--> ?PR?SHOWCONFIRMSAVE?SYSSTRING
  +--> ?PR?SYSSETTINGCON?SYSSTATUS
  +--> ?PR?_SHOWPSW?UNLOCKPASSWORD
BL51 BANKED LINKER/LOCATER V6.22.2.0                                                  06/09/2022  11:28:18  PAGE 19



?PR?SAVESYSPSW?UNLOCKPASSWORD              -----    -----      -----    -----      -----    -----
  +--> ?PR?_WRITEBUF_AT24C02?EEPROM

?PR?_CARDSETKEY?CARD                       -----    -----      -----    -----      -----    -----
  +--> ?PR?EDITCARDCON?CARD
  +--> ?PR?DELETECARDCON?CARD
  +--> ?PR?DELETEALLCARDCON?CARD
  +--> ?PR?SYSSETTINGCON?SYSSTATUS

?PR?EDITCARDCON?CARD                       -----    -----      -----    -----      -----    -----
  +--> ?PR?_CLEARBUF?DRIVER
  +--> ?PR?_SHOWCARD?CARD

?PR?_SHOWCARD?CARD                         0020H.0  0000H.1    -----    -----      1082H    0043H
  +--> ?PR?LCDCLEAR?LCD12864
  +--> ?CO?SYSSTRING
  +--> ?PR?_DISPLAYSTRING?LCD12864
  +--> ?CO?CARD
  +--> ?PR?PRINTF?PRINTF
  +--> ?PR?_HBSTRLEN?DRIVER
  +--> ?PR?_STRLEN?DRIVER
  +--> ?PR?_SETFLASH?LCD12864
  +--> ?PR?_MEMISEMPTY?DRIVER

?PR?_MEMISEMPTY?DRIVER                     -----    -----      -----    -----      10C5H    0003H

?PR?DELETECARDCON?CARD                     -----    -----      -----    -----      -----    -----
  +--> ?PR?_CLEARBUF?DRIVER
  +--> ?PR?_MEMISEMPTY?DRIVER
  +--> ?PR?_SHOWCARD?CARD

?PR?DELETEALLCARDCON?CARD                  -----    -----      -----    -----      -----    -----
  +--> ?PR?LCDCLEAR?LCD12864
  +--> ?CO?SYSSTRING
  +--> ?PR?_DISPLAYSTRING?LCD12864

?PR?_CARDEDITKEY?CARD                      -----    -----      -----    -----      107DH    0003H
  +--> ?PR?_CLEARBUF?DRIVER
  +--> ?PR?_MEMISEMPTY?DRIVER
  +--> ?PR?_ADDCARDITEM?CARD
  +--> ?PR?SHOWSAVEOK?SYSSTRING
  +--> ?PR?SHOWERR?SYSSTRING
  +--> ?PR?SHOWCONFIRMSAVE?SYSSTRING
  +--> ?PR?CARDSETCON?CARD
  +--> ?PR?_SHOWCARD?CARD

?PR?_ADDCARDITEM?CARD                      -----    -----      -----    -----      1080H    000BH
  +--> ?PR?_READCARDBYIDX?CARD
  +--> ?PR?_WRITECARDBYIDX?CARD
  +--> ?PR?SAVECARDCOUNT?CARD

?PR?_READCARDBYIDX?CARD                    -----    -----      -----    -----      108EH    0003H
  +--> ?PR?_READBUF_AT24C02?EEPROM

?PR?_WRITECARDBYIDX?CARD                   -----    -----      -----    -----      108BH    0003H
  +--> ?PR?_WRITEBUF_AT24C02?EEPROM
BL51 BANKED LINKER/LOCATER V6.22.2.0                                                  06/09/2022  11:28:18  PAGE 20



?PR?_CARDDELETEKEY?CARD                    -----    -----      -----    -----      107DH    0003H
  +--> ?PR?_CLEARBUF?DRIVER
  +--> ?PR?_MEMISEMPTY?DRIVER
  +--> ?PR?_DELCARDBYCARD?CARD
  +--> ?PR?_DELCARDBYROOM?CARD
  +--> ?PR?SHOWDELETEOK?SYSSTRING
  +--> ?PR?SHOWCONFIRMDEL?SYSSTRING
  +--> ?PR?CARDSETCON?CARD
  +--> ?PR?_SHOWCARD?CARD

?PR?_DELCARDBYCARD?CARD                    -----    -----      -----    -----      1080H    0003H
  +--> ?PR?_DELCARDBYIDX?CARD
  +--> ?PR?_CHECKCARD?CARD

?PR?_DELCARDBYIDX?CARD                     -----    -----      -----    -----      1083H    0008H
  +--> ?PR?SAVECARDCOUNT?CARD
  +--> ?PR?_READCARDBYIDX?CARD
  +--> ?PR?_WRITECARDBYIDX?CARD

?PR?_CHECKCARD?CARD                        -----    -----      -----    -----      1083H    000BH
  +--> ?PR?_READCARDBYIDX?CARD
  +--> ?CO?CARD
  +--> ?PR?PRINTF?PRINTF

?PR?_DELCARDBYROOM?CARD                    -----    -----      -----    -----      1080H    0002H
  +--> ?PR?_DELCARDBYIDX?CARD
  +--> ?PR?_GETIDXBYROOM?SYSSTATUS

?PR?_CARDDELALLKEY?CARD                    -----    -----      -----    -----      -----    -----
  +--> ?PR?CLEARCARD?CARD
  +--> ?PR?SHOWDELETEOK?SYSSTRING
  +--> ?PR?CARDSETCON?CARD

?PR?_SYSTALKKEY?SYSSTATUS                  -----    -----      -----    -----      107DH    0001H
  +--> ?PR?_GSM_SEND_DTMF?GSM
  +--> ?PR?GSM_HUANGUP?GSM
  +--> ?PR?SYSIDLECON?SYSSTATUS
  +--> ?PR?_GSM_SETVOLUM?GSM

?PR?_GSM_SEND_DTMF?GSM                     -----    -----      -----    -----      107EH    000EH
  +--> ?CO?GSM
  +--> ?PR?_PRINTSTRING3?UART

?PR?_SYSSUBSETKEY?SYSSTATUS                -----    -----      -----    -----      107DH    0001H
  +--> ?PR?SHOWSUBPARA?SYSSTATUS
  +--> ?PR?_SAVESUBPARA?SYSSTATUS
  +--> ?PR?SYSSETTINGCON?SYSSTATUS

?PR?_SAVESUBPARA?SYSSTATUS                 -----    -----      -----    -----      107EH    0002H
  +--> ?PR?_WRITEBUF_AT24C02?EEPROM
  +--> ?PR?SHOWSAVEOK?SYSSTRING

?PR?SKEYSCAN?DRIVER                        -----    -----      -----    -----      -----    -----
  +--> ?PR?_UNLOCK?DRIVER
  +--> ?CO?DRIVER
  +--> ?PR?PRINTF?PRINTF
BL51 BANKED LINKER/LOCATER V6.22.2.0                                                  06/09/2022  11:28:18  PAGE 21


  +--> ?PR?INITSYSPARA?SYSSTATUS
  +--> ?PR?SHOWRESET?SYSSTRING

?PR?SHOWRESET?SYSSTRING                    -----    -----      -----    -----      -----    -----
  +--> ?PR?LCDCLEAR?LCD12864
  +--> ?CO?SYSSTRING
  +--> ?PR?_DISPLAYSTRING?LCD12864

?PR?GSM_INITTASK?GSM                       -----    -----      -----    -----      -----    -----
  +--> ?PR?GSM_STARTINIT?GSM
  +--> ?CO?GSM
  +--> ?PR?PRINTF?PRINTF
  +--> ?PR?_PRINTSTRING3?UART
  +--> ?PR?GSM_REPOWER?GSM
  +--> ?PR?GSM_GETCSQ?GSM
  +--> ?PR?GSM_HUANGUP?GSM
  +--> ?PR?_STRLEN?DRIVER
  +--> ?PR?SHOWERR?SYSSTRING
  +--> ?PR?_GSM_SETVOLUM?GSM
  +--> ?PR?_CALLBYNAMEITEM?NAMELIST
  +--> ?PR?SYSIDLECON?SYSSTATUS

?PR?GSM_GETCSQ?GSM                         -----    -----      -----    -----      -----    -----
  +--> ?CO?GSM
  +--> ?PR?PRINTF?PRINTF

?PR?FLASHTASK?LCD12864                     -----    -----      -----    -----      -----    -----
  +--> ?PR?_DISPLAYFL?LCD12864

?PR?_DISPLAYFL?LCD12864                    0020H.0  0000H.1    -----    -----      -----    -----
  +--> ?PR?_LCD_WCMD?LCD12864
  +--> ?PR?_LCD_WDAT?LCD12864

?PR?SHOWTALKTIME?SYSSTRING                 -----    -----      -----    -----      -----    -----
  +--> ?PR?LCDCLEAR?LCD12864
  +--> ?CO?SYSSTRING
  +--> ?PR?_DISPLAYSTRING?LCD12864
  +--> ?PR?PRINTF?PRINTF

?PR?_SYSCARD?SYSSTATUS                     -----    -----      -----    -----      107CH    0003H
  +--> ?PR?_CARDEDITCARDIN?CARD
  +--> ?PR?_CHECKCARD?CARD
  +--> ?PR?_UNLOCK?DRIVER
  +--> ?PR?SHOWCARDERR?SYSSTRING

?PR?_CARDEDITCARDIN?CARD                   -----    -----      -----    -----      107FH    0003H
  +--> ?PR?_HS_MEMCPY?DRIVER
  +--> ?PR?_SHOWCARD?CARD

?PR?SHOWCARDERR?SYSSTRING                  -----    -----      -----    -----      -----    -----
  +--> ?PR?LCDCLEAR?LCD12864
  +--> ?CO?SYSSTRING
  +--> ?PR?_DISPLAYSTRING?LCD12864
  +--> ?PR?_MP3_STARTPLAY?AUDIO

?C_INITSEG                                 -----    -----      -----    -----      -----    -----
  +--> ?CO?GSM
BL51 BANKED LINKER/LOCATER V6.22.2.0                                                  06/09/2022  11:28:18  PAGE 22


  +--> ?PR?_ATCMDCB_AT?GSM
  +--> ?PR?_ATCMDCB_CPIN?GSM
  +--> ?PR?_ATCMDCB_CREG?GSM
  +--> ?PR?_ATCMDCB_CSQ?GSM

?PR?_ATCMDCB_AT?GSM                        -----    -----      -----    -----      -----    -----
  +--> ?CO?GSM
  +--> ?PR?_LOOKFORSTR?DRIVER

?PR?_ATCMDCB_CPIN?GSM                      -----    -----      -----    -----      107CH    0009H
  +--> ?CO?GSM
  +--> ?PR?_LOOKFORSTR?DRIVER
  +--> ?PR?_STRLEN?DRIVER
  +--> ?PR?SCANF?SCANF
  +--> ?PR?PRINTF?PRINTF

?PR?_ATCMDCB_CREG?GSM                      -----    -----      -----    -----      107CH    0009H
  +--> ?CO?GSM
  +--> ?PR?_LOOKFORSTR?DRIVER
  +--> ?PR?_STRLEN?DRIVER
  +--> ?PR?SCANF?SCANF
  +--> ?PR?PRINTF?PRINTF

?PR?_ATCMDCB_CSQ?GSM                       -----    -----      -----    -----      107CH    0009H
  +--> ?CO?GSM
  +--> ?PR?_LOOKFORSTR?DRIVER
  +--> ?PR?_STRLEN?DRIVER
  +--> ?PR?SCANF?SCANF
  +--> ?PR?PRINTF?PRINTF

*** NEW ROOT ***************************************************

?PR?TIMER0_INT?TIMER                       -----    -----      -----    -----      -----    -----
  +--> ?PR?KEYBEEPTASK?AUDIO

*** NEW ROOT ***************************************************

?PR?TIMER4_INT?TIMER                       -----    -----      -----    -----      -----    -----
  +--> ?PR?PWMTASK?AUDIO



UNRESOLVED EXTERNAL SYMBOLS:
   CARDIRQ



SYMBOL TABLE OF MODULE:  .\Objects\GSM (?C_STARTUP)

  VALUE           TYPE          NAME
  ----------------------------------

  -------         MODULE        ?C_STARTUP
  C:7C2DH         SEGMENT       ?C_C51STARTUP
  I:0024H         SEGMENT       ?STACK
  C:0000H         PUBLIC        ?C_STARTUP
  D:00E0H         SYMBOL        ACC
BL51 BANKED LINKER/LOCATER V6.22.2.0                                                  06/09/2022  11:28:18  PAGE 23


  D:00F0H         SYMBOL        B
  D:0083H         SYMBOL        DPH
  D:0082H         SYMBOL        DPL
  N:0000H         SYMBOL        IBPSTACK
  N:0100H         SYMBOL        IBPSTACKTOP
  N:0080H         SYMBOL        IDATALEN
  C:7C30H         SYMBOL        IDATALOOP
  N:0000H         SYMBOL        PBPSTACK
  N:0100H         SYMBOL        PBPSTACKTOP
  N:0000H         SYMBOL        PDATALEN
  N:0000H         SYMBOL        PDATASTART
  N:0000H         SYMBOL        PPAGE
  N:0000H         SYMBOL        PPAGEENABLE
  D:00A0H         SYMBOL        PPAGE_SFR
  D:0081H         SYMBOL        SP
  C:7C2DH         SYMBOL        STARTUP1
  N:0000H         SYMBOL        XBPSTACK
  N:0000H         SYMBOL        XBPSTACKTOP
  N:0000H         SYMBOL        XDATALEN
  N:0000H         SYMBOL        XDATASTART
  C:0000H         LINE#         126
  C:7C2DH         LINE#         133
  C:7C2FH         LINE#         134
  C:7C30H         LINE#         135
  C:7C31H         LINE#         136
  C:7C33H         LINE#         185
  C:7C36H         LINE#         196
  -------         ENDMOD        ?C_STARTUP

  -------         MODULE        MAIN
  C:0000H         SYMBOL        _ICE_DUMMY_
  D:0080H         PUBLIC        P0
  D:0090H         PUBLIC        P1
  D:00A0H         PUBLIC        P2
  D:00B0H         PUBLIC        P3
  D:00C0H         PUBLIC        P4
  D:00C8H         PUBLIC        P5
  B:00A8H.7       PUBLIC        EA
  D:00E8H         PUBLIC        P6
  D:00F8H         PUBLIC        P7
  D:00A8H         PUBLIC        IE
  X:13ADH         PUBLIC        MainTime
  D:00B8H         PUBLIC        IP
  D:00D8H         PUBLIC        CCON
  C:4C48H         PUBLIC        main
  B:0080H.1       PUBLIC        P01
  B:00C0H.0       PUBLIC        P40
  D:0098H         PUBLIC        SCON
  D:0088H         PUBLIC        TCON
  D:00F0H         PUBLIC        B
  D:00E0H         PUBLIC        ACC
  X:13AFH         PUBLIC        UsrKey
  D:00D0H         PUBLIC        PSW
  -------         PROC          MAIN
  C:4C48H         LINE#         18
  C:4C48H         LINE#         19
  C:4C48H         LINE#         20
BL51 BANKED LINKER/LOCATER V6.22.2.0                                                  06/09/2022  11:28:18  PAGE 24


  C:4C4FH         LINE#         21
  C:4C51H         LINE#         22
  C:4C54H         LINE#         23
  C:4C57H         LINE#         24
  C:4C5AH         LINE#         25
  C:4C5DH         LINE#         26
  C:4C60H         LINE#         28
  C:4C63H         LINE#         29
  C:4C66H         LINE#         31
  C:4C6DH         LINE#         32
  C:4C70H         LINE#         33
  C:4C72H         LINE#         34
  C:4C79H         LINE#         35
  C:4C7EH         LINE#         36
  C:4C81H         LINE#         37
  C:4C88H         LINE#         38
  C:4C8BH         LINE#         39
  C:4C8EH         LINE#         40
  C:4C91H         LINE#         45
  C:4C91H         LINE#         46
  C:4C91H         LINE#         47
  C:4C94H         LINE#         48
  C:4C97H         LINE#         49
  C:4C9DH         LINE#         50
  C:4C9DH         LINE#         52
  C:4CA6H         LINE#         53
  C:4CA9H         LINE#         54
  C:4CA9H         LINE#         55
  C:4CAFH         LINE#         56
  C:4CAFH         LINE#         57
  C:4CC6H         LINE#         58
  C:4CD7H         LINE#         59
  C:4CDAH         LINE#         60
  C:4CDAH         LINE#         69
  C:4CDDH         LINE#         71
  C:4CE4H         LINE#         72
  C:4CE4H         LINE#         73
  C:4CF1H         LINE#         74
  C:4CFDH         LINE#         75
  C:4CFDH         LINE#         76
  C:4D09H         LINE#         77
  C:4D09H         LINE#         78
  C:4D15H         LINE#         79
  C:4D15H         LINE#         80
  C:4D21H         LINE#         81
  C:4D21H         LINE#         82
  C:4D26H         LINE#         83
  C:4D26H         LINE#         84
  C:4D2CH         LINE#         85
  C:4D2CH         LINE#         86
  C:4D2EH         LINE#         88
  C:4D31H         LINE#         89
  C:4D39H         LINE#         90
  C:4D3CH         LINE#         91
  C:4D3CH         LINE#         94
  C:4D41H         LINE#         98
  C:4D52H         LINE#         99
BL51 BANKED LINKER/LOCATER V6.22.2.0                                                  06/09/2022  11:28:18  PAGE 25


  C:4D5AH         LINE#         100
  C:4D5AH         LINE#         101
  C:4D5DH         LINE#         103
  C:4D60H         LINE#         104
  C:4D63H         LINE#         105
  C:4D66H         LINE#         106
  C:4D7EH         LINE#         107
  C:4D7EH         LINE#         109
  C:4D85H         LINE#         110
  C:4D87H         LINE#         111
  C:4D8AH         LINE#         112
  C:4DA8H         LINE#         113
  C:4DA8H         LINE#         114
  C:4DB6H         LINE#         115
  C:4DB6H         LINE#         116
  C:4DB9H         LINE#         117
  C:4DB9H         LINE#         118
  C:4DB9H         LINE#         119
  C:4DC0H         LINE#         120
  C:4DC0H         LINE#         121
  C:4DC3H         LINE#         123
  C:4DDBH         LINE#         124
  C:4DDBH         LINE#         125
  C:4DDEH         LINE#         126
  C:4DE1H         LINE#         127
  C:4DE1H         LINE#         128
  C:4DE1H         LINE#         130
  C:4DE7H         LINE#         131
  C:4DEFH         LINE#         132
  C:4E0CH         LINE#         133
  C:4E0CH         LINE#         134
  C:4E14H         LINE#         135
  C:4E14H         LINE#         145
  C:4E14H         LINE#         147
  C:4E2AH         LINE#         148
  C:4E2AH         LINE#         149
  C:4E38H         LINE#         150
  C:4E3FH         LINE#         151
  C:4E3FH         LINE#         152
  C:4E44H         LINE#         153
  C:4E44H         LINE#         154
  C:4E44H         LINE#         156
  C:4E44H         LINE#         158
  C:4E4EH         LINE#         159
  C:4E4EH         LINE#         164
  C:4E50H         LINE#         165
  C:4E50H         LINE#         169
  C:4E56H         LINE#         170
  C:4E56H         LINE#         173
  C:4E59H         LINE#         174
  C:4E59H         LINE#         176
  C:4E5EH         LINE#         180
  C:4E67H         LINE#         181
  C:4E67H         LINE#         182
  C:4E6AH         LINE#         183
  C:4E6AH         LINE#         184
  -------         ENDPROC       MAIN
BL51 BANKED LINKER/LOCATER V6.22.2.0                                                  06/09/2022  11:28:18  PAGE 26


  -------         ENDMOD        MAIN

  -------         MODULE        DRIVER
  C:0000H         SYMBOL        _ICE_DUMMY_
  D:0080H         PUBLIC        P0
  D:0090H         PUBLIC        P1
  D:00A0H         PUBLIC        P2
  D:00B0H         PUBLIC        P3
  D:00C0H         PUBLIC        P4
  D:00C8H         PUBLIC        P5
  D:00E8H         PUBLIC        P6
  D:00F8H         PUBLIC        P7
  C:9056H         PUBLIC        _ClearBuf
  X:1391H         PUBLIC        DtmfData
  C:72A2H         PUBLIC        GPIO_config
  C:8B1DH         PUBLIC        _HS_memcpy
  D:00A8H         PUBLIC        IE
  C:921DH         PUBLIC        _delay
  C:9691H         PUBLIC        RelayTask
  C:8860H         PUBLIC        UART_config
  D:00B8H         PUBLIC        IP
  C:9243H         PUBLIC        _strlen
  D:00D8H         PUBLIC        CCON
  C:8806H         PUBLIC        _HS_strcpy
  C:6915H         PUBLIC        SkeyScan
  X:1392H         PUBLIC        SkeyStatus
  C:9782H         PUBLIC        _HBstrlen
  C:6CA7H         PUBLIC        KeyScan
  B:00C0H.0       PUBLIC        P40
  B:0080H.4       PUBLIC        P04
  D:0098H         PUBLIC        SCON
  B:00C0H.1       PUBLIC        P41
  B:0080H.5       PUBLIC        P05
  D:0088H         PUBLIC        TCON
  B:0080H.6       PUBLIC        P06
  B:00F8H.0       PUBLIC        P70
  B:00C0H.3       PUBLIC        P43
  B:00F8H.1       PUBLIC        P71
  B:00F8H.2       PUBLIC        P72
  B:00C8H.4       PUBLIC        P54
  B:00F8H.3       PUBLIC        P73
  B:00C8H.5       PUBLIC        P55
  D:00F0H         PUBLIC        B
  X:1393H         PUBLIC        ResetKeyTime
  D:00E0H         PUBLIC        ACC
  X:1395H         PUBLIC        SkeyStatusOld
  C:70BEH         PUBLIC        _lookforstr
  C:8960H         PUBLIC        Timer_config
  C:9577H         PUBLIC        _Unlock
  C:8FFAH         PUBLIC        _MemIsEmpty
  C:9678H         PUBLIC        Exti_config
  D:00D0H         PUBLIC        PSW
  X:1396H         PUBLIC        Rly1Time
  C:996FH         PUBLIC        _putchar
  -------         PROC          _DELAY
  D:0006H         SYMBOL        t
  -------         DO            
BL51 BANKED LINKER/LOCATER V6.22.2.0                                                  06/09/2022  11:28:18  PAGE 27


  D:0004H         SYMBOL        i
  D:0002H         SYMBOL        j
  -------         ENDDO         
  C:921DH         LINE#         14
  C:921DH         LINE#         15
  C:921DH         LINE#         17
  C:9224H         LINE#         18
  C:922DH         LINE#         19
  C:9242H         LINE#         20
  -------         ENDPROC       _DELAY
  -------         PROC          _PUTCHAR
  X:114CH         SYMBOL        ch
  C:996FH         LINE#         22
  C:9974H         LINE#         23
  C:9974H         LINE#         24
  C:9977H         LINE#         25
  C:997CH         LINE#         26
  -------         ENDPROC       _PUTCHAR
  -------         PROC          _STRLEN
  X:1124H         SYMBOL        pch
  -------         DO            
  D:0007H         SYMBOL        len
  -------         ENDDO         
  C:9243H         LINE#         27
  C:924EH         LINE#         28
  C:924EH         LINE#         29
  C:9250H         LINE#         30
  C:9268H         LINE#         31
  C:9268H         LINE#         32
  -------         ENDPROC       _STRLEN
  -------         PROC          _HBSTRLEN
  D:0001H         SYMBOL        pch
  -------         DO            
  D:0007H         SYMBOL        len
  -------         ENDDO         
  C:9782H         LINE#         33
  C:9782H         LINE#         34
  C:9782H         LINE#         35
  C:9784H         LINE#         36
  C:9789H         LINE#         37
  C:9789H         LINE#         38
  C:978AH         LINE#         39
  C:978DH         LINE#         40
  C:978DH         LINE#         41
  C:978EH         LINE#         42
  C:978EH         LINE#         43
  C:9795H         LINE#         44
  C:9797H         LINE#         45
  C:9797H         LINE#         46
  -------         ENDPROC       _HBSTRLEN
  -------         PROC          _LOOKFORSTR
  X:10D5H         SYMBOL        srcBuf
  X:10D8H         SYMBOL        detBuf
  -------         DO            
  X:10DBH         SYMBOL        i
  X:10DDH         SYMBOL        j
  -------         ENDDO         
BL51 BANKED LINKER/LOCATER V6.22.2.0                                                  06/09/2022  11:28:18  PAGE 28


  C:70BEH         LINE#         48
  C:70C9H         LINE#         49
  C:70C9H         LINE#         51
  C:70D0H         LINE#         52
  C:70D4H         LINE#         53
  C:70F3H         LINE#         54
  C:70F3H         LINE#         55
  C:7107H         LINE#         56
  C:7107H         LINE#         57
  C:7128H         LINE#         58
  C:7128H         LINE#         59
  C:7169H         LINE#         60
  C:7169H         LINE#         61
  C:7169H         LINE#         62
  C:7169H         LINE#         63
  C:7179H         LINE#         64
  C:7194H         LINE#         65
  C:7194H         LINE#         66
  C:719DH         LINE#         67
  C:719DH         LINE#         68
  C:719DH         LINE#         69
  C:71AEH         LINE#         70
  C:71B1H         LINE#         71
  C:71B5H         LINE#         72
  -------         ENDPROC       _LOOKFORSTR
  -------         PROC          _CLEARBUF
  X:1124H         SYMBOL        buf
  D:0004H         SYMBOL        len
  C:9056H         LINE#         74
  C:9061H         LINE#         75
  C:9061H         LINE#         76
  C:906BH         LINE#         77
  C:906BH         LINE#         78
  C:907FH         LINE#         79
  C:9081H         LINE#         80
  -------         ENDPROC       _CLEARBUF
  -------         PROC          _HS_MEMCPY
  X:10D0H         SYMBOL        dst
  X:10D3H         SYMBOL        src
  X:10D6H         SYMBOL        len
  C:8B1DH         LINE#         81
  C:8B28H         LINE#         82
  C:8B28H         LINE#         83
  C:8B36H         LINE#         84
  C:8B36H         LINE#         85
  C:8B5EH         LINE#         86
  C:8B60H         LINE#         87
  -------         ENDPROC       _HS_MEMCPY
  -------         PROC          _HS_STRCPY
  X:109CH         SYMBOL        dst
  X:109FH         SYMBOL        src
  -------         DO            
  D:0006H         SYMBOL        i
  -------         ENDDO         
  C:8806H         LINE#         88
  C:8811H         LINE#         89
  C:8811H         LINE#         90
BL51 BANKED LINKER/LOCATER V6.22.2.0                                                  06/09/2022  11:28:18  PAGE 29


  C:8814H         LINE#         91
  C:8824H         LINE#         92
  C:8824H         LINE#         93
  C:884AH         LINE#         94
  C:884FH         LINE#         95
  C:8851H         LINE#         96
  -------         ENDPROC       _HS_STRCPY
  -------         PROC          _MEMISEMPTY
  X:10C5H         SYMBOL        buf
  D:0004H         SYMBOL        len
  C:8FFAH         LINE#         99
  C:9005H         LINE#         100
  C:9005H         LINE#         101
  C:900FH         LINE#         102
  C:900FH         LINE#         103
  C:9024H         LINE#         104
  C:9024H         LINE#         105
  C:9026H         LINE#         106
  C:9026H         LINE#         107
  C:9026H         LINE#         108
  C:9027H         LINE#         109
  -------         ENDPROC       _MEMISEMPTY
  -------         PROC          GPIO_CONFIG
  -------         DO            
  X:107CH         SYMBOL        GPIO_InitStructure
  -------         ENDDO         
  C:72A2H         LINE#         111
  C:72A2H         LINE#         112
  C:72A2H         LINE#         114
  C:72A8H         LINE#         118
  C:72ADH         LINE#         119
  C:72B8H         LINE#         121
  C:72C3H         LINE#         124
  C:72CEH         LINE#         126
  C:72D4H         LINE#         127
  C:72DFH         LINE#         129
  C:72E5H         LINE#         130
  C:72EFH         LINE#         132
  C:72F5H         LINE#         133
  C:7300H         LINE#         135
  C:7306H         LINE#         136
  C:7311H         LINE#         138
  C:7317H         LINE#         139
  C:7322H         LINE#         142
  C:7328H         LINE#         144
  C:732CH         LINE#         145
  C:7337H         LINE#         147
  C:733DH         LINE#         148
  C:7348H         LINE#         150
  C:734EH         LINE#         151
  C:7359H         LINE#         153
  C:735FH         LINE#         154
  C:736AH         LINE#         156
  C:7370H         LINE#         157
  C:737BH         LINE#         159
  C:737DH         LINE#         160
  C:737FH         LINE#         162
BL51 BANKED LINKER/LOCATER V6.22.2.0                                                  06/09/2022  11:28:18  PAGE 30


  C:7381H         LINE#         163
  C:7383H         LINE#         164
  C:7385H         LINE#         166
  C:7387H         LINE#         167
  C:7389H         LINE#         170
  -------         ENDPROC       GPIO_CONFIG
  -------         PROC          UART_CONFIG
  -------         DO            
  X:107CH         SYMBOL        COMx_InitStructure
  -------         ENDDO         
  C:8860H         LINE#         172
  C:8860H         LINE#         173
  C:8860H         LINE#         175
  C:8866H         LINE#         176
  C:886AH         LINE#         177
  C:8872H         LINE#         178
  C:8878H         LINE#         179
  C:887BH         LINE#         180
  C:887EH         LINE#         181
  C:8880H         LINE#         182
  C:8883H         LINE#         183
  C:888EH         LINE#         184
  C:8897H         LINE#         187
  C:889DH         LINE#         188
  C:88A8H         LINE#         189
  C:88ADH         LINE#         190
  -------         ENDPROC       UART_CONFIG
  -------         PROC          TIMER_CONFIG
  -------         DO            
  X:107CH         SYMBOL        TIM_InitStructure
  -------         ENDDO         
  C:8960H         LINE#         203
  C:8960H         LINE#         204
  C:8960H         LINE#         206
  C:8965H         LINE#         207
  C:8967H         LINE#         208
  C:896AH         LINE#         209
  C:896DH         LINE#         210
  C:896FH         LINE#         211
  C:8977H         LINE#         212
  C:897BH         LINE#         214
  C:8985H         LINE#         216
  C:898FH         LINE#         217
  C:899AH         LINE#         219
  C:89A4H         LINE#         220
  -------         ENDPROC       TIMER_CONFIG
  -------         PROC          EXTI_CONFIG
  -------         DO            
  X:107CH         SYMBOL        Exti_InitStructure
  -------         ENDDO         
  C:9678H         LINE#         224
  C:9678H         LINE#         225
  C:9678H         LINE#         228
  C:967EH         LINE#         229
  C:9683H         LINE#         230
  C:9687H         LINE#         231
  -------         ENDPROC       EXTI_CONFIG
BL51 BANKED LINKER/LOCATER V6.22.2.0                                                  06/09/2022  11:28:18  PAGE 31


  -------         PROC          KEYSCAN
  -------         DO            
  X:138DH         SYMBOL        KeyStep
  X:138EH         SYMBOL        KeyTime
  X:107CH         SYMBOL        key
  -------         ENDDO         
  C:6CA7H         LINE#         238
  C:6CA7H         LINE#         239
  C:6CA7H         LINE#         243
  C:6CC7H         LINE#         244
  C:6CC7H         LINE#         245
  C:6CC7H         LINE#         246
  C:6CCAH         LINE#         247
  C:6CD5H         LINE#         248
  C:6CD5H         LINE#         249
  C:6CDBH         LINE#         250
  C:6CE1H         LINE#         251
  C:6CE1H         LINE#         252
  C:6CE4H         LINE#         253
  C:6CE4H         LINE#         254
  C:6CECH         LINE#         255
  C:6CECH         LINE#         256
  C:6CEDH         LINE#         257
  C:6CF0H         LINE#         258
  C:6CFBH         LINE#         259
  C:6CFBH         LINE#         260
  C:6D01H         LINE#         261
  C:6D01H         LINE#         262
  C:6D04H         LINE#         263
  C:6D04H         LINE#         264
  C:6D0CH         LINE#         265
  C:6D0FH         LINE#         266
  C:6D15H         LINE#         267
  C:6D18H         LINE#         268
  C:6D18H         LINE#         269
  C:6D1EH         LINE#         270
  C:6D21H         LINE#         271
  C:6D27H         LINE#         272
  C:6D62H         LINE#         273
  C:6D62H         LINE#         274
  C:6D62H         LINE#         275
  C:6D65H         LINE#         276
  C:6D65H         LINE#         277
  C:6D68H         LINE#         278
  C:6D68H         LINE#         279
  C:6D6BH         LINE#         280
  C:6D6BH         LINE#         281
  C:6D6EH         LINE#         282
  C:6D6EH         LINE#         283
  C:6D71H         LINE#         284
  C:6D71H         LINE#         285
  C:6D74H         LINE#         286
  C:6D74H         LINE#         287
  C:6D77H         LINE#         288
  C:6D77H         LINE#         289
  C:6D7AH         LINE#         290
  C:6D7AH         LINE#         291
BL51 BANKED LINKER/LOCATER V6.22.2.0                                                  06/09/2022  11:28:18  PAGE 32


  C:6D7DH         LINE#         292
  C:6D7DH         LINE#         293
  C:6D80H         LINE#         294
  C:6D80H         LINE#         295
  C:6D83H         LINE#         296
  C:6D83H         LINE#         297
  C:6D86H         LINE#         298
  C:6D86H         LINE#         299
  C:6D89H         LINE#         300
  C:6D89H         LINE#         301
  C:6D8CH         LINE#         302
  C:6D8CH         LINE#         303
  C:6D8FH         LINE#         304
  C:6D8FH         LINE#         305
  C:6D92H         LINE#         306
  C:6D92H         LINE#         307
  C:6D92H         LINE#         308
  C:6D92H         LINE#         309
  C:6D9AH         LINE#         310
  C:6D9AH         LINE#         311
  C:6DA0H         LINE#         312
  C:6DA4H         LINE#         313
  C:6DA4H         LINE#         314
  C:6DA6H         LINE#         315
  C:6DA6H         LINE#         316
  C:6DAEH         LINE#         317
  C:6DAEH         LINE#         318
  C:6DB4H         LINE#         319
  C:6DB6H         LINE#         320
  C:6DBEH         LINE#         321
  C:6DBEH         LINE#         322
  C:6DC2H         LINE#         323
  C:6DC2H         LINE#         324
  C:6DC2H         LINE#         326
  C:6DC2H         LINE#         327
  C:6DC4H         LINE#         328
  -------         ENDPROC       KEYSCAN
  -------         PROC          SKEYSCAN
  -------         DO            
  X:138FH         SYMBOL        SkeyStep
[...]
  C:4ED6H         LINE#         76
  C:4EE3H         LINE#         77
  C:4EE9H         LINE#         78
  C:4EF2H         LINE#         79
  C:4EF5H         LINE#         80
BL51 BANKED LINKER/LOCATER V6.22.2.0                                                  06/09/2022  11:28:18  PAGE 132


  C:4F03H         LINE#         81
  C:4F06H         LINE#         83
  C:4F18H         LINE#         84
  C:4F23H         LINE#         85
  C:4F26H         LINE#         86
  C:4F26H         LINE#         89
  C:4F2EH         LINE#         90
  C:4F2EH         LINE#         91
  C:4F30H         LINE#         92
  C:4F3DH         LINE#         93
  C:4F3FH         LINE#         94
  C:4F4EH         LINE#         95
  C:4F7CH         LINE#         96
  C:4F88H         LINE#         97
  C:4F8FH         LINE#         98
  C:4F9CH         LINE#         99
  C:4FA2H         LINE#         100
  C:4FABH         LINE#         101
  C:4FAEH         LINE#         102
  C:4FBCH         LINE#         103
  C:4FBFH         LINE#         105
  C:4FD1H         LINE#         106
  C:4FDCH         LINE#         107
  C:4FDFH         LINE#         108
  C:4FDFH         LINE#         149
  C:4FE4H         LINE#         150
  C:4FE4H         LINE#         151
  C:4FE7H         LINE#         152
  C:4FF5H         LINE#         153
  C:4FF8H         LINE#         154
  C:5007H         LINE#         155
  C:500EH         LINE#         156
  C:5019H         LINE#         157
  C:5027H         LINE#         158
  C:502AH         LINE#         159
  C:5038H         LINE#         160
  C:503BH         LINE#         162
  C:504BH         LINE#         163
  C:5057H         LINE#         164
  C:505AH         LINE#         165
  C:505AH         LINE#         167
  C:505CH         LINE#         168
  -------         ENDPROC       _TIMER_INILIZE
  -------         ENDMOD        TIMER

  -------         MODULE        GPIO
  C:0000H         SYMBOL        _ICE_DUMMY_
  D:0093H         PUBLIC        P0M1
  D:0092H         PUBLIC        P1M0
  D:0096H         PUBLIC        P2M0
  D:0091H         PUBLIC        P1M1
  D:0080H         PUBLIC        P0
  D:00B2H         PUBLIC        P3M0
  D:0095H         PUBLIC        P2M1
  D:0090H         PUBLIC        P1
  D:00B4H         PUBLIC        P4M0
  D:00B1H         PUBLIC        P3M1
BL51 BANKED LINKER/LOCATER V6.22.2.0                                                  06/09/2022  11:28:18  PAGE 133


  D:00A0H         PUBLIC        P2
  D:00CAH         PUBLIC        P5M0
  D:00B3H         PUBLIC        P4M1
  D:00B0H         PUBLIC        P3
  D:00CCH         PUBLIC        P6M0
  D:00C9H         PUBLIC        P5M1
  D:00C0H         PUBLIC        P4
  D:00E2H         PUBLIC        P7M0
  D:00CBH         PUBLIC        P6M1
  D:00C8H         PUBLIC        P5
  D:00E8H         PUBLIC        P6
  D:00E1H         PUBLIC        P7M1
  D:00F8H         PUBLIC        P7
  D:00A8H         PUBLIC        IE
  D:00B8H         PUBLIC        IP
  D:00D8H         PUBLIC        CCON
  D:0098H         PUBLIC        SCON
  D:0088H         PUBLIC        TCON
  D:00F0H         PUBLIC        B
  D:00E0H         PUBLIC        ACC
  C:4325H         PUBLIC        _GPIO_Inilize
  D:00D0H         PUBLIC        PSW
  D:0094H         PUBLIC        P0M0
  -------         PROC          _GPIO_INILIZE
  D:0007H         SYMBOL        GPIO
  D:0001H         SYMBOL        GPIOx
  C:4325H         LINE#         10
  C:4325H         LINE#         11
  C:4325H         LINE#         12
  C:432EH         LINE#         13
  C:433AH         LINE#         14
  C:433DH         LINE#         15
  C:433DH         LINE#         16
  C:434BH         LINE#         17
  C:435CH         LINE#         18
  C:436DH         LINE#         19
  C:437EH         LINE#         20
  C:437EH         LINE#         21
  C:4383H         LINE#         22
  C:4383H         LINE#         23
  C:4394H         LINE#         24
  C:43A3H         LINE#         25
  C:43B3H         LINE#         26
  C:43C6H         LINE#         27
  C:43C6H         LINE#         28
  C:43CBH         LINE#         29
  C:43CBH         LINE#         30
  C:43DCH         LINE#         31
  C:43EBH         LINE#         32
  C:43FBH         LINE#         33
  C:440EH         LINE#         34
  C:440EH         LINE#         35
  C:4413H         LINE#         36
  C:4413H         LINE#         37
  C:4424H         LINE#         38
  C:4433H         LINE#         39
  C:4443H         LINE#         40
BL51 BANKED LINKER/LOCATER V6.22.2.0                                                  06/09/2022  11:28:18  PAGE 134


  C:4456H         LINE#         41
  C:4456H         LINE#         42
  C:445BH         LINE#         43
  C:445BH         LINE#         44
  C:446CH         LINE#         45
  C:447BH         LINE#         46
  C:448BH         LINE#         47
  C:449EH         LINE#         48
  C:449EH         LINE#         49
  C:44A3H         LINE#         50
  C:44A3H         LINE#         51
  C:44B4H         LINE#         52
  C:44C3H         LINE#         53
  C:44D3H         LINE#         54
  C:44E6H         LINE#         55
  C:44E6H         LINE#         56
  C:44EBH         LINE#         57
  C:44EBH         LINE#         58
  C:44FCH         LINE#         59
  C:450BH         LINE#         60
  C:451BH         LINE#         61
  C:452EH         LINE#         62
  C:452EH         LINE#         63
  C:4533H         LINE#         64
  C:4533H         LINE#         65
  C:4544H         LINE#         66
  C:4553H         LINE#         67
  C:4563H         LINE#         68
  C:4576H         LINE#         69
  C:4576H         LINE#         70
  C:4578H         LINE#         71
  -------         ENDPROC       _GPIO_INILIZE
  -------         ENDMOD        GPIO

  -------         MODULE        EXTI
  C:0000H         SYMBOL        _ICE_DUMMY_
  D:0080H         PUBLIC        P0
  D:0090H         PUBLIC        P1
  D:00A0H         PUBLIC        P2
  D:00B0H         PUBLIC        P3
  D:00C0H         PUBLIC        P4
  D:00C8H         PUBLIC        P5
  D:00E8H         PUBLIC        P6
  D:00F8H         PUBLIC        P7
  D:00A8H         PUBLIC        IE
  D:00B8H         PUBLIC        IP
  D:00D8H         PUBLIC        CCON
  C:8BE4H         PUBLIC        Ext_INT0
  D:0098H         PUBLIC        SCON
  D:0088H         PUBLIC        TCON
  B:0088H.1       PUBLIC        IE0
  D:00F0H         PUBLIC        B
  D:00E0H         PUBLIC        ACC
  B:00A8H.0       PUBLIC        EX0
  B:0088H.0       PUBLIC        IT0
  B:00B8H.0       PUBLIC        PX0
  D:00B7H         PUBLIC        IPH
BL51 BANKED LINKER/LOCATER V6.22.2.0                                                  06/09/2022  11:28:18  PAGE 135


  C:87A3H         PUBLIC        _Ext_Inilize
  D:00D0H         PUBLIC        PSW
  -------         PROC          EXT_INT0
  C:8BE4H         LINE#         8
  C:8C01H         LINE#         11
  C:8C04H         LINE#         12
  C:8C09H         LINE#         13
  -------         ENDPROC       EXT_INT0
  -------         PROC          _EXT_INILIZE
  D:0007H         SYMBOL        EXT
  D:0001H         SYMBOL        INTx
  C:87A3H         LINE#         51
  C:87A3H         LINE#         52
  C:87A3H         LINE#         55
  C:87A6H         LINE#         56
  C:87A6H         LINE#         57
  C:87A8H         LINE#         58
  C:87B5H         LINE#         59
  C:87B7H         LINE#         60
  C:87C6H         LINE#         61
  C:87F4H         LINE#         62
  C:87FEH         LINE#         63
  C:8800H         LINE#         64
  C:8803H         LINE#         65
  C:8803H         LINE#         104
  C:8805H         LINE#         105
  -------         ENDPROC       _EXT_INILIZE
  -------         ENDMOD        EXTI

  -------         MODULE        SPI
  C:0000H         SYMBOL        _ICE_DUMMY_
  D:0080H         PUBLIC        P0
  D:0090H         PUBLIC        P1
  C:8A8CH         PUBLIC        SPI_Transivion
  D:00A0H         PUBLIC        P2
  D:00B0H         PUBLIC        P3
  D:00C0H         PUBLIC        P4
  D:00C8H         PUBLIC        P5
  D:00E8H         PUBLIC        P6
  D:00F8H         PUBLIC        P7
  D:00CEH         PUBLIC        SPCTL
  D:00A2H         PUBLIC        P_SW1
  D:00A8H         PUBLIC        IE
  B:0023H.6       PUBLIC        B_SPI_Busy
  D:00B8H         PUBLIC        IP
  C:79D9H         PUBLIC        _SPI_Flash_Read
  D:00D8H         PUBLIC        CCON
  D:0098H         PUBLIC        SCON
  D:0088H         PUBLIC        TCON
  B:00F8H.4       PUBLIC        P74
  X:114DH         PUBLIC        SPI_RxCnt
  D:00AFH         PUBLIC        IE2
  D:00F0H         PUBLIC        B
  D:00E0H         PUBLIC        ACC
  X:114EH         PUBLIC        SPI_RxTimerOut
  D:00CDH         PUBLIC        SPSTAT
  C:7A72H         PUBLIC        _SPI_Init
BL51 BANKED LINKER/LOCATER V6.22.2.0                                                  06/09/2022  11:28:18  PAGE 136


  C:9654H         PUBLIC        _SPI_ReadWriteByte
  X:114FH         PUBLIC        SPI_RxBuffer
  D:00D0H         PUBLIC        PSW
  D:00CFH         PUBLIC        SPDAT
  -------         PROC          _SPI_INIT
  D:0001H         SYMBOL        SPIx
  C:7A72H         LINE#         29
  C:7A72H         LINE#         30
  C:7A72H         LINE#         31
  C:7A80H         LINE#         32
  C:7A83H         LINE#         33
  C:7A8EH         LINE#         34
  C:7A91H         LINE#         35
  C:7A9FH         LINE#         36
  C:7AA2H         LINE#         37
  C:7AAFH         LINE#         38
  C:7AB2H         LINE#         39
  C:7AC0H         LINE#         40
  C:7AC3H         LINE#         41
  C:7AD0H         LINE#         42
  C:7AD3H         LINE#         43
  C:7AE1H         LINE#         44
  C:7AE4H         LINE#         45
  C:7AF4H         LINE#         46
  C:7B02H         LINE#         48
  C:7B07H         LINE#         49
  C:7B09H         LINE#         50
  -------         ENDPROC       _SPI_INIT
  -------         PROC          SPI_TRANSIVION
  C:8A8CH         LINE#         96
  C:8A99H         LINE#         98
  C:8A9EH         LINE#         99
  C:8A9EH         LINE#         100
  C:8AA0H         LINE#         101
  C:8AA2H         LINE#         103
  C:8AA2H         LINE#         104
  C:8AADH         LINE#         105
  C:8AC1H         LINE#         106
  C:8AC7H         LINE#         107
  C:8AC7H         LINE#         108
  C:8ACAH         LINE#         109
  -------         ENDPROC       SPI_TRANSIVION
  -------         PROC          L?0028
  -------         ENDPROC       L?0028
  -------         PROC          _SPI_READWRITEBYTE
  D:0007H         SYMBOL        dat
  C:9654H         LINE#         111
  C:9654H         LINE#         112
  C:9654H         LINE#         113
  C:9656H         LINE#         114
  C:9658H         LINE#         115
  C:965BH         LINE#         116
  C:965DH         LINE#         117
  C:965DH         LINE#         118
  -------         ENDPROC       _SPI_READWRITEBYTE
  -------         PROC          _SPI_FLASH_READ
  X:112CH         SYMBOL        pBuffer
BL51 BANKED LINKER/LOCATER V6.22.2.0                                                  06/09/2022  11:28:18  PAGE 137


  X:112FH         SYMBOL        ReadAddr
  X:1133H         SYMBOL        NumByteToRead
  -------         DO            
  X:1135H         SYMBOL        i
  X:1137H         SYMBOL        tmp
  -------         ENDDO         
  C:79D9H         LINE#         139
  C:79E8H         LINE#         140
  C:79E8H         LINE#         141
  C:79E8H         LINE#         142
  C:79EAH         LINE#         143
  C:79F1H         LINE#         144
  C:79F6H         LINE#         145
  C:79FBH         LINE#         146
  C:7A00H         LINE#         147
  C:7A0BH         LINE#         148
  C:7A27H         LINE#         149
  C:7A27H         LINE#         150
  C:7A38H         LINE#         151
  C:7A5FH         LINE#         152
  C:7A6FH         LINE#         153
  C:7A71H         LINE#         154
  -------         ENDPROC       _SPI_FLASH_READ
  -------         ENDMOD        SPI

  -------         MODULE        ?C?COPY
  C:09B6H         PUBLIC        ?C?COPY
  -------         ENDMOD        ?C?COPY

  -------         MODULE        ?C?CLDPTR
  C:09DCH         PUBLIC        ?C?CLDPTR
  -------         ENDMOD        ?C?CLDPTR

  -------         MODULE        ?C?CLDOPTR
  C:09F5H         PUBLIC        ?C?CLDOPTR
  -------         ENDMOD        ?C?CLDOPTR

  -------         MODULE        ?C?CSTPTR
  C:0A22H         PUBLIC        ?C?CSTPTR
  -------         ENDMOD        ?C?CSTPTR

  -------         MODULE        ?C?CSTOPTR
  C:0A34H         PUBLIC        ?C?CSTOPTR
  -------         ENDMOD        ?C?CSTOPTR

  -------         MODULE        ?C?IMUL
  C:0A56H         PUBLIC        ?C?IMUL
  -------         ENDMOD        ?C?IMUL

  -------         MODULE        ?C?UIDIV
  C:0A68H         PUBLIC        ?C?UIDIV
  -------         ENDMOD        ?C?UIDIV

  -------         MODULE        ?C?IILDX
  C:0ABDH         PUBLIC        ?C?IILDX
  -------         ENDMOD        ?C?IILDX

BL51 BANKED LINKER/LOCATER V6.22.2.0                                                  06/09/2022  11:28:18  PAGE 138


  -------         MODULE        ?C?ILDIX
  C:0AD3H         PUBLIC        ?C?ILDIX
  -------         ENDMOD        ?C?ILDIX

  -------         MODULE        ?C?ILDPTR
  C:0AE9H         PUBLIC        ?C?ILDPTR
  -------         ENDMOD        ?C?ILDPTR

  -------         MODULE        ?C?ILDOPTR
  C:0B14H         PUBLIC        ?C?ILDOPTR
  -------         ENDMOD        ?C?ILDOPTR

  -------         MODULE        ?C?LMUL
  C:0B4CH         PUBLIC        ?C?LMUL
  -------         ENDMOD        ?C?LMUL

  -------         MODULE        ?C?ULDIV
  C:0BD7H         PUBLIC        ?C?ULDIV
  -------         ENDMOD        ?C?ULDIV

  -------         MODULE        ?C?ULCMP
  C:0C69H         PUBLIC        ?C?ULCMP
  -------         ENDMOD        ?C?ULCMP

  -------         MODULE        ?C?ULSHR
  C:0C7AH         PUBLIC        ?C?ULSHR
  -------         ENDMOD        ?C?ULSHR

  -------         MODULE        ?C?LSHL
  C:0C8DH         PUBLIC        ?C?LSHL
  -------         ENDMOD        ?C?LSHL

  -------         MODULE        ?C?LLDOPTR
  C:0CA0H         PUBLIC        ?C?LLDOPTR
  -------         ENDMOD        ?C?LLDOPTR

  -------         MODULE        ?C?LLDOPTR0
  C:0CD0H         PUBLIC        ?C?LLDOPTR0
  -------         ENDMOD        ?C?LLDOPTR0

  -------         MODULE        ?C?LSTXDATA
  C:0D00H         PUBLIC        ?C?LSTXDATA
  -------         ENDMOD        ?C?LSTXDATA

  -------         MODULE        ?C?LSTKXDATA
  C:0D0CH         PUBLIC        ?C?LSTKXDATA
  -------         ENDMOD        ?C?LSTKXDATA

  -------         MODULE        ?C?OFFXADD
  C:0D3DH         PUBLIC        ?C?OFFXADD
  -------         ENDMOD        ?C?OFFXADD

  -------         MODULE        ?C?CCASE
  C:0D49H         PUBLIC        ?C?CCASE
  -------         ENDMOD        ?C?CCASE

  -------         MODULE        ?C?ICALL
BL51 BANKED LINKER/LOCATER V6.22.2.0                                                  06/09/2022  11:28:18  PAGE 139


  C:0D6FH         PUBLIC        ?C?ICALL
  C:0D73H         PUBLIC        ?C?ICALL2
  -------         ENDMOD        ?C?ICALL

  -------         MODULE        PRINTF
  X:1124H         PUBLIC        ?_PRINTF517?BYTE
  X:1124H         PUBLIC        ?_PRINTF?BYTE
  X:1124H         PUBLIC        ?_SPRINTF517?BYTE
  X:1124H         PUBLIC        ?_SPRINTF?BYTE
  C:2E25H         PUBLIC        _PRINTF
  C:2E25H         PUBLIC        _PRINTF517
  C:2E1FH         PUBLIC        _SPRINTF
  C:2E1FH         PUBLIC        _SPRINTF517
  -------         ENDMOD        PRINTF

  -------         MODULE        SCANF
  X:10D5H         PUBLIC        ?_SCANF517?BYTE
  X:10D5H         PUBLIC        ?_SCANF?BYTE
  X:10D5H         PUBLIC        ?_SSCANF517?BYTE
  X:10D5H         PUBLIC        ?_SSCANF?BYTE
  C:3B5CH         PUBLIC        _SCANF
  C:3B5CH         PUBLIC        _SCANF517
  C:3B58H         PUBLIC        _SSCANF
  C:3B58H         PUBLIC        _SSCANF517
  -------         ENDMOD        SCANF

  -------         MODULE        ?C?ISTPTR
  C:0D75H         PUBLIC        ?C?ISTPTR
  -------         ENDMOD        ?C?ISTPTR

  -------         MODULE        ?C?LNEG
  C:0D94H         PUBLIC        ?C?LNEG
  -------         ENDMOD        ?C?LNEG

  -------         MODULE        ?C?LSTPTR
  C:0DA2H         PUBLIC        ?C?LSTPTR
  -------         ENDMOD        ?C?LSTPTR

  -------         MODULE        ?C?LLDIDATA
  C:0DBCH         PUBLIC        ?C?LLDIDATA
  -------         ENDMOD        ?C?LLDIDATA

  -------         MODULE        ?C?LLDXDATA
  C:0DC8H         PUBLIC        ?C?LLDXDATA
  -------         ENDMOD        ?C?LLDXDATA

  -------         MODULE        ?C?LLDPDATA
  C:0DD4H         PUBLIC        ?C?LLDPDATA
  -------         ENDMOD        ?C?LLDPDATA

  -------         MODULE        ?C?LLDCODE
  C:0DE0H         PUBLIC        ?C?LLDCODE
  -------         ENDMOD        ?C?LLDCODE

  -------         MODULE        ?C?LLDIDATA0
  C:0DF0H         PUBLIC        ?C?LLDIDATA0
  -------         ENDMOD        ?C?LLDIDATA0
BL51 BANKED LINKER/LOCATER V6.22.2.0                                                  06/09/2022  11:28:18  PAGE 140



  -------         MODULE        ?C?LLDXDATA0
  C:0DFDH         PUBLIC        ?C?LLDXDATA0
  -------         ENDMOD        ?C?LLDXDATA0

  -------         MODULE        ?C?LLDPDATA0
  C:0E09H         PUBLIC        ?C?LLDPDATA0
  -------         ENDMOD        ?C?LLDPDATA0

  -------         MODULE        ?C?LLDCODE0
  C:0E16H         PUBLIC        ?C?LLDCODE0
  -------         ENDMOD        ?C?LLDCODE0

  -------         MODULE        ?C?PLDXDATA
  C:0E26H         PUBLIC        ?C?PLDXDATA
  -------         ENDMOD        ?C?PLDXDATA

  -------         MODULE        ?C?PLDIXDATA
  C:0E2FH         PUBLIC        ?C?PLDIXDATA
  -------         ENDMOD        ?C?PLDIXDATA

  -------         MODULE        ?C?PILDXDATA
  C:0E46H         PUBLIC        ?C?PILDXDATA
  -------         ENDMOD        ?C?PILDXDATA

  -------         MODULE        ?C?PSTXDATA
  C:0E5DH         PUBLIC        ?C?PSTXDATA
  -------         ENDMOD        ?C?PSTXDATA

  -------         MODULE        GETCHAR
  B:0023H.7       PUBLIC        ?C?CHARLOADED
  X:13B4H         PUBLIC        ?_UNGETCHAR?BYTE
  C:9846H         PUBLIC        GETCHAR
  -------         ENDMOD        GETCHAR

  -------         MODULE        UNGETC
  C:99A4H         PUBLIC        _UNGETCHAR
  -------         ENDMOD        UNGETC

  -------         MODULE        ISSPACE
  C:985AH         PUBLIC        _isspace
  -------         ENDMOD        ISSPACE

  -------         MODULE        ?C?LSTIDATA
  C:0E66H         PUBLIC        ?C?LSTIDATA
  -------         ENDMOD        ?C?LSTIDATA

  -------         MODULE        ?C?LSTPDATA
  C:0E72H         PUBLIC        ?C?LSTPDATA
  -------         ENDMOD        ?C?LSTPDATA

  -------         MODULE        _GETKEY
  C:9991H         PUBLIC        _GETKEY
  -------         ENDMOD        _GETKEY

*** WARNING L16: UNCALLED SEGMENT, IGNORED FOR OVERLAY PROCESS
    SEGMENT: ?PR?_DISPLAYCSQ?LCD12864
BL51 BANKED LINKER/LOCATER V6.22.2.0                                                  06/09/2022  11:28:18  PAGE 141



*** WARNING L16: UNCALLED SEGMENT, IGNORED FOR OVERLAY PROCESS
    SEGMENT: ?PR?_ATCMDCB_CLCC?GSM

*** WARNING L16: UNCALLED SEGMENT, IGNORED FOR OVERLAY PROCESS
    SEGMENT: ?PR?_GETPSWBYROOM?UNLOCKPASSWORD

*** WARNING L16: UNCALLED SEGMENT, IGNORED FOR OVERLAY PROCESS
    SEGMENT: ?PR?CHECKRFIDCARD?CARDREAD

*** WARNING L1: UNRESOLVED EXTERNAL SYMBOL
    SYMBOL:  CARDIRQ
    MODULE:  .\Objects\Exti.obj (EXTI)

*** WARNING L2: REFERENCE MADE TO UNRESOLVED EXTERNAL
    SYMBOL:  CARDIRQ
    MODULE:  .\Objects\Exti.obj (EXTI)
    ADDRESS: 8C02H

Program Size: data=18.0 xdata=5045 code=39327
LINK/LOCATE RUN COMPLETE.  6 WARNING(S),  0 ERROR(S)
