C51 COMPILER V9.57.0.0   UNLOCKPASSWORD                                                    06/09/2022 11:28:17 PAGE 1   


C51 COMPILER V9.57.0.0, COMPILATION OF MODULE UNLOCKPASSWORD
OBJECT MODULE PLACED IN .\Objects\UnlockPassword.obj
COMPILER INVOKED BY: D:\keil-c51\C51\BIN\C51.EXE UserSrc\UnlockPassword.c LARGE OPTIMIZE(8,SPEED) BROWSE NOINTPROMOTE IN
                    -CDIR(.\UserSrc;.\StcLib;.\UserSrc\ENG) DEBUG OBJECTEXTEND PRINT(.\Listings\UnlockPassword.lst) TABS(2) OBJECT(.\Objects\
                    -UnlockPassword.obj)

line level    source

   1          #include "UnlockPassword.h"
   2          #include "Driver.h"
   3          #include "Eeprom.h"
   4          #include "SysString.h"
   5          #include "stdio.h"
   6          #include "Lcd12864.h"
   7          #include "SysStatus.h"
   8          #include "NameList.h"
   9          #include "Audio.h"
  10          
  11          void SavePswCount(void)
  12          {
  13   1        writeBuf_at24c02(USER_PARA_ADDR+((uint16_t)((uint32_t)(&UsrPara.PswCount)-(uint32_t)(&UsrPara))), (uint8_
             -t *)&UsrPara.PswCount,sizeof(UsrPara.PswCount));
  14   1      }
  15          
  16          void ClearPsw(void)
  17          {
  18   1        UsrPara.PswCount = 0;
  19   1        SavePswCount();
  20   1      }
  21          
  22          void InitPsw(void)
  23          {
  24   1        if(UsrPara.PswCount > PSW_COUNT)
  25   1        {
  26   2          ClearPsw();
  27   2        }
  28   1      }
  29          
  30          void WritePswByIdx(uint16_t idx,PswItemType *pItem)
  31          {
  32   1        uint16_t addr = (uint16_t)idx;
  33   1        addr *= sizeof(PswItemType);
  34   1        writeBuf_at24c02(USER_PSW_ADDR+addr, (uint8_t *)pItem,sizeof(PswItemType));
  35   1      }
  36          
  37          void ReadPswByIdx(uint16_t idx,PswItemType *pItem)
  38          {
  39   1        uint16_t addr = (uint16_t)idx;
  40   1        addr *= sizeof(PswItemType);
  41   1        readBuf_at24c02(USER_PSW_ADDR+addr, (uint8_t *)pItem,sizeof(PswItemType));
  42   1      }
  43          
  44          uint16_t GetPswByRoom(uint16_t room,PswItemType *pItem)
  45          {
  46   1        uint16_t idx = 0xFFFF;
  47   1        idx = GetIdxByRoom(room,UNLOCK_PSW);
  48   1        if(idx != 0xFFFF)
  49   1        {
  50   2          ReadPswByIdx(idx,pItem);
  51   2          return idx;
  52   2        }
C51 COMPILER V9.57.0.0   UNLOCKPASSWORD                                                    06/09/2022 11:28:17 PAGE 2   

  53   1        return 0xFFFF;
  54   1      }
  55          
  56          bool CheckPsw(uint16_t psw)
  57          {
  58   1        uint16_t i = 0;
  59   1        PswItemType pItem;
  60   1        printf("CheckPsw:%u\r\n",psw);
  61   1        if(UsrPara.PswCount == 0)
  62   1        {
  63   2          return false;
  64   2        }
  65   1        for(i=0;i<UsrPara.PswCount;i++)
  66   1        {
  67   2          ReadPswByIdx(i,&pItem);
  68   2          if(pItem.Psw == psw)
  69   2          {
  70   3            return true;
  71   3          }
  72   2        }
  73   1        return false;
  74   1      }
  75          
  76          uint16_t AddPswItem(PswItemType *pItem)
  77          {
  78   1        uint16_t idx = 0xFFFF;
  79   1        idx = GetIdxByRoom(pItem->Room,UNLOCK_PSW);
  80   1      //  printf("idx:%u,%X\r\n",idx,idx);
  81   1        if(idx != 0xFFFF)
  82   1        {
  83   2          printf("AddPswItem 1\r\n");
  84   2          WritePswByIdx(idx,pItem);
  85   2          return idx;
  86   2        }
  87   1        else if(UsrPara.PswCount < PSW_COUNT)
  88   1        {
  89   2      //    printf("AddPswItem 2\r\n");
  90   2          WritePswByIdx(UsrPara.PswCount,pItem);
  91   2          UsrPara.PswCount++;
  92   2          SavePswCount();
  93   2          return UsrPara.PswCount-1;
  94   2        }
  95   1      //  printf("AddPswItem 3\r\n");
  96   1        return 0xFFFF;
  97   1      }
  98          
  99          void DelPswByIdx(uint16_t idx)
 100          {
 101   1        PswItemType tmpItem;
 102   1        if(idx < UsrPara.PswCount)
 103   1        {
 104   2          if(idx == (UsrPara.PswCount-1))
 105   2          {
 106   3            UsrPara.PswCount--;
 107   3            SavePswCount();
 108   3          }
 109   2          else
 110   2          {
 111   3            UsrPara.PswCount--;
 112   3            SavePswCount();
 113   3            ReadPswByIdx(UsrPara.PswCount,&tmpItem);
 114   3            WritePswByIdx(idx,&tmpItem);
C51 COMPILER V9.57.0.0   UNLOCKPASSWORD                                                    06/09/2022 11:28:17 PAGE 3   

 115   3          }
 116   2        }
 117   1      }
 118          
 119          void DelPswByRoom(uint16_t room)
 120          {
 121   1        uint16_t idx = GetIdxByRoom(room,UNLOCK_PSW);
 122   1        while(idx != 0xFFFF)
 123   1        {
 124   2          DelPswByIdx(idx);
 125   2          idx = GetIdxByRoom(room,UNLOCK_PSW);
 126   2        }
 127   1      }
 128          
 129          PswEditType PswEditItem;
 130          static uint8_t PswEditMidx = 0;
 131          static uint8_t PswEditIdx = 0;
 132          
 133          void ShowPsw(PswEditType *pItem,bool edit)
 134          {
 135   1        uint8_t Disbuf[32],i;
 136   1        uint32_t tmp;
 137   1        LcdClear();
 138   1        if(SysStatus == SYS_EDIT_SYSPSW)
 139   1        {
 140   2          DisplayString(0,0,StrTabSysPsw);
 141   2        }
 142   1        else if(SysStatus != SYS_INPUT_PSW)
 143   1        //if((SysStatus != SYS_EDIT_SYSPSW) && (SysStatus != SYS_INPUT_PSW))
 144   1        {
 145   2          if(pItem->Room > 0)
 146   2          {
 147   3            //sprintf(Disbuf,"%s%u",StrTabNum,pItem->Room);
 148   3          //  DisplayString(1,0,Disbuf);
 149   3            DisplayString(1,0,StrTabNum);
 150   3            sprintf(Disbuf,"%u",pItem->Room);
 151   3            DisplayString(1,(16-HBstrlen(StrTabNum)-strlen(Disbuf)),Disbuf);
 152   3          }
 153   2          else
 154   2          {
 155   3            DisplayString(1,0,StrTabNum);
 156   3          //  sprintf(Disbuf,"%s",StrTabNum);
 157   3          }
 158   2          //DisplayString(1,0,Disbuf);
 159   2          if(PswEditMidx == 0)
 160   2          {
 161   3          #ifdef LANGUAGE_HB  
 162   3            //SetFlash(1,(10-PswEditIdx));
 163   3            SetFlash(1,15-HBstrlen(StrTabNum));
 164   3          #else
                    SetFlash(1,strlen(Disbuf));
                  #endif
 167   3          }
 168   2        }
 169   1        if(edit)
 170   1        {
 171   2          if(pItem->Psw1 > 0)
 172   2          {
 173   3      //      sprintf(Disbuf,"%s%lu",StrTabPsw1,pItem->Psw1);
 174   3      //      DisplayString((SysStatus != SYS_EDIT_SYSPSW)?2:1,0,Disbuf);
 175   3            sprintf(Disbuf,"%s%",StrTabPsw1);
 176   3            tmp = PswEditItem.Psw1;
C51 COMPILER V9.57.0.0   UNLOCKPASSWORD                                                    06/09/2022 11:28:17 PAGE 4   

 177   3            for(i=0;(tmp > 0);i++)
 178   3            {
 179   4              Disbuf[strlen(StrTabPsw1)+i] = '*';
 180   4              tmp /= 10;
 181   4            }
 182   3            Disbuf[strlen(StrTabPsw1)+i] = 0;
 183   3            DisplayString(2,0,Disbuf);
 184   3            if(PswEditMidx == ((SysStatus != SYS_EDIT_SYSPSW)?1:0))
 185   3            {
 186   4            #ifdef LANGUAGE_HB  
 187   4              //SetFlash(2,(9-PswEditIdx));
 188   4              SetFlash(2,15-HBstrlen(StrTabPsw1));
 189   4            #else
                      SetFlash(2,strlen(Disbuf));
                    #endif
 192   4            }
 193   3          }
 194   2          else
 195   2          {
 196   3            DisplayString(2,0,StrTabPsw1);
 197   3            if(PswEditMidx == ((SysStatus != SYS_EDIT_SYSPSW)?1:0))
 198   3            {
 199   4            #ifdef LANGUAGE_HB  
 200   4              //SetFlash(2,9);
 201   4              SetFlash(2,15-HBstrlen(StrTabPsw1));
 202   4            #else
                      SetFlash(2,strlen(StrTabPsw1));
                    #endif
 205   4            }
 206   3          }
 207   2          if(SysStatus != SYS_INPUT_PSW)
 208   2          {
 209   3            if(pItem->Psw2 > 0)
 210   3            {
 211   4      //        sprintf(Disbuf,"%s%lu",StrTabPsw2,pItem->Psw2);
 212   4      //        DisplayString((SysStatus != SYS_EDIT_SYSPSW)?3:2,0,Disbuf);
 213   4              sprintf(Disbuf,"%s%",StrTabPsw2);
 214   4              tmp = PswEditItem.Psw2;
 215   4              for(i=0;(tmp > 0);i++)
 216   4              {
 217   5                Disbuf[strlen(StrTabPsw2)+i] = '*';
 218   5                tmp /= 10;
 219   5              }
 220   4              Disbuf[strlen(StrTabPsw2)+i] = 0;
 221   4              DisplayString(3,0,Disbuf);
 222   4              if(PswEditMidx == ((SysStatus != SYS_EDIT_SYSPSW)?2:1))
 223   4              {
 224   5              #ifdef LANGUAGE_HB  
 225   5                //SetFlash(3,(11-PswEditIdx));
 226   5                SetFlash(3,15-HBstrlen(StrTabPsw2));
 227   5              #else
                        SetFlash(3,strlen(Disbuf));
                      #endif
 230   5              }
 231   4            }
 232   3            else
 233   3            {
 234   4              DisplayString(3,0,StrTabPsw2);
 235   4              if(PswEditMidx == ((SysStatus != SYS_EDIT_SYSPSW)?2:1))
 236   4              {
 237   5              #ifdef LANGUAGE_HB  
 238   5                //SetFlash(3,11);
C51 COMPILER V9.57.0.0   UNLOCKPASSWORD                                                    06/09/2022 11:28:17 PAGE 5   

 239   5                SetFlash(3,15-HBstrlen(StrTabPsw2));
 240   5              #else
                        SetFlash(3,strlen(StrTabPsw2));
                      #endif
 243   5              }
 244   4            }
 245   3          }
 246   2        }
 247   1      }
 248          
 249          void EditPswCon(void)
 250          {
 251   1        ClearBuf((uint8_t *)&PswEditItem,sizeof(PswEditType));
 252   1        PswEditMidx = 0;
 253   1        PswEditIdx = 0;
 254   1        SysStatus = SYS_EDIT_PSW;
 255   1        ShowPsw(&PswEditItem,true);
 256   1      }
 257          
 258          void PswEditKey(uint8_t key)
 259          {
 260   1        uint16_t tmp;
 261   1        PswItemType tmpItem;
 262   1        static bool Saved = false;
 263   1        if(key == KEY_SURE)
 264   1        {
 265   2          if(PswEditMidx == 3)
 266   2          {
 267   3            if(Saved)
 268   3            {
 269   4              ClearBuf((uint8_t *)&PswEditItem,sizeof(PswEditItem));
 270   4              PswEditIdx = 0;
 271   4            }
 272   3            else
 273   3            {
 274   4              if((PswEditItem.Room > 0)
 275   4                && (PswEditItem.Psw1 != 0)
 276   4                && (PswEditItem.Psw1 == PswEditItem.Psw2))
 277   4              {
 278   5                tmpItem.Room = PswEditItem.Room;
 279   5                tmpItem.Psw = PswEditItem.Psw1;
 280   5                if(AddPswItem(&tmpItem) != 0xFFFF)
 281   5                {
 282   6                  ShowSaveOK();
 283   6                }
 284   5                else
 285   5                {
 286   6                  ShowErr();
 287   6                }
 288   5                ClearBuf((uint8_t *)&PswEditItem,sizeof(PswEditItem));
 289   5                Saved = true;
 290   5                PswEditItem.Psw1 = 0;
 291   5                PswEditItem.Psw2 = 0;
 292   5              }
 293   4              else
 294   4              {
 295   5                ShowErr();
 296   5              }
 297   4              return;
 298   4            }
 299   3          }
 300   2          PswEditMidx++;
C51 COMPILER V9.57.0.0   UNLOCKPASSWORD                                                    06/09/2022 11:28:17 PAGE 6   

 301   2          PswEditMidx %= 4;
 302   2          PswEditIdx = 0;
 303   2          switch(PswEditMidx)
 304   2          {
 305   3            case 0:
 306   3              PswEditMidx = 0;
 307   3              tmp = PswEditItem.Room;
 308   3              while(tmp > 0)
 309   3              {
 310   4                PswEditIdx++;
 311   4                tmp /= 10;
 312   4              }
 313   3              break;
 314   3            case 1:
 315   3              PswEditItem.Psw1 = 0;
 316   3              PswEditIdx = 0;
 317   3      //        tmp = PswEditItem.Psw1;
 318   3      //        while(tmp > 0)
 319   3      //        {
 320   3      //          PswEditIdx++;
 321   3      //          tmp /= 10;
 322   3      //        }
 323   3              break;
 324   3            case 2:
 325   3              PswEditItem.Psw2 = 0;
 326   3              PswEditIdx = 0;
 327   3      //        tmp = PswEditItem.Psw2;
 328   3      //        while(tmp > 0)
 329   3      //        {
 330   3      //          PswEditIdx++;
 331   3      //          tmp /= 10;
 332   3      //        }
 333   3              break;
 334   3            case 3:
 335   3              ShowConfirmSave();
 336   3              Saved = false;
 337   3              return;
 338   3          }
 339   2        }
 340   1        else if(key == KEY_DEL)
 341   1        {
 342   2          switch(PswEditMidx)
 343   2          {
 344   3            case 0:
 345   3              if(PswEditIdx > 0)
 346   3              {
 347   4                PswEditIdx--;
 348   4                PswEditItem.Room /= 10;
 349   4              }
 350   3              else
 351   3              {
 352   4                PswSetCon();
 353   4                return;
 354   4              }
 355   3              break;
 356   3            case 1:
 357   3              if(PswEditIdx > 0)
 358   3              {
 359   4                PswEditIdx--;
 360   4                PswEditItem.Psw1 /= 10;
 361   4              }
 362   3              else
C51 COMPILER V9.57.0.0   UNLOCKPASSWORD                                                    06/09/2022 11:28:17 PAGE 7   

 363   3              {
 364   4                PswEditMidx--;
 365   4                PswEditIdx = 0;
 366   4                tmp = PswEditItem.Room;
 367   4                while(tmp > 0)
 368   4                {
 369   5                  PswEditIdx++;
 370   5                  tmp /= 10;
 371   5                }
 372   4              }
 373   3              break;
 374   3            case 2:
 375   3              if(PswEditIdx > 0)
 376   3              {
 377   4                PswEditIdx--;
 378   4                PswEditItem.Psw2 /= 10;
 379   4              }
 380   3              else
 381   3              {
 382   4                PswEditMidx--;
 383   4                PswEditIdx = 0;
 384   4                tmp = PswEditItem.Psw1;
 385   4                while(tmp > 0)
 386   4                {
 387   5                  PswEditIdx++;
 388   5                  tmp /= 10;
 389   5                }
 390   4              }
 391   3              break;
 392   3            case 3:
 393   3              PswEditMidx = 0;
 394   3              PswEditIdx = 0;
 395   3              tmp = PswEditItem.Room;
 396   3              while(tmp > 0)
 397   3              {
 398   4                PswEditIdx++;
 399   4                tmp /= 10;
 400   4              }
 401   3              break;
 402   3          }
 403   2        }
 404   1        else if(key == KEY_BELL)
 405   1        {
 406   2          PswSetCon();
 407   2          return;
 408   2        }
 409   1      
 410   1        if((key >= 0) && (key <= 9))
 411   1        {
 412   2          switch(PswEditMidx)
 413   2          {
 414   3            case 0:
 415   3              if(PswEditIdx < 4)
 416   3              {
 417   4                PswEditItem.Room *= 10;
 418   4                PswEditItem.Room += key;
 419   4                PswEditIdx++;
 420   4                if(PswEditItem.Room > PSW_COUNT)
 421   4                {
 422   5                  PswEditItem.Room = key;
 423   5                  PswEditIdx = 0;
 424   5                }
C51 COMPILER V9.57.0.0   UNLOCKPASSWORD                                                    06/09/2022 11:28:17 PAGE 8   

 425   4              }
 426   3              if(PswEditItem.Room == 0)
 427   3              {
 428   4                PswEditIdx = 0;
 429   4              }
 430   3              break;
 431   3            case 1:
 432   3              if(PswEditIdx < 4)
 433   3              {
 434   4                PswEditItem.Psw1 *= 10;
 435   4                PswEditItem.Psw1 += key;
 436   4                PswEditIdx++;
 437   4              }
 438   3              if(PswEditItem.Psw1 == 0)
 439   3              {
 440   4                PswEditIdx = 0;
 441   4              }
 442   3              break;
 443   3            case 2:
 444   3              if(PswEditIdx < 4)
 445   3              {
 446   4                PswEditItem.Psw2 *= 10;
 447   4                PswEditItem.Psw2 += key;
 448   4                PswEditIdx++;
 449   4              }
 450   3              if(PswEditItem.Psw2 == 0)
 451   3              {
 452   4                PswEditIdx = 0;
 453   4              }
 454   3              break;
 455   3          }
 456   2        }
 457   1        ShowPsw(&PswEditItem,true);
 458   1      }
 459          
 460          void DeletePswCon(void)
 461          {
 462   1        ClearBuf((uint8_t *)&PswEditItem,sizeof(PswEditType));
 463   1        PswEditMidx = 0;
 464   1        PswEditIdx = 0;
 465   1        SysStatus = SYS_DEL_PSW;
 466   1        ShowPsw(&PswEditItem,false);
 467   1      }
 468          
 469          void PswDeleteKey(uint8_t key)
 470          {
 471   1        uint16_t tmp;
 472   1        static bool Saved = false;
 473   1        if(key == KEY_SURE)
 474   1        {
 475   2          if(PswEditMidx == 1)
 476   2          {
 477   3            if(Saved)
 478   3            {
 479   4              ClearBuf((uint8_t *)&PswEditItem,sizeof(PswEditItem));
 480   4              PswEditIdx = 0;
 481   4            }
 482   3            else
 483   3            {
 484   4              if(PswEditItem.Room > 0)
 485   4              {
 486   5                DelPswByRoom(PswEditItem.Room);
C51 COMPILER V9.57.0.0   UNLOCKPASSWORD                                                    06/09/2022 11:28:17 PAGE 9   

 487   5                ClearBuf((uint8_t *)&PswEditItem,sizeof(PswEditItem));
 488   5                Saved = true;
 489   5                ShowDeleteOK();
 490   5              }
 491   4              return;
 492   4            }
 493   3          }
 494   2          PswEditMidx++;
 495   2          PswEditMidx %= 2;
 496   2          PswEditIdx = 0;
 497   2          switch(PswEditMidx)
 498   2          {
 499   3            case 0:
 500   3              PswEditIdx = 0;
 501   3              tmp = PswEditItem.Room;
 502   3              while(tmp > 0)
 503   3              {
 504   4                PswEditIdx++;
 505   4                tmp /= 10;
 506   4              }
 507   3              break;
 508   3            case 1:
 509   3              ShowConfirmDel();
 510   3              Saved = false;
 511   3              return;
 512   3          }
 513   2        }
 514   1        else if(key == KEY_DEL)
 515   1        {
 516   2          switch(PswEditMidx)
 517   2          {
 518   3            case 0:
 519   3              if(PswEditIdx > 0)
 520   3              {
 521   4                PswEditIdx--;
 522   4                PswEditItem.Room /= 10;
 523   4              }
 524   3              else
 525   3              {
 526   4                PswSetCon();
 527   4                return;
 528   4              }
 529   3              break;
 530   3            case 1:
 531   3              PswEditMidx = 0;
 532   3              PswEditIdx = 0;
 533   3              tmp = PswEditItem.Room;
 534   3              while(tmp > 0)
 535   3              {
 536   4                PswEditIdx++;
 537   4                tmp /= 10;
 538   4              }
 539   3              break;
 540   3          }
 541   2        }
 542   1        else if(key == KEY_BELL)
 543   1        {
 544   2          PswSetCon();
 545   2          return;
 546   2        }
 547   1      
 548   1        if((key >= 0) && (key <= 9))
C51 COMPILER V9.57.0.0   UNLOCKPASSWORD                                                    06/09/2022 11:28:17 PAGE 10  

 549   1        {
 550   2          switch(PswEditMidx)
 551   2          {
 552   3            case 0:
 553   3              if(PswEditIdx < 4)
 554   3              {
 555   4                PswEditItem.Room *= 10;
 556   4                PswEditItem.Room += key;
 557   4                PswEditIdx++;
 558   4                if(PswEditItem.Room > PSW_COUNT)
 559   4                {
 560   5                  PswEditItem.Room = key;
 561   5                  PswEditIdx = 0;
 562   5                }
 563   4              }
 564   3              if(PswEditItem.Room == 0)
 565   3              {
 566   4                PswEditIdx = 0;
 567   4              }
 568   3              break;
 569   3          }
 570   2        }
 571   1        ShowPsw(&PswEditItem,false);
 572   1      }
 573          
 574          void DeleteAllPswCon(void)
 575          {
 576   1        SysStatus = SYS_DEL_ALLPSW;
 577   1        LcdClear();
 578   1        DisplayString(1,0,StrTabDelAllPsw);
 579   1      }
 580          void PswDelAllKey(uint8_t key)
 581          {
 582   1        switch(key)
 583   1        {
 584   2          case KEY_SURE:
 585   2            ClearPsw();
 586   2            ShowDeleteOK();
 587   2            break;
 588   2          case KEY_BELL:
 589   2          case KEY_DEL:
 590   2            PswSetCon();
 591   2            break;
 592   2        }
 593   1      }
 594          
 595          void PswSetCon(void)
 596          {
 597   1        uint8_t Disbuf[10];
 598   1        
 599   1        SysStatus = SYS_SET_PSW;
 600   1        
 601   1        LcdClear();
 602   1        DisplayString(0,0,StrTabPswSet1);
 603   1        DisplayString(1,0,StrTabPswSet2);
 604   1        DisplayString(2,0,StrTabPswSet3);
 605   1        DisplayString(3,0,StrTabListCount);
 606   1        sprintf(Disbuf,"%u",UsrPara.PswCount);
 607   1        DisplayString(3,15-HBstrlen(StrTabListCount)-strlen(Disbuf),Disbuf);
 608   1      }
 609          
 610          void PswSetKey(uint8_t key)
C51 COMPILER V9.57.0.0   UNLOCKPASSWORD                                                    06/09/2022 11:28:17 PAGE 11  

 611          {
 612   1        switch(key)
 613   1        {
 614   2          case 1:
 615   2            EditPswCon();
 616   2            break;
 617   2          case 2:
 618   2            DeletePswCon();
 619   2            break;
 620   2          case 3:
 621   2            DeleteAllPswCon();
 622   2            break;
 623   2          case KEY_DEL:
 624   2          case KEY_BELL:
 625   2            SysSettingCon();
 626   2            break;
 627   2        }
 628   1      }
 629          
 630          void InputPswCon(void)
 631          {
 632   1        ClearBuf((uint8_t *)&PswEditItem,sizeof(PswEditType));
 633   1        PswEditMidx = 1;
 634   1        PswEditIdx = 0;
 635   1        SysStatus = SYS_INPUT_PSW;
 636   1        ShowPsw(&PswEditItem,true);
 637   1        //MP3_StartPlay(MP3_InputRoom);
 638   1        MP3_StartPlay(MP3_InputPsw);
 639   1      }
 640          
 641          void PswInputKey(uint8_t key)
 642          {
 643   1        if(key == KEY_DEL)
 644   1        {
 645   2          switch(PswEditMidx)
 646   2          {
 647   3      //      case 0:
 648   3      //        if(PswEditIdx > 0)
 649   3      //        {
 650   3      //          PswEditIdx--;
 651   3      //          PswEditItem.Room /= 10;
 652   3      //        }
 653   3      //        else
 654   3      //        {
 655   3      //        #ifdef PWM_AUDIO
 656   3      //          MP3_Stop();
 657   3      //        #endif
 658   3      //          SysIdleCon();
 659   3      //          return;
 660   3      //        }
 661   3      //        break;
 662   3            case 1:
 663   3              if(PswEditIdx > 0)
 664   3              {
 665   4                PswEditIdx--;
 666   4                PswEditItem.Psw1 /= 10;
 667   4              }
 668   3              else
 669   3              {
 670   4      //          PswEditMidx--;
 671   4      //          PswEditIdx = 0;
 672   4      //          tmp = PswEditItem.Room;
C51 COMPILER V9.57.0.0   UNLOCKPASSWORD                                                    06/09/2022 11:28:17 PAGE 12  

 673   4      //          while(tmp > 0)
 674   4      //          {
 675   4      //            PswEditIdx++;
 676   4      //            tmp /= 10;
 677   4      //          }
 678   4                SysIdleCon();
 679   4                return;
 680   4              }
 681   3              break;
 682   3          }
 683   2        }
 684   1        else if(key == KEY_BELL)
 685   1        {
 686   2          SysIdleCon();
 687   2          return;
 688   2        }
 689   1      
 690   1        if((key >= 0) && (key <= 9))
 691   1        {
 692   2          switch(PswEditMidx)
 693   2          {
 694   3      //      case 0:
 695   3      //        if(PswEditIdx < 4)
 696   3      //        {
 697   3      //          PswEditItem.Room *= 10;
 698   3      //          PswEditItem.Room += key;
 699   3      //          PswEditIdx++;
 700   3      //        }
 701   3      //        if(PswEditItem.Room == 0)
 702   3      //        {
 703   3      //          PswEditIdx = 0;
 704   3      //        }
 705   3      //        break;
 706   3            case 1:
 707   3              if(PswEditIdx < 4)
 708   3              {
 709   4                PswEditItem.Psw1 *= 10;
 710   4                PswEditItem.Psw1 += key;
 711   4                PswEditIdx++;
 712   4              }
 713   3              if(PswEditItem.Psw1 == 0)
 714   3              {
 715   4                PswEditIdx = 0;
 716   4              }
 717   3              
 718   3      //        if((PswEditItem.Room > 0)
 719   3      //          && (PswEditIdx == 4))
 720   3              if(PswEditIdx == 4)
 721   3              {
 722   4                //if(GetPswByRoom(PswEditItem.Room,&tmpItem) != 0xFFFF)
 723   4                {
 724   5                  //if(tmpItem.Psw == PswEditItem.Psw1)
 725   5                  if(CheckPsw(PswEditItem.Psw1))
 726   5                  {
 727   6                    Unlock(0,SysPara.RealyTime,true);
 728   6                    IdleTime = 5;
 729   6                    PswEditItem.Psw1 = 0;
 730   6                    PswEditItem.Room = 0;
 731   6                    PswEditIdx = 0;
 732   6                    PswEditMidx = 1;
 733   6                    return;
 734   6                  }
C51 COMPILER V9.57.0.0   UNLOCKPASSWORD                                                    06/09/2022 11:28:17 PAGE 13  

 735   5                  else
 736   5                  {
 737   6                    PswEditItem.Psw1 = 0;
 738   6                    PswEditIdx = 0;
 739   6                    PswEditMidx = 1;
 740   6                    ShowErr();
 741   6                    MP3_StartPlay(MP3_PwdErr);
 742   6                    IdleTime = 5;
 743   6                  }
 744   5                }
 745   4      //          else
 746   4      //          {
 747   4      //            PswEditItem.Psw1 = 0;
 748   4      //            PswEditItem.Room = 0;
 749   4      //            PswEditIdx = 0;
 750   4      //            MP3_StartPlay(MP3_RoomErr);
 751   4      //            IdleTime = 5;
 752   4      //          }
 753   4                
 754   4                return;
 755   4              }
 756   3              break;
 757   3          }
 758   2        }
 759   1        ShowPsw(&PswEditItem,true);
 760   1      }
 761          
 762          
 763          void EditSysPswCon(void)
 764          {
 765   1        ClearBuf((uint8_t *)&PswEditItem,sizeof(PswEditType));
 766   1        PswEditMidx = 0;
 767   1        PswEditIdx = 0;
 768   1        SysStatus = SYS_EDIT_SYSPSW;
 769   1        ShowPsw(&PswEditItem,true);
 770   1      }
 771          void SaveSysPsw(void)
 772          {
 773   1        writeBuf_at24c02(SYS_PARA_ADDR+((uint16_t)((uint32_t)(&SysPara.SysPsw)-(uint32_t)(&SysPara))), (uint8_t *
             -)&SysPara.SysPsw,sizeof(SysPara.SysPsw));
 774   1      }
 775          
 776          void SysPswEditKey(uint8_t key)
 777          {
 778   1        uint16_t tmp;
 779   1        static bool Saved = false;
 780   1        if(key == KEY_SURE)
 781   1        {
 782   2          if(PswEditMidx == 2)
 783   2          {
 784   3            if(Saved)
 785   3            {
 786   4              ClearBuf((uint8_t *)&PswEditItem,sizeof(PswEditItem));
 787   4              PswEditIdx = 0;
 788   4            }
 789   3            else
 790   3            {
 791   4              if((PswEditItem.Psw1 != 0)
 792   4                && (PswEditItem.Psw1 == PswEditItem.Psw2))
 793   4              {
 794   5                SysPara.SysPsw= PswEditItem.Psw1;
 795   5                SaveSysPsw();
C51 COMPILER V9.57.0.0   UNLOCKPASSWORD                                                    06/09/2022 11:28:17 PAGE 14  

 796   5                ShowSaveOK();
 797   5                ClearBuf((uint8_t *)&PswEditItem,sizeof(PswEditItem));
 798   5                Saved = true;
 799   5                PswEditItem.Psw1 = 0;
 800   5                PswEditItem.Psw2 = 0;
 801   5              }
 802   4              else
 803   4              {
 804   5                PswEditItem.Psw1 = 0;
 805   5                PswEditItem.Psw2 = 0;
 806   5                ShowErr();
 807   5              }
 808   4              return;
 809   4            }
 810   3          }
 811   2          if((PswEditMidx == 1) && (PswEditIdx != 6))
 812   2          {
 813   3            return;
 814   3          }
 815   2          PswEditMidx++;
 816   2          PswEditMidx %= 3;
 817   2          PswEditIdx = 0;
 818   2          switch(PswEditMidx)
 819   2          {
 820   3            case 0:
 821   3              PswEditItem.Psw1 = 0;
 822   3              PswEditIdx = 0;
 823   3              break;
 824   3            case 1:
 825   3              PswEditItem.Psw2 = 0;
 826   3              PswEditIdx = 0;
 827   3              break;
 828   3            case 2:
 829   3              ShowConfirmSave();
 830   3              Saved = false;
 831   3              return;
 832   3          }
 833   2        }
 834   1        else if(key == KEY_DEL)
 835   1        {
 836   2          switch(PswEditMidx)
 837   2          {
 838   3            case 0:
 839   3              if(PswEditIdx > 0)
 840   3              {
 841   4                PswEditIdx--;
 842   4                PswEditItem.Psw1 /= 10;
 843   4              }
 844   3              else
 845   3              {
 846   4                SysSettingCon();
 847   4                return;
 848   4              }
 849   3              break;
 850   3            case 1:
 851   3              if(PswEditIdx > 0)
 852   3              {
 853   4                PswEditIdx--;
 854   4                PswEditItem.Psw2 /= 10;
 855   4              }
 856   3              else
 857   3              {
C51 COMPILER V9.57.0.0   UNLOCKPASSWORD                                                    06/09/2022 11:28:17 PAGE 15  

 858   4                PswEditMidx--;
 859   4                PswEditIdx = 0;
 860   4                tmp = PswEditItem.Psw1;
 861   4                while(tmp > 0)
 862   4                {
 863   5                  PswEditIdx++;
 864   5                  tmp /= 10;
 865   5                }
 866   4              }
 867   3              break;
 868   3            case 2:
 869   3              PswEditMidx = 0;
 870   3              PswEditIdx = 0;
 871   3              break;
 872   3          }
 873   2        }
 874   1        else if(key == KEY_BELL)
 875   1        {
 876   2          SysSettingCon();
 877   2          return;
 878   2        }
 879   1      
 880   1        if((key >= 0) && (key <= 9))
 881   1        {
 882   2          switch(PswEditMidx)
 883   2          {
 884   3            case 0:
 885   3              if(PswEditIdx < 6)
 886   3              {
 887   4                PswEditItem.Psw1 *= 10;
 888   4                PswEditItem.Psw1 += key;
 889   4                PswEditIdx++;
 890   4              }
 891   3              if(PswEditItem.Psw1 == 0)
 892   3              {
 893   4                PswEditIdx = 0;
 894   4              }
 895   3              break;
 896   3            case 1:
 897   3              if(PswEditIdx < 6)
 898   3              {
 899   4                PswEditItem.Psw2 *= 10;
 900   4                PswEditItem.Psw2 += key;
 901   4                PswEditIdx++;
 902   4              }
 903   3              if(PswEditItem.Psw2 == 0)
 904   3              {
 905   4                PswEditIdx = 0;
 906   4              }
 907   3              break;
 908   3          }
 909   2        }
 910   1        ShowPsw(&PswEditItem,true);
 911   1      }
 912          


MODULE INFORMATION:   STATIC OVERLAYABLE
   CODE SIZE        =   4321    ----
   CONSTANT SIZE    =     36    ----
   XDATA SIZE       =     12      88
   PDATA SIZE       =   ----    ----
C51 COMPILER V9.57.0.0   UNLOCKPASSWORD                                                    06/09/2022 11:28:17 PAGE 16  

   DATA SIZE        =   ----    ----
   IDATA SIZE       =   ----    ----
   BIT SIZE         =      3       1
END OF MODULE INFORMATION.


C51 COMPILATION COMPLETE.  0 WARNING(S),  0 ERROR(S)
