BL51 BANKED LINKER/LOCATER V6.22.2.0                                                    06/06/2022  10:51:46  PAGE 1


BL51 BANKED LINKER/LOCATER V6.22.2.0, INVOKED BY:
D:\KEIL-C51\C51\BIN\BL51.EXE .\Objects\STARTUP.obj, .\Objects\main.obj, .\Objects\Driver.obj, .\Objects\LCD12864.obj, .\
>> Objects\NameList.obj, .\Objects\Eeprom.obj, .\Objects\SysStatus.obj, .\Objects\UnlockPassword.obj, .\Objects\SysStrin
>> g.obj, .\Objects\Card.obj, .\Objects\Audio.obj, .\Objects\CardRead.obj, .\Objects\UART.obj, .\Objects\timer.obj, .\Ob
>> jects\GPIO.obj, .\Objects\Exti.obj, .\Objects\spi.obj, .\Objects\WDT.obj TO .\Objects\FSK PRINT (.\Listings\FSK.m51) 
>> RAMSIZE (256)


MEMORY MODEL: LARGE


INPUT MODULES INCLUDED:
  .\Objects\STARTUP.obj (?C_STARTUP)
  .\Objects\main.obj (MAIN)
  .\Objects\Driver.obj (DRIVER)
  .\Objects\LCD12864.obj (LCD12864)
  .\Objects\NameList.obj (NAMELIST)
  .\Objects\Eeprom.obj (EEPROM)
  .\Objects\SysStatus.obj (SYSSTATUS)
  .\Objects\UnlockPassword.obj (UNLOCKPASSWORD)
  .\Objects\SysString.obj (SYSSTRING)
  .\Objects\Card.obj (CARD)
  .\Objects\Audio.obj (AUDIO)
  .\Objects\CardRead.obj (CARDREAD)
  .\Objects\UART.obj (UART)
  .\Objects\timer.obj (TIMER)
  .\Objects\GPIO.obj (GPIO)
  .\Objects\Exti.obj (EXTI)
  .\Objects\spi.obj (SPI)
  .\Objects\WDT.obj (WDT)
  D:\KEIL-C51\C51\LIB\C51L.LIB (?C_INIT)
  D:\KEIL-C51\C51\LIB\C51L.LIB (?C?CLDPTR)
  D:\KEIL-C51\C51\LIB\C51L.LIB (?C?CLDOPTR)
  D:\KEIL-C51\C51\LIB\C51L.LIB (?C?CSTPTR)
  D:\KEIL-C51\C51\LIB\C51L.LIB (?C?CSTOPTR)
  D:\KEIL-C51\C51\LIB\C51L.LIB (?C?IMUL)
  D:\KEIL-C51\C51\LIB\C51L.LIB (?C?UIDIV)
  D:\KEIL-C51\C51\LIB\C51L.LIB (?C?IILDX)
  D:\KEIL-C51\C51\LIB\C51L.LIB (?C?ILDIX)
  D:\KEIL-C51\C51\LIB\C51L.LIB (?C?ILDPTR)
  D:\KEIL-C51\C51\LIB\C51L.LIB (?C?ILDOPTR)
  D:\KEIL-C51\C51\LIB\C51L.LIB (?C?LMUL)
  D:\KEIL-C51\C51\LIB\C51L.LIB (?C?ULDIV)
  D:\KEIL-C51\C51\LIB\C51L.LIB (?C?ULCMP)
  D:\KEIL-C51\C51\LIB\C51L.LIB (?C?ULSHR)
  D:\KEIL-C51\C51\LIB\C51L.LIB (?C?LSHL)
  D:\KEIL-C51\C51\LIB\C51L.LIB (?C?LLDOPTR)
  D:\KEIL-C51\C51\LIB\C51L.LIB (?C?LLDOPTR0)
  D:\KEIL-C51\C51\LIB\C51L.LIB (?C?LSTXDATA)
  D:\KEIL-C51\C51\LIB\C51L.LIB (?C?LSTKXDATA)
  D:\KEIL-C51\C51\LIB\C51L.LIB (?C?CCASE)
  D:\KEIL-C51\C51\LIB\C51L.LIB (PRINTF)
  D:\KEIL-C51\C51\LIB\C51L.LIB (SCANF)
  D:\KEIL-C51\C51\LIB\C51L.LIB (?C?ISTPTR)
  D:\KEIL-C51\C51\LIB\C51L.LIB (?C?LNEG)
  D:\KEIL-C51\C51\LIB\C51L.LIB (?C?LSTPTR)
  D:\KEIL-C51\C51\LIB\C51L.LIB (?C?LLDIDATA)
  D:\KEIL-C51\C51\LIB\C51L.LIB (?C?LLDXDATA)
BL51 BANKED LINKER/LOCATER V6.22.2.0                                                  06/06/2022  10:51:46  PAGE 2


  D:\KEIL-C51\C51\LIB\C51L.LIB (?C?LLDPDATA)
  D:\KEIL-C51\C51\LIB\C51L.LIB (?C?LLDCODE)
  D:\KEIL-C51\C51\LIB\C51L.LIB (?C?LLDIDATA0)
  D:\KEIL-C51\C51\LIB\C51L.LIB (?C?LLDXDATA0)
  D:\KEIL-C51\C51\LIB\C51L.LIB (?C?LLDPDATA0)
  D:\KEIL-C51\C51\LIB\C51L.LIB (?C?LLDCODE0)
  D:\KEIL-C51\C51\LIB\C51L.LIB (?C?PLDXDATA)
  D:\KEIL-C51\C51\LIB\C51L.LIB (?C?PLDIXDATA)
  D:\KEIL-C51\C51\LIB\C51L.LIB (?C?PILDXDATA)
  D:\KEIL-C51\C51\LIB\C51L.LIB (?C?PSTXDATA)
  D:\KEIL-C51\C51\LIB\C51L.LIB (GETCHAR)
  D:\KEIL-C51\C51\LIB\C51L.LIB (UNGETC)
  D:\KEIL-C51\C51\LIB\C51L.LIB (ISSPACE)
  D:\KEIL-C51\C51\LIB\C51L.LIB (?C?LSTIDATA)
  D:\KEIL-C51\C51\LIB\C51L.LIB (?C?LSTPDATA)
  D:\KEIL-C51\C51\LIB\C51L.LIB (_GETKEY)


LINK MAP OF MODULE:  .\Objects\FSK (?C_STARTUP)


            TYPE    BASE      LENGTH    RELOCATION   SEGMENT NAME
            -----------------------------------------------------

            * * * * * * *   D A T A   M E M O R Y   * * * * * * *
            REG     0000H     0008H     ABSOLUTE     "REG BANK 0"
            DATA    0008H     0005H     UNIT         _DATA_GROUP_
                    000DH     0013H                  *** GAP ***
            BIT     0020H.0   0001H.2   UNIT         _BIT_GROUP_
            BIT     0021H.2   0000H.3   UNIT         ?BI?UNLOCKPASSWORD
            BIT     0021H.5   0000H.3   UNIT         ?BI?AUDIO
            BIT     0022H.0   0000H.3   UNIT         ?BI?CARDREAD
            BIT     0022H.3   0000H.2   UNIT         ?BI?LCD12864
            BIT     0022H.5   0000H.2   UNIT         ?BI?CARD
            BIT     0022H.7   0000H.1   UNIT         ?BI?NAMELIST
            BIT     0023H.0   0000H.1   UNIT         ?BI?TIMER
            BIT     0023H.1   0000H.1   UNIT         ?BI?SPI
            BIT     0023H.2   0000H.1   UNIT         ?BI?GETCHAR
                    0023H.3   0000H.5                *** GAP ***
            IDATA   0024H     0001H     UNIT         ?STACK

            * * * * * * *  X D A T A   M E M O R Y  * * * * * * *
            XDATA   0000H     08A3H     UNIT         ?XD?AUDIO
            XDATA   08A3H     0406H     UNIT         ?XD?LCD12864
            XDATA   0CA9H     03D8H     UNIT         ?XD?UART
            XDATA   1081H     00AFH     UNIT         _XDATA_GROUP_
            XDATA   1130H     0082H     UNIT         ?XD?SPI
            XDATA   11B2H     006FH     UNIT         ?XD?CARDREAD
            XDATA   1221H     0054H     UNIT         ?XD?SYSSTATUS
            XDATA   1275H     0034H     UNIT         ?XD?NAMELIST
            XDATA   12A9H     0014H     UNIT         ?XD?SYSSTRING
            XDATA   12BDH     000CH     UNIT         ?XD?DRIVER
            XDATA   12C9H     000CH     UNIT         ?XD?UNLOCKPASSWORD
            XDATA   12D5H     0008H     UNIT         ?XD?CARD
            XDATA   12DDH     0008H     UNIT         ?XD?CHECKRFIDCARD?CARDREAD
            XDATA   12E5H     0005H     UNIT         ?XD?MAIN
            XDATA   12EAH     0005H     UNIT         ?XD?_GETPSWBYROOM?UNLOCKPASSWORD
BL51 BANKED LINKER/LOCATER V6.22.2.0                                                  06/06/2022  10:51:46  PAGE 3


            XDATA   12EFH     0002H     UNIT         ?XD?TIMER
            XDATA   12F1H     0001H     UNIT         ?XD?GETCHAR

            * * * * * * *   C O D E   M E M O R Y   * * * * * * *
            CODE    0000H     0003H     ABSOLUTE     
            CODE    0003H     0003H     ABSOLUTE     
            CODE    0006H     0004H     UNIT         ?PR?WDT_CLEAR?WDT
            CODE    000AH     0001H     UNIT         ?PR?SHOWGSMCSQ?SYSSTRING
            CODE    000BH     0003H     ABSOLUTE     
            CODE    000EH     000CH     UNIT         ?PR?_SYSTALKKEY?SYSSTATUS
                    001AH     0001H                  *** GAP ***
            CODE    001BH     0003H     ABSOLUTE     
                    001EH     0005H                  *** GAP ***
            CODE    0023H     0003H     ABSOLUTE     
            CODE    0026H     0025H     UNIT         ?PR?EDITNAMEITEMCON?NAMELIST
            CODE    004BH     0003H     ABSOLUTE     
            CODE    004EH     003BH     UNIT         ?PR?_WRITENAMEITEMBYIDX?NAMELIST
                    0089H     0002H                  *** GAP ***
            CODE    008BH     0003H     ABSOLUTE     
            CODE    008EH     0015H     UNIT         ?PR?IIC_NACK?EEPROM
            CODE    00A3H     0003H     ABSOLUTE     
            CODE    00A6H     0840H     UNIT         ?CO?LCD12864
            CODE    08E6H     04E1H     UNIT         ?PR?CHECKRFIDCARD?CARDREAD
            CODE    0DC7H     0490H     UNIT         ?C?LIB_CODE
            CODE    1257H     0474H     UNIT         ?PR?_NAMEEDITKEY?NAMELIST
            CODE    16CBH     044CH     UNIT         ?PR?_UART_CONFIGURATION?UART
            CODE    1B17H     0425H     UNIT         ?PR?_PSWEDITKEY?UNLOCKPASSWORD
            CODE    1F3CH     03D0H     UNIT         ?CO?SYSSTRING
            CODE    230CH     0371H     UNIT         ?PR?_REVNAMELIST?NAMELIST
            CODE    267DH     0365H     UNIT         ?PR?PRINTF?PRINTF
            CODE    29E2H     0328H     UNIT         ?PR?_SHOWPSW?UNLOCKPASSWORD
            CODE    2D0AH     0322H     UNIT         ?PR?SCANF?SCANF
            CODE    302CH     02C1H     UNIT         ?PR?_SYSPSWEDITKEY?UNLOCKPASSWORD
            CODE    32EDH     0254H     UNIT         ?PR?_SHOWNAME?NAMELIST
            CODE    3541H     0254H     UNIT         ?PR?_GPIO_INILIZE?GPIO
            CODE    3795H     0252H     UNIT         ?PR?_SHOWCARD?CARD
            CODE    39E7H     0224H     UNIT         ?PR?_NAMEDELETEKEY?NAMELIST
            CODE    3C0BH     01F0H     UNIT         ?PR?_TIMER_INILIZE?TIMER
            CODE    3DFBH     01D4H     UNIT         ?PR?MAIN?MAIN
            CODE    3FCFH     01C2H     UNIT         ?C_INITSEG
            CODE    4191H     01B8H     UNIT         ?PR?_CARDDELETEKEY?CARD
            CODE    4349H     01B2H     UNIT         ?PR?_CARDEDITKEY?CARD
            CODE    44FBH     01AAH     UNIT         ?PR?_PSWDELETEKEY?UNLOCKPASSWORD
            CODE    46A5H     017DH     UNIT         ?PR?_SYSKEY?SYSSTATUS
            CODE    4822H     0155H     UNIT         ?PR?_SYSSUBSETKEY?SYSSTATUS
            CODE    4977H     0153H     UNIT         ?PR?SHOWSUBPARA?SYSSTATUS
            CODE    4ACAH     014DH     UNIT         ?PR?_WRITELCD?LCD12864
            CODE    4C17H     0144H     UNIT         ?PR?_PSWINPUTKEY?UNLOCKPASSWORD
            CODE    4D5BH     0141H     UNIT         ?PR?_SYSIDLEKEY?SYSSTATUS
            CODE    4E9CH     0126H     UNIT         ?PR?WAVREADTASK?AUDIO
            CODE    4FC2H     011EH     UNIT         ?PR?KEYSCAN?DRIVER
            CODE    50E0H     011EH     UNIT         ?PR?INITSYSPARA?SYSSTATUS
            CODE    51FEH     0116H     UNIT         ?PR?_CALLBYNAMEITEM?NAMELIST
            CODE    5314H     010DH     UNIT         ?PR?CARDIRQ?CARDREAD
            CODE    5421H     010CH     UNIT         ?PR?SKEYSCAN?DRIVER
            CODE    552DH     0102H     UNIT         ?PR?_SYSINPUTROOM?SYSSTATUS
            CODE    562FH     0100H     UNIT         ?PR?_WG_SEND26?CARDREAD
BL51 BANKED LINKER/LOCATER V6.22.2.0                                                  06/06/2022  10:51:46  PAGE 4


            CODE    572FH     00FEH     UNIT         ?PR?_INPUTSYSPSW?SYSSTATUS
            CODE    582DH     00F8H     UNIT         ?PR?_LOOKFORSTR?DRIVER
            CODE    5925H     00EDH     UNIT         ?PR?_SAVESUBPARA?SYSSTATUS
            CODE    5A12H     00E8H     UNIT         ?PR?GPIO_CONFIG?DRIVER
            CODE    5AFAH     00E5H     UNIT         ?PR?NAMEEDITCHAGETYPE?NAMELIST
            CODE    5BDFH     00DEH     UNIT         ?PR?_ADDCARDITEM?CARD
            CODE    5CBDH     00D8H     UNIT         ?CO?NAMELIST
            CODE    5D95H     00CFH     UNIT         ?PR?_SYSSETTINGKEY?SYSSTATUS
            CODE    5E64H     00C6H     UNIT         ?PR?_SUBSETCON?SYSSTATUS
            CODE    5F2AH     00B4H     UNIT         ?PR?PWMTASK?AUDIO
            CODE    5FDEH     00ADH     UNIT         ?PR?_DISPLAYFL?LCD12864
            CODE    608BH     00A8H     UNIT         ?PR?SHOWINPUTPSW?SYSSTATUS
            CODE    6133H     00A7H     UNIT         ?PR?_SHOWMAIN?SYSSTRING
            CODE    61DAH     00A0H     UNIT         ?PR?_CHECKCARD?CARD
            CODE    627AH     009BH     UNIT         ?PR?_MP3_STARTPLAY?AUDIO
            CODE    6315H     009AH     UNIT         ?PR?UART3_INT?UART
            CODE    63AFH     0099H     UNIT         ?PR?_SPI_FLASH_READ?SPI
            CODE    6448H     0098H     UNIT         ?PR?_SPI_INIT?SPI
            CODE    64E0H     0091H     UNIT         ?PR?_BITBLT?LCD12864
            CODE    6571H     008EH     UNIT         ?PR?UART1_INT?UART
            CODE    65FFH     008CH     UNIT         ?C_C51STARTUP
            CODE    668BH     008BH     UNIT         ?PR?NAMESETCON?NAMELIST
            CODE    6716H     008BH     UNIT         ?PR?_WRITEBUF_AT24C02?EEPROM
            CODE    67A1H     008BH     UNIT         ?PR?PSWSETCON?UNLOCKPASSWORD
            CODE    682CH     008BH     UNIT         ?PR?CARDSETCON?CARD
            CODE    68B7H     008AH     UNIT         ?CO?SYSSTATUS
            CODE    6941H     0085H     UNIT         ?PR?_GETIDXBYROOM?SYSSTATUS
            CODE    69C6H     0078H     UNIT         ?PR?_CHECKPSW?UNLOCKPASSWORD
            CODE    6A3EH     0077H     UNIT         ?PR?_ADDNAMEITEM?NAMELIST
            CODE    6AB5H     0077H     UNIT         ?PR?_ADDPSWITEM?UNLOCKPASSWORD
            CODE    6B2CH     0070H     UNIT         ?PR?_WRITELCDICO?LCD12864
            CODE    6B9CH     006FH     UNIT         ?PR?_DELNAMEITEMBYIDX?NAMELIST
            CODE    6C0BH     006FH     UNIT         ?PR?_DELPSWBYIDX?UNLOCKPASSWORD
            CODE    6C7AH     006FH     UNIT         ?PR?_DELCARDBYIDX?CARD
            CODE    6CE9H     006BH     UNIT         ?PR?_SENDRELAY?DRIVER
            CODE    6D54H     0067H     UNIT         ?PR?SHOWINPUTROOM?SYSSTATUS
            CODE    6DBBH     0064H     UNIT         ?PR?_SYSCARD?SYSSTATUS
            CODE    6E1FH     0063H     UNIT         ?PR?_RELAYOPEN?DRIVER
            CODE    6E82H     0063H     UNIT         ?PR?_READBUF_AT24C02?EEPROM
            CODE    6EE5H     0063H     UNIT         ?PR?_EXT_INILIZE?EXTI
            CODE    6F48H     0059H     UNIT         ?PR?INITUSERPARA?SYSSTATUS
            CODE    6FA1H     0059H     UNIT         ?PR?_READROOMBYIDX?SYSSTATUS
            CODE    6FFAH     0058H     UNIT         ?PR?_BEEP_STARTPLAY?AUDIO
            CODE    7052H     0056H     UNIT         ?PR?UART_CONFIG?DRIVER
            CODE    70A8H     0055H     UNIT         ?PR?RINGTASK?AUDIO
            CODE    70FDH     0055H     UNIT         ?PR?TIMER4_INT?TIMER
            CODE    7152H     0053H     UNIT         ?PR?TIMER_CONFIG?DRIVER
            CODE    71A5H     004DH     UNIT         ?PR?_LCD_WDAT?LCD12864
            CODE    71F2H     0049H     UNIT         ?PR?_GETNAMEITEMBYROOM?NAMELIST
            CODE    723BH     0049H     UNIT         ?PR?_GETPSWBYROOM?UNLOCKPASSWORD
            CODE    7284H     0049H     UNIT         ?PR?SPI_TRANSIVION?SPI
            CODE    72CDH     0048H     UNIT         ?PR?UARTTASK?UART
            CODE    7315H     0044H     UNIT         ?PR?_HS_MEMCPY?DRIVER
            CODE    7359H     0043H     UNIT         ?PR?_LCD_WCMD?LCD12864
            CODE    739CH     0043H     UNIT         ?PR?SHOWTALKTIME?SYSSTRING
            CODE    73DFH     0040H     UNIT         ?PR?KEYBEEPTASK?AUDIO
            CODE    741FH     0040H     UNIT         ?PR?TIMER0_INT?TIMER
BL51 BANKED LINKER/LOCATER V6.22.2.0                                                  06/06/2022  10:51:46  PAGE 5


            CODE    745FH     0040H     UNIT         ?PR?EXT_INT0?EXTI
            CODE    749FH     003BH     UNIT         ?PR?_CARDEDITCARDIN?CARD
            CODE    74DAH     0039H     UNIT         ?PR?_IIC_SEND_BYTE?EEPROM
            CODE    7513H     0038H     UNIT         ?PR?SYSSETTINGCON?SYSSTATUS
            CODE    754BH     0037H     UNIT         ?CO?AUDIO
            CODE    7582H     0035H     UNIT         ?CO?DRIVER
            CODE    75B7H     0035H     UNIT         ?PR?MP3_STOP?AUDIO
            CODE    75ECH     0033H     UNIT         ?PR?DELETECARDCON?CARD
            CODE    761FH     0032H     UNIT         ?PR?FLASHTASK?LCD12864
            CODE    7651H     0032H     UNIT         ?PR?CARDMSTASK?CARDREAD
            CODE    7683H     0031H     UNIT         ?PR?_WRITECARDBYIDX?CARD
            CODE    76B4H     0031H     UNIT         ?PR?_READCARDBYIDX?CARD
            CODE    76E5H     0030H     UNIT         ?PR?INIT_12864?LCD12864
            CODE    7715H     0030H     UNIT         ?PR?_READNAMEITEMBYIDX?NAMELIST
            CODE    7745H     002FH     UNIT         ?PR?_INPUTROOMCON?SYSSTATUS
            CODE    7774H     002EH     UNIT         ?PR?_MEMISEMPTY?DRIVER
            CODE    77A2H     002EH     UNIT         ?PR?IIC_READ_BYTE?EEPROM
            CODE    77D0H     002CH     UNIT         ?PR?_CLEARBUF?DRIVER
            CODE    77FCH     002CH     UNIT         ?PR?TIMER1_INT?TIMER
            CODE    7828H     002BH     UNIT         ?PR?_UART3SENDBUF?UART
            CODE    7853H     0029H     UNIT         ?PR?_DELCARDBYCARD?CARD
            CODE    787CH     0029H     UNIT         ?PR?SPI_CONFIG?AUDIO
            CODE    78A5H     0029H     UNIT         ?PR?_WDT_INILIZE?WDT
            CODE    78CEH     0028H     UNIT         ?PR?_WRITEPSWBYIDX?UNLOCKPASSWORD
            CODE    78F6H     0028H     UNIT         ?PR?_TX3_WRITE2BUFF?UART
            CODE    791EH     0027H     UNIT         ?PR?_TX1_WRITE2BUFF?UART
            CODE    7945H     0026H     UNIT         ?PR?_DELAY?DRIVER
            CODE    796BH     0026H     UNIT         ?PR?_STRLEN?DRIVER
            CODE    7991H     0025H     UNIT         ?PR?DELETENAMECON?NAMELIST
            CODE    79B6H     0025H     UNIT         ?PR?IIC_ACK?EEPROM
            CODE    79DBH     0025H     UNIT         ?PR?_DELPSWBYROOM?UNLOCKPASSWORD
            CODE    7A00H     0025H     UNIT         ?PR?EDITPSWCON?UNLOCKPASSWORD
            CODE    7A25H     0025H     UNIT         ?PR?DELETEPSWCON?UNLOCKPASSWORD
            CODE    7A4AH     0025H     UNIT         ?PR?EDITSYSPSWCON?UNLOCKPASSWORD
            CODE    7A6FH     0025H     UNIT         ?PR?_DELCARDBYROOM?CARD
            CODE    7A94H     0025H     UNIT         ?PR?EDITCARDCON?CARD
            CODE    7AB9H     0025H     UNIT         ?PR?PWM_CONFIG?AUDIO
            CODE    7ADEH     0024H     UNIT         ?PR?INPUTPSWCON?UNLOCKPASSWORD
            CODE    7B02H     0023H     UNIT         ?PR?SAVENAMECOUNT?NAMELIST
            CODE    7B25H     0023H     UNIT         ?PR?SAVEPSWCOUNT?UNLOCKPASSWORD
            CODE    7B48H     0023H     UNIT         ?PR?SAVECARDCOUNT?CARD
            CODE    7B6BH     0022H     UNIT         ?PR?_SHOWNAMEBYIDX?NAMELIST
            CODE    7B8DH     0021H     UNIT         ?PR?LCD_BUSY?LCD12864
            CODE    7BAEH     0021H     UNIT         ?PR?_NAMESETKEY?NAMELIST
            CODE    7BCFH     0021H     UNIT         ?PR?_PSWSETKEY?UNLOCKPASSWORD
            CODE    7BF0H     0021H     UNIT         ?PR?_CARDSETKEY?CARD
            CODE    7C11H     0020H     UNIT         ?CO?CARDREAD
            CODE    7C31H     001DH     UNIT         ?PR?LCDCLEAR?LCD12864
            CODE    7C4EH     001DH     UNIT         ?PR?_CHECKUNICODE?LCD12864
            CODE    7C6BH     001DH     UNIT         ?PR?INPUTSYSPSWCON?SYSSTATUS
            CODE    7C88H     001DH     UNIT         ?PR?_READPSWBYIDX?UNLOCKPASSWORD
            CODE    7CA5H     001DH     UNIT         ?PR?SAVESYSPSW?UNLOCKPASSWORD
            CODE    7CC2H     001BH     UNIT         ?PR?_SPI_READWRITEBYTE?SPI
            CODE    7CDDH     001AH     UNIT         ?PR?RELAYTASK?DRIVER
            CODE    7CF7H     001AH     UNIT         ?PR?SYSIDLECON?SYSSTATUS
            CODE    7D11H     001AH     UNIT         ?PR?CARDREADINIT?CARDREAD
            CODE    7D2BH     0019H     UNIT         ?PR?EXTI_CONFIG?DRIVER
BL51 BANKED LINKER/LOCATER V6.22.2.0                                                  06/06/2022  10:51:46  PAGE 6


            CODE    7D44H     0019H     UNIT         ?PR?SHOWUNLOCK?SYSSTRING
            CODE    7D5DH     0019H     UNIT         ?PR?UART1CLEAR?UART
            CODE    7D76H     0019H     UNIT         ?PR?UART3CLEAR?UART
            CODE    7D8FH     0017H     UNIT         ?PR?_NAMEDELALLKEY?NAMELIST
            CODE    7DA6H     0017H     UNIT         ?PR?_PSWDELALLKEY?UNLOCKPASSWORD
            CODE    7DBDH     0017H     UNIT         ?PR?_CARDDELALLKEY?CARD
            CODE    7DD4H     0017H     UNIT         ?CO?CARD
            CODE    7DEBH     0016H     UNIT         ?PR?WDT_CONFIG?DRIVER
            CODE    7E01H     0016H     UNIT         ?PR?_HBSTRLEN?DRIVER
            CODE    7E17H     0016H     UNIT         ?PR?_DISPLAYSTRING?LCD12864
            CODE    7E2DH     0016H     UNIT         ?PR?DELETEALLNAMECON?NAMELIST
            CODE    7E43H     0016H     UNIT         ?PR?IIC_START?EEPROM
            CODE    7E59H     0016H     UNIT         ?PR?IIC_STOP?EEPROM
            CODE    7E6FH     0016H     UNIT         ?PR?DELETEALLPSWCON?UNLOCKPASSWORD
            CODE    7E85H     0016H     UNIT         ?PR?DELETEALLCARDCON?CARD
            CODE    7E9BH     0015H     UNIT         ?CO?UNLOCKPASSWORD
            CODE    7EB0H     0015H     UNIT         ?PR?SHOWSAVEOK?SYSSTRING
            CODE    7EC5H     0015H     UNIT         ?PR?SHOWCARDERR?SYSSTRING
            CODE    7EDAH     0014H     UNIT         ?PR?GETCHAR?GETCHAR
            CODE    7EEEH     0014H     UNIT         ?PR?_ISSPACE?ISSPACE
            CODE    7F02H     0013H     UNIT         ?PR?INITNAMELIST?NAMELIST
            CODE    7F15H     0013H     UNIT         ?PR?IIC_AACK?EEPROM
            CODE    7F28H     0013H     UNIT         ?PR?INITPSW?UNLOCKPASSWORD
            CODE    7F3BH     0013H     UNIT         ?PR?INITCARD?CARD
            CODE    7F4EH     0012H     UNIT         ?PR?_DISPLAYICO?LCD12864
            CODE    7F60H     0012H     UNIT         ?PR?_IIC_DELAYMS?EEPROM
            CODE    7F72H     0011H     UNIT         ?PR?UNLOCK?DRIVER
            CODE    7F83H     0011H     UNIT         ?PR?_DELNAMEITEMBYROOM?NAMELIST
            CODE    7F94H     0010H     UNIT         ?PR?LCDADDROW?LCD12864
            CODE    7FA4H     0010H     UNIT         ?PR?SHOWCONFIRMSAVE?SYSSTRING
            CODE    7FB4H     0010H     UNIT         ?PR?SHOWCONFIRMDEL?SYSSTRING
            CODE    7FC4H     0010H     UNIT         ?PR?SHOWERR?SYSSTRING
            CODE    7FD4H     0010H     UNIT         ?PR?SHOWDELETEOK?SYSSTRING
            CODE    7FE4H     0010H     UNIT         ?PR?SHOWROOMERR?SYSSTRING
            CODE    7FF4H     0010H     UNIT         ?PR?SHOWRESET?SYSSTRING
            CODE    8004H     000EH     UNIT         ?PR?_PUTCHAR?DRIVER
            CODE    8012H     000EH     UNIT         ?PR?_STARTRING?AUDIO
            CODE    8020H     000AH     UNIT         ?PR?CLEARNAMELIST?NAMELIST
            CODE    802AH     000AH     UNIT         ?PR?CLEARPSW?UNLOCKPASSWORD
            CODE    8034H     000AH     UNIT         ?PR?CLEARCARD?CARD
            CODE    803EH     000AH     UNIT         ?PR?_GETKEY?_GETKEY
            CODE    8048H     0009H     UNIT         ?CO?MAIN
            CODE    8051H     0009H     UNIT         ?PR?_SETFLASH?LCD12864
            CODE    805AH     0009H     UNIT         ?PR?WGOK?CARDREAD
            CODE    8063H     0008H     UNIT         ?PR?GETCHAR?UNGETCHAR
            CODE    806BH     0007H     UNIT         ?PR?RELAYCLOASEALL?DRIVER



OVERLAY MAP OF MODULE:   .\Objects\FSK (?C_STARTUP)


SEGMENT                                       BIT_GROUP          DATA_GROUP          XDATA_GROUP
  +--> CALLED SEGMENT                      START    LENGTH     START    LENGTH     START    LENGTH
--------------------------------------------------------------------------------------------------
?C_C51STARTUP                              -----    -----      -----    -----      -----    -----
  +--> ?PR?MAIN?MAIN
BL51 BANKED LINKER/LOCATER V6.22.2.0                                                  06/06/2022  10:51:46  PAGE 7


  +--> ?C_INITSEG

?PR?MAIN?MAIN                              -----    -----      -----    -----      -----    -----
  +--> ?PR?_DELAY?DRIVER
  +--> ?PR?GPIO_CONFIG?DRIVER
  +--> ?PR?TIMER_CONFIG?DRIVER
  +--> ?PR?UART_CONFIG?DRIVER
  +--> ?PR?EXTI_CONFIG?DRIVER
  +--> ?PR?SPI_CONFIG?AUDIO
  +--> ?PR?PWM_CONFIG?AUDIO
  +--> ?PR?INIT_12864?LCD12864
  +--> ?PR?INITSYSPARA?SYSSTATUS
  +--> ?PR?INITUSERPARA?SYSSTATUS
  +--> ?PR?WDT_CONFIG?DRIVER
  +--> ?PR?SYSIDLECON?SYSSTATUS
  +--> ?PR?_BEEP_STARTPLAY?AUDIO
  +--> ?PR?_REVNAMELIST?NAMELIST
  +--> ?PR?UART1CLEAR?UART
  +--> ?CO?MAIN
  +--> ?PR?PRINTF?PRINTF
  +--> ?PR?UART3CLEAR?UART
  +--> ?PR?WAVREADTASK?AUDIO
  +--> ?PR?UARTTASK?UART
  +--> ?PR?FLASHTASK?LCD12864
  +--> ?PR?WDT_CLEAR?WDT
  +--> ?PR?RELAYTASK?DRIVER
  +--> ?PR?SHOWTALKTIME?SYSSTRING
  +--> ?PR?_SHOWMAIN?SYSSTRING
  +--> ?PR?_NAMEEDITKEY?NAMELIST
  +--> ?PR?KEYSCAN?DRIVER
  +--> ?PR?_SYSKEY?SYSSTATUS
  +--> ?PR?SKEYSCAN?DRIVER
  +--> ?PR?CARDMSTASK?CARDREAD
  +--> ?PR?WGOK?CARDREAD
  +--> ?PR?_SYSCARD?SYSSTATUS
  +--> ?PR?CARDREADINIT?CARDREAD

?PR?GPIO_CONFIG?DRIVER                     -----    -----      -----    -----      1081H    0002H
  +--> ?PR?_GPIO_INILIZE?GPIO
  +--> ?PR?RELAYCLOASEALL?DRIVER

?PR?TIMER_CONFIG?DRIVER                    -----    -----      -----    -----      1081H    0008H
  +--> ?PR?_TIMER_INILIZE?TIMER

?PR?UART_CONFIG?DRIVER                     -----    -----      -----    -----      1081H    000CH
  +--> ?PR?_UART_CONFIGURATION?UART
  +--> ?CO?DRIVER
  +--> ?PR?PRINTF?PRINTF
  +--> ?PR?_TX3_WRITE2BUFF?UART

?PR?_UART_CONFIGURATION?UART               -----    -----      -----    -----      108DH    000AH

?PR?PRINTF?PRINTF                          0020H.1  0001H.1    0008H    0005H      1107H    0028H
  +--> ?PR?_PUTCHAR?DRIVER

?PR?_PUTCHAR?DRIVER                        -----    -----      -----    -----      112FH    0001H
  +--> ?PR?_TX1_WRITE2BUFF?UART
BL51 BANKED LINKER/LOCATER V6.22.2.0                                                  06/06/2022  10:51:46  PAGE 8



?PR?EXTI_CONFIG?DRIVER                     -----    -----      -----    -----      1081H    0003H
  +--> ?PR?_EXT_INILIZE?EXTI

?PR?SPI_CONFIG?AUDIO                       -----    -----      -----    -----      1081H    0009H
  +--> ?PR?_SPI_INIT?SPI

?PR?INIT_12864?LCD12864                    -----    -----      -----    -----      -----    -----
  +--> ?PR?_LCD_WCMD?LCD12864

?PR?_LCD_WCMD?LCD12864                     -----    -----      -----    -----      110FH    0001H
  +--> ?PR?LCD_BUSY?LCD12864
  +--> ?PR?_BEEP_STARTPLAY?AUDIO

?PR?LCD_BUSY?LCD12864                      0020H.2  0000H.1    -----    -----      -----    -----

?PR?_BEEP_STARTPLAY?AUDIO                  -----    -----      -----    -----      -----    -----
  +--> ?PR?KEYBEEPTASK?AUDIO

?PR?KEYBEEPTASK?AUDIO                      -----    -----      -----    -----      -----    -----
  +--> ?CO?AUDIO

?PR?INITSYSPARA?SYSSTATUS                  0020H.0  0000H.1    -----    -----      -----    -----
  +--> ?PR?_READBUF_AT24C02?EEPROM
  +--> ?PR?_WRITEBUF_AT24C02?EEPROM
  +--> ?CO?SYSSTATUS
  +--> ?PR?PRINTF?PRINTF

?PR?_READBUF_AT24C02?EEPROM                -----    -----      -----    -----      10E6H    0008H
  +--> ?PR?IIC_ACK?EEPROM
  +--> ?PR?_IIC_SEND_BYTE?EEPROM
  +--> ?PR?IIC_START?EEPROM
  +--> ?PR?IIC_READ_BYTE?EEPROM
  +--> ?PR?IIC_AACK?EEPROM
  +--> ?PR?IIC_NACK?EEPROM
  +--> ?PR?IIC_STOP?EEPROM

?PR?IIC_ACK?EEPROM                         -----    -----      -----    -----      -----    -----
  +--> ?PR?IIC_START?EEPROM
  +--> ?PR?_IIC_SEND_BYTE?EEPROM

?PR?_WRITEBUF_AT24C02?EEPROM               -----    -----      -----    -----      10E6H    0007H
  +--> ?PR?_IIC_SEND_BYTE?EEPROM
  +--> ?PR?IIC_ACK?EEPROM
  +--> ?PR?IIC_STOP?EEPROM
  +--> ?PR?_IIC_DELAYMS?EEPROM

?PR?INITUSERPARA?SYSSTATUS                 -----    -----      -----    -----      -----    -----
  +--> ?PR?_READBUF_AT24C02?EEPROM
  +--> ?PR?_WRITEBUF_AT24C02?EEPROM
  +--> ?PR?INITNAMELIST?NAMELIST
  +--> ?PR?INITPSW?UNLOCKPASSWORD
  +--> ?PR?INITCARD?CARD

?PR?INITNAMELIST?NAMELIST                  -----    -----      -----    -----      -----    -----
  +--> ?PR?CLEARNAMELIST?NAMELIST

BL51 BANKED LINKER/LOCATER V6.22.2.0                                                  06/06/2022  10:51:46  PAGE 9


?PR?CLEARNAMELIST?NAMELIST                 -----    -----      -----    -----      -----    -----
  +--> ?PR?SAVENAMECOUNT?NAMELIST

?PR?SAVENAMECOUNT?NAMELIST                 -----    -----      -----    -----      -----    -----
  +--> ?PR?_WRITEBUF_AT24C02?EEPROM

?PR?INITPSW?UNLOCKPASSWORD                 -----    -----      -----    -----      -----    -----
  +--> ?PR?CLEARPSW?UNLOCKPASSWORD

?PR?CLEARPSW?UNLOCKPASSWORD                -----    -----      -----    -----      -----    -----
  +--> ?PR?SAVEPSWCOUNT?UNLOCKPASSWORD

?PR?SAVEPSWCOUNT?UNLOCKPASSWORD            -----    -----      -----    -----      -----    -----
  +--> ?PR?_WRITEBUF_AT24C02?EEPROM

?PR?INITCARD?CARD                          -----    -----      -----    -----      -----    -----
  +--> ?PR?CLEARCARD?CARD

?PR?CLEARCARD?CARD                         -----    -----      -----    -----      -----    -----
  +--> ?PR?SAVECARDCOUNT?CARD

?PR?SAVECARDCOUNT?CARD                     -----    -----      -----    -----      -----    -----
  +--> ?PR?_WRITEBUF_AT24C02?EEPROM

?PR?WDT_CONFIG?DRIVER                      -----    -----      -----    -----      1081H    0003H
  +--> ?PR?_WDT_INILIZE?WDT

?PR?SYSIDLECON?SYSSTATUS                   -----    -----      -----    -----      -----    -----
  +--> ?PR?_SHOWMAIN?SYSSTRING

?PR?_SHOWMAIN?SYSSTRING                    -----    -----      -----    -----      1083H    0001H
  +--> ?PR?LCDCLEAR?LCD12864
  +--> ?PR?SHOWGSMCSQ?SYSSTRING
  +--> ?CO?SYSSTRING
  +--> ?PR?_DISPLAYSTRING?LCD12864
  +--> ?PR?_DISPLAYICO?LCD12864

?PR?LCDCLEAR?LCD12864                      -----    -----      -----    -----      -----    -----
  +--> ?PR?_LCD_WCMD?LCD12864
  +--> ?PR?_CLEARBUF?DRIVER
  +--> ?PR?_SETFLASH?LCD12864

?PR?_CLEARBUF?DRIVER                       -----    -----      -----    -----      1107H    0003H

?PR?_DISPLAYSTRING?LCD12864                -----    -----      -----    -----      -----    -----
  +--> ?PR?_WRITELCD?LCD12864
  +--> ?PR?_BITBLT?LCD12864

?PR?_WRITELCD?LCD12864                     -----    -----      -----    -----      1107H    0008H
  +--> ?PR?_CHECKUNICODE?LCD12864
  +--> ?PR?LCDADDROW?LCD12864
  +--> ?CO?LCD12864

?PR?_BITBLT?LCD12864                       -----    -----      -----    -----      1107H    0008H
  +--> ?PR?_LCD_WCMD?LCD12864
  +--> ?PR?_LCD_WDAT?LCD12864
  +--> ?PR?WAVREADTASK?AUDIO
BL51 BANKED LINKER/LOCATER V6.22.2.0                                                  06/06/2022  10:51:46  PAGE 10



?PR?_LCD_WDAT?LCD12864                     -----    -----      -----    -----      110FH    0001H
  +--> ?PR?LCD_BUSY?LCD12864
  +--> ?PR?_BEEP_STARTPLAY?AUDIO

?PR?WAVREADTASK?AUDIO                      -----    -----      -----    -----      110FH    0001H
  +--> ?PR?WDT_CLEAR?WDT
  +--> ?PR?MP3_STOP?AUDIO
  +--> ?PR?_SPI_FLASH_READ?SPI

?PR?_SPI_FLASH_READ?SPI                    -----    -----      -----    -----      1110H    000DH
  +--> ?PR?_DELAY?DRIVER
  +--> ?PR?_SPI_READWRITEBYTE?SPI

?PR?_DISPLAYICO?LCD12864                   -----    -----      -----    -----      -----    -----
  +--> ?PR?_WRITELCDICO?LCD12864
  +--> ?PR?_BITBLT?LCD12864

?PR?_WRITELCDICO?LCD12864                  -----    -----      -----    -----      1084H    0007H
  +--> ?CO?LCD12864

?PR?_REVNAMELIST?NAMELIST                  -----    -----      -----    -----      1081H    0037H
  +--> ?CO?NAMELIST
  +--> ?PR?PRINTF?PRINTF
  +--> ?PR?_LOOKFORSTR?DRIVER
  +--> ?PR?SCANF?SCANF
  +--> ?PR?_CLEARBUF?DRIVER
  +--> ?PR?_ADDNAMEITEM?NAMELIST

?PR?_LOOKFORSTR?DRIVER                     -----    -----      -----    -----      10B8H    000AH

?PR?SCANF?SCANF                            0020H.0  0000H.6    0008H    0005H      10B8H    002EH
  +--> ?PR?GETCHAR?UNGETCHAR
  +--> ?PR?_ISSPACE?ISSPACE
  +--> ?PR?GETCHAR?GETCHAR

?PR?GETCHAR?GETCHAR                        -----    -----      -----    -----      -----    -----
  +--> ?PR?_GETKEY?_GETKEY
  +--> ?PR?_PUTCHAR?DRIVER

?PR?_ADDNAMEITEM?NAMELIST                  -----    -----      -----    -----      10B8H    0005H
  +--> ?PR?_GETIDXBYROOM?SYSSTATUS
  +--> ?PR?_WRITENAMEITEMBYIDX?NAMELIST
  +--> ?PR?SAVENAMECOUNT?NAMELIST

?PR?_GETIDXBYROOM?SYSSTATUS                -----    -----      -----    -----      10BDH    0007H
  +--> ?PR?_READROOMBYIDX?SYSSTATUS

?PR?_READROOMBYIDX?SYSSTATUS               -----    -----      -----    -----      10C4H    0002H
  +--> ?PR?_READBUF_AT24C02?EEPROM

?PR?_WRITENAMEITEMBYIDX?NAMELIST           -----    -----      -----    -----      10E3H    0003H
  +--> ?PR?_WRITEBUF_AT24C02?EEPROM

?PR?UART1CLEAR?UART                        -----    -----      -----    -----      -----    -----
  +--> ?PR?_CLEARBUF?DRIVER

BL51 BANKED LINKER/LOCATER V6.22.2.0                                                  06/06/2022  10:51:46  PAGE 11


?PR?UART3CLEAR?UART                        -----    -----      -----    -----      -----    -----
  +--> ?PR?_CLEARBUF?DRIVER

?PR?UARTTASK?UART                          -----    -----      -----    -----      -----    -----
  +--> ?PR?UART1CLEAR?UART
  +--> ?PR?UART3CLEAR?UART

?PR?FLASHTASK?LCD12864                     -----    -----      -----    -----      -----    -----
  +--> ?PR?_DISPLAYFL?LCD12864

?PR?_DISPLAYFL?LCD12864                    0020H.0  0000H.1    -----    -----      1081H    0002H
  +--> ?PR?_LCD_WCMD?LCD12864
  +--> ?PR?_LCD_WDAT?LCD12864

?PR?RELAYTASK?DRIVER                       -----    -----      -----    -----      -----    -----
  +--> ?PR?RELAYCLOASEALL?DRIVER

?PR?SHOWTALKTIME?SYSSTRING                 -----    -----      -----    -----      -----    -----
  +--> ?PR?LCDCLEAR?LCD12864
  +--> ?CO?SYSSTRING
  +--> ?PR?_DISPLAYSTRING?LCD12864
  +--> ?PR?PRINTF?PRINTF

?PR?_NAMEEDITKEY?NAMELIST                  -----    -----      -----    -----      1082H    0001H
  +--> ?PR?_CLEARBUF?DRIVER
  +--> ?PR?_ADDNAMEITEM?NAMELIST
  +--> ?PR?SHOWSAVEOK?SYSSTRING
  +--> ?PR?SHOWERR?SYSSTRING
  +--> ?PR?NAMEEDITCHAGETYPE?NAMELIST
  +--> ?PR?NAMESETCON?NAMELIST
  +--> ?PR?_HBSTRLEN?DRIVER
  +--> ?CO?SYSSTRING
  +--> ?CO?NAMELIST
  +--> ?PR?_SHOWNAME?NAMELIST

?PR?SHOWSAVEOK?SYSSTRING                   -----    -----      -----    -----      -----    -----
  +--> ?PR?LCDCLEAR?LCD12864
  +--> ?CO?SYSSTRING
  +--> ?PR?_DISPLAYSTRING?LCD12864
  +--> ?PR?_MP3_STARTPLAY?AUDIO

?PR?_MP3_STARTPLAY?AUDIO                   -----    -----      -----    -----      1089H    0001H
  +--> ?PR?WDT_CLEAR?WDT
  +--> ?PR?_DELAY?DRIVER
  +--> ?PR?WAVREADTASK?AUDIO

?PR?SHOWERR?SYSSTRING                      -----    -----      -----    -----      -----    -----
  +--> ?PR?LCDCLEAR?LCD12864
  +--> ?CO?SYSSTRING
  +--> ?PR?_DISPLAYSTRING?LCD12864

?PR?NAMEEDITCHAGETYPE?NAMELIST             -----    -----      -----    -----      1083H    0030H
  +--> ?PR?_GETNAMEITEMBYROOM?NAMELIST
  +--> ?PR?_HS_MEMCPY?DRIVER
  +--> ?PR?_STRLEN?DRIVER
  +--> ?PR?SHOWCONFIRMSAVE?SYSSTRING

BL51 BANKED LINKER/LOCATER V6.22.2.0                                                  06/06/2022  10:51:46  PAGE 12


?PR?_GETNAMEITEMBYROOM?NAMELIST            -----    -----      -----    -----      10B3H    0005H
  +--> ?PR?_GETIDXBYROOM?SYSSTATUS
  +--> ?PR?_READNAMEITEMBYIDX?NAMELIST

?PR?_READNAMEITEMBYIDX?NAMELIST            -----    -----      -----    -----      10E3H    0003H
  +--> ?PR?_READBUF_AT24C02?EEPROM

?PR?_HS_MEMCPY?DRIVER                      -----    -----      -----    -----      10B3H    0008H

?PR?_STRLEN?DRIVER                         -----    -----      -----    -----      1107H    0003H

?PR?SHOWCONFIRMSAVE?SYSSTRING              -----    -----      -----    -----      -----    -----
  +--> ?PR?LCDCLEAR?LCD12864
  +--> ?CO?SYSSTRING
  +--> ?PR?_DISPLAYSTRING?LCD12864

?PR?NAMESETCON?NAMELIST                    -----    -----      -----    -----      10B3H    000AH
  +--> ?PR?LCDCLEAR?LCD12864
  +--> ?CO?SYSSTRING
  +--> ?PR?_DISPLAYSTRING?LCD12864
  +--> ?CO?NAMELIST
  +--> ?PR?PRINTF?PRINTF
  +--> ?PR?_HBSTRLEN?DRIVER
  +--> ?PR?_STRLEN?DRIVER

?PR?_SHOWNAME?NAMELIST                     0020H.0  0000H.1    -----    -----      10B3H    0054H
  +--> ?PR?LCDCLEAR?LCD12864
  +--> ?CO?SYSSTRING
  +--> ?PR?_DISPLAYSTRING?LCD12864
  +--> ?CO?NAMELIST
  +--> ?PR?PRINTF?PRINTF
  +--> ?PR?_HBSTRLEN?DRIVER
  +--> ?PR?_STRLEN?DRIVER
  +--> ?PR?_SETFLASH?LCD12864

?PR?KEYSCAN?DRIVER                         -----    -----      -----    -----      1081H    0001H

?PR?_SYSKEY?SYSSTATUS                      -----    -----      -----    -----      1081H    0001H
  +--> ?PR?_SYSIDLEKEY?SYSSTATUS
  +--> ?PR?_SYSSETTINGKEY?SYSSTATUS
  +--> ?PR?_NAMESETKEY?NAMELIST
  +--> ?PR?_NAMEEDITKEY?NAMELIST
  +--> ?PR?_NAMEDELETEKEY?NAMELIST
  +--> ?PR?_NAMEDELALLKEY?NAMELIST
  +--> ?PR?_PSWSETKEY?UNLOCKPASSWORD
  +--> ?PR?_PSWEDITKEY?UNLOCKPASSWORD
  +--> ?PR?_PSWDELETEKEY?UNLOCKPASSWORD
  +--> ?PR?_PSWDELALLKEY?UNLOCKPASSWORD
  +--> ?PR?_PSWINPUTKEY?UNLOCKPASSWORD
  +--> ?PR?_SYSINPUTROOM?SYSSTATUS
  +--> ?PR?_INPUTSYSPSW?SYSSTATUS
  +--> ?PR?_SYSPSWEDITKEY?UNLOCKPASSWORD
  +--> ?PR?_SYSTALKKEY?SYSSTATUS
  +--> ?PR?_SYSSUBSETKEY?SYSSTATUS
  +--> ?PR?_CARDSETKEY?CARD
  +--> ?PR?_CARDEDITKEY?CARD
  +--> ?PR?_CARDDELETEKEY?CARD
BL51 BANKED LINKER/LOCATER V6.22.2.0                                                  06/06/2022  10:51:46  PAGE 13


  +--> ?PR?_CARDDELALLKEY?CARD

?PR?_SYSIDLEKEY?SYSSTATUS                  -----    -----      -----    -----      1082H    0001H
  +--> ?PR?SYSIDLECON?SYSSTATUS
  +--> ?PR?INPUTPSWCON?UNLOCKPASSWORD
  +--> ?PR?INPUTSYSPSWCON?SYSSTATUS
  +--> ?PR?_SHOWNAMEBYIDX?NAMELIST
  +--> ?PR?_READNAMEITEMBYIDX?NAMELIST
  +--> ?PR?_CALLBYNAMEITEM?NAMELIST
  +--> ?PR?SHOWERR?SYSSTRING
  +--> ?PR?_INPUTROOMCON?SYSSTATUS

?PR?INPUTPSWCON?UNLOCKPASSWORD             -----    -----      -----    -----      -----    -----
  +--> ?PR?_CLEARBUF?DRIVER
  +--> ?PR?_SHOWPSW?UNLOCKPASSWORD
  +--> ?PR?_MP3_STARTPLAY?AUDIO

?PR?_SHOWPSW?UNLOCKPASSWORD                0020H.0  0000H.1    -----    -----      1089H    001CH
  +--> ?PR?LCDCLEAR?LCD12864
  +--> ?CO?SYSSTRING
  +--> ?PR?_DISPLAYSTRING?LCD12864
  +--> ?CO?UNLOCKPASSWORD
  +--> ?PR?PRINTF?PRINTF
  +--> ?PR?_HBSTRLEN?DRIVER
  +--> ?PR?_STRLEN?DRIVER
  +--> ?PR?_SETFLASH?LCD12864

?PR?INPUTSYSPSWCON?SYSSTATUS               -----    -----      -----    -----      -----    -----
  +--> ?PR?SHOWINPUTPSW?SYSSTATUS
  +--> ?PR?_MP3_STARTPLAY?AUDIO

?PR?SHOWINPUTPSW?SYSSTATUS                 -----    -----      -----    -----      1083H    001FH
  +--> ?PR?LCDCLEAR?LCD12864
  +--> ?CO?SYSSTRING
  +--> ?PR?_DISPLAYSTRING?LCD12864
  +--> ?CO?SYSSTATUS
  +--> ?PR?PRINTF?PRINTF
  +--> ?PR?_STRLEN?DRIVER
  +--> ?PR?_SETFLASH?LCD12864

?PR?_SHOWNAMEBYIDX?NAMELIST                -----    -----      -----    -----      1083H    002EH
  +--> ?PR?_READNAMEITEMBYIDX?NAMELIST
  +--> ?PR?_SHOWNAME?NAMELIST

?PR?_CALLBYNAMEITEM?NAMELIST               -----    -----      -----    -----      1083H    0017H
  +--> ?PR?LCDCLEAR?LCD12864
  +--> ?PR?_RELAYOPEN?DRIVER
  +--> ?PR?_STARTRING?AUDIO
  +--> ?PR?_STRLEN?DRIVER
  +--> ?CO?SYSSTRING
  +--> ?PR?_DISPLAYSTRING?LCD12864
  +--> ?CO?NAMELIST
  +--> ?PR?PRINTF?PRINTF
  +--> ?PR?_HBSTRLEN?DRIVER

?PR?_RELAYOPEN?DRIVER                      -----    -----      -----    -----      109AH    0003H
  +--> ?PR?_SENDRELAY?DRIVER
BL51 BANKED LINKER/LOCATER V6.22.2.0                                                  06/06/2022  10:51:46  PAGE 14



?PR?_SENDRELAY?DRIVER                      -----    -----      -----    -----      109DH    000CH
  +--> ?PR?_UART3SENDBUF?UART

?PR?_UART3SENDBUF?UART                     -----    -----      -----    -----      10A9H    0003H
  +--> ?PR?_TX3_WRITE2BUFF?UART

?PR?_INPUTROOMCON?SYSSTATUS                -----    -----      -----    -----      -----    -----
  +--> ?PR?SHOWINPUTROOM?SYSSTATUS
  +--> ?PR?_CLEARBUF?DRIVER
  +--> ?PR?_MP3_STARTPLAY?AUDIO

?PR?SHOWINPUTROOM?SYSSTATUS                -----    -----      -----    -----      1083H    0018H
  +--> ?PR?LCDCLEAR?LCD12864
  +--> ?CO?SYSSTRING
  +--> ?PR?_DISPLAYSTRING?LCD12864
  +--> ?CO?SYSSTATUS
  +--> ?PR?PRINTF?PRINTF
  +--> ?PR?_HBSTRLEN?DRIVER
  +--> ?PR?_STRLEN?DRIVER

?PR?_SYSSETTINGKEY?SYSSTATUS               -----    -----      -----    -----      1082H    0001H
  +--> ?PR?SYSIDLECON?SYSSTATUS
  +--> ?PR?EDITSYSPSWCON?UNLOCKPASSWORD
  +--> ?PR?NAMESETCON?NAMELIST
  +--> ?PR?PSWSETCON?UNLOCKPASSWORD
  +--> ?PR?CARDSETCON?CARD
  +--> ?PR?_SUBSETCON?SYSSTATUS

?PR?EDITSYSPSWCON?UNLOCKPASSWORD           -----    -----      -----    -----      -----    -----
  +--> ?PR?_CLEARBUF?DRIVER
  +--> ?PR?_SHOWPSW?UNLOCKPASSWORD

?PR?PSWSETCON?UNLOCKPASSWORD               -----    -----      -----    -----      1089H    000AH
  +--> ?PR?LCDCLEAR?LCD12864
  +--> ?CO?SYSSTRING
  +--> ?PR?_DISPLAYSTRING?LCD12864
  +--> ?CO?UNLOCKPASSWORD
  +--> ?PR?PRINTF?PRINTF
  +--> ?PR?_HBSTRLEN?DRIVER
  +--> ?PR?_STRLEN?DRIVER

?PR?CARDSETCON?CARD                        -----    -----      -----    -----      1085H    000AH
  +--> ?PR?LCDCLEAR?LCD12864
  +--> ?CO?SYSSTRING
  +--> ?PR?_DISPLAYSTRING?LCD12864
  +--> ?CO?CARD
  +--> ?PR?PRINTF?PRINTF
  +--> ?PR?_HBSTRLEN?DRIVER
  +--> ?PR?_STRLEN?DRIVER

?PR?_SUBSETCON?SYSSTATUS                   -----    -----      -----    -----      -----    -----
  +--> ?PR?SHOWSUBPARA?SYSSTATUS

?PR?SHOWSUBPARA?SYSSTATUS                  -----    -----      -----    -----      1083H    0018H
  +--> ?PR?LCDCLEAR?LCD12864
  +--> ?CO?SYSSTATUS
BL51 BANKED LINKER/LOCATER V6.22.2.0                                                  06/06/2022  10:51:46  PAGE 15


  +--> ?CO?SYSSTRING
  +--> ?PR?PRINTF?PRINTF
  +--> ?PR?_DISPLAYSTRING?LCD12864

?PR?_NAMESETKEY?NAMELIST                   -----    -----      -----    -----      -----    -----
  +--> ?PR?EDITNAMEITEMCON?NAMELIST
  +--> ?PR?DELETENAMECON?NAMELIST
  +--> ?PR?DELETEALLNAMECON?NAMELIST
  +--> ?PR?SYSSETTINGCON?SYSSTATUS

?PR?EDITNAMEITEMCON?NAMELIST               -----    -----      -----    -----      -----    -----
  +--> ?PR?_CLEARBUF?DRIVER
  +--> ?PR?_SHOWNAME?NAMELIST

?PR?DELETENAMECON?NAMELIST                 -----    -----      -----    -----      -----    -----
  +--> ?PR?_CLEARBUF?DRIVER
  +--> ?PR?_SHOWNAME?NAMELIST

?PR?DELETEALLNAMECON?NAMELIST              -----    -----      -----    -----      -----    -----
  +--> ?PR?LCDCLEAR?LCD12864
  +--> ?CO?SYSSTRING
  +--> ?PR?_DISPLAYSTRING?LCD12864

?PR?SYSSETTINGCON?SYSSTATUS                -----    -----      -----    -----      -----    -----
  +--> ?PR?LCDCLEAR?LCD12864
  +--> ?CO?SYSSTRING
  +--> ?PR?_DISPLAYSTRING?LCD12864
  +--> ?PR?_DISPLAYICO?LCD12864

?PR?_NAMEDELETEKEY?NAMELIST                -----    -----      -----    -----      1082H    0031H
  +--> ?PR?_CLEARBUF?DRIVER
  +--> ?PR?_DELNAMEITEMBYROOM?NAMELIST
  +--> ?PR?_GETNAMEITEMBYROOM?NAMELIST
  +--> ?PR?_HS_MEMCPY?DRIVER
  +--> ?PR?_STRLEN?DRIVER
  +--> ?PR?SHOWCONFIRMDEL?SYSSTRING
  +--> ?PR?NAMESETCON?NAMELIST
  +--> ?PR?_SHOWNAME?NAMELIST

?PR?_DELNAMEITEMBYROOM?NAMELIST            -----    -----      -----    -----      -----    -----
  +--> ?PR?_GETIDXBYROOM?SYSSTATUS
  +--> ?PR?_DELNAMEITEMBYIDX?NAMELIST

?PR?_DELNAMEITEMBYIDX?NAMELIST             -----    -----      -----    -----      10B3H    0030H
  +--> ?PR?SAVENAMECOUNT?NAMELIST
  +--> ?PR?_READNAMEITEMBYIDX?NAMELIST
  +--> ?PR?_WRITENAMEITEMBYIDX?NAMELIST

?PR?SHOWCONFIRMDEL?SYSSTRING               -----    -----      -----    -----      -----    -----
  +--> ?PR?LCDCLEAR?LCD12864
  +--> ?CO?SYSSTRING
  +--> ?PR?_DISPLAYSTRING?LCD12864

?PR?_NAMEDELALLKEY?NAMELIST                -----    -----      -----    -----      -----    -----
  +--> ?PR?CLEARNAMELIST?NAMELIST
  +--> ?PR?SHOWDELETEOK?SYSSTRING
  +--> ?PR?NAMESETCON?NAMELIST
BL51 BANKED LINKER/LOCATER V6.22.2.0                                                  06/06/2022  10:51:46  PAGE 16



?PR?SHOWDELETEOK?SYSSTRING                 -----    -----      -----    -----      -----    -----
  +--> ?PR?LCDCLEAR?LCD12864
  +--> ?CO?SYSSTRING
  +--> ?PR?_DISPLAYSTRING?LCD12864

?PR?_PSWSETKEY?UNLOCKPASSWORD              -----    -----      -----    -----      -----    -----
  +--> ?PR?EDITPSWCON?UNLOCKPASSWORD
  +--> ?PR?DELETEPSWCON?UNLOCKPASSWORD
  +--> ?PR?DELETEALLPSWCON?UNLOCKPASSWORD
  +--> ?PR?SYSSETTINGCON?SYSSTATUS

?PR?EDITPSWCON?UNLOCKPASSWORD              -----    -----      -----    -----      -----    -----
  +--> ?PR?_CLEARBUF?DRIVER
  +--> ?PR?_SHOWPSW?UNLOCKPASSWORD

?PR?DELETEPSWCON?UNLOCKPASSWORD            -----    -----      -----    -----      -----    -----
  +--> ?PR?_CLEARBUF?DRIVER
  +--> ?PR?_SHOWPSW?UNLOCKPASSWORD

?PR?DELETEALLPSWCON?UNLOCKPASSWORD         -----    -----      -----    -----      -----    -----
  +--> ?PR?LCDCLEAR?LCD12864
  +--> ?CO?SYSSTRING
  +--> ?PR?_DISPLAYSTRING?LCD12864

?PR?_PSWEDITKEY?UNLOCKPASSWORD             -----    -----      -----    -----      1082H    0007H
  +--> ?PR?_CLEARBUF?DRIVER
  +--> ?PR?_ADDPSWITEM?UNLOCKPASSWORD
  +--> ?PR?SHOWSAVEOK?SYSSTRING
  +--> ?PR?SHOWERR?SYSSTRING
  +--> ?PR?SHOWCONFIRMSAVE?SYSSTRING
  +--> ?PR?PSWSETCON?UNLOCKPASSWORD
  +--> ?PR?_SHOWPSW?UNLOCKPASSWORD

?PR?_ADDPSWITEM?UNLOCKPASSWORD             -----    -----      -----    -----      1089H    0005H
  +--> ?PR?_GETIDXBYROOM?SYSSTATUS
  +--> ?PR?_WRITEPSWBYIDX?UNLOCKPASSWORD
  +--> ?PR?SAVEPSWCOUNT?UNLOCKPASSWORD

?PR?_WRITEPSWBYIDX?UNLOCKPASSWORD          -----    -----      -----    -----      -----    -----
  +--> ?PR?_WRITEBUF_AT24C02?EEPROM

?PR?_PSWDELETEKEY?UNLOCKPASSWORD           -----    -----      -----    -----      1082H    0003H
  +--> ?PR?_CLEARBUF?DRIVER
  +--> ?PR?_DELPSWBYROOM?UNLOCKPASSWORD
  +--> ?PR?SHOWDELETEOK?SYSSTRING
  +--> ?PR?SHOWCONFIRMDEL?SYSSTRING
  +--> ?PR?PSWSETCON?UNLOCKPASSWORD
  +--> ?PR?_SHOWPSW?UNLOCKPASSWORD

?PR?_DELPSWBYROOM?UNLOCKPASSWORD           -----    -----      -----    -----      1085H    0002H
  +--> ?PR?_DELPSWBYIDX?UNLOCKPASSWORD
  +--> ?PR?_GETIDXBYROOM?SYSSTATUS

?PR?_DELPSWBYIDX?UNLOCKPASSWORD            -----    -----      -----    -----      1087H    0006H
  +--> ?PR?SAVEPSWCOUNT?UNLOCKPASSWORD
  +--> ?PR?_READPSWBYIDX?UNLOCKPASSWORD
BL51 BANKED LINKER/LOCATER V6.22.2.0                                                  06/06/2022  10:51:46  PAGE 17


  +--> ?PR?_WRITEPSWBYIDX?UNLOCKPASSWORD

?PR?_READPSWBYIDX?UNLOCKPASSWORD           -----    -----      -----    -----      -----    -----
  +--> ?PR?_READBUF_AT24C02?EEPROM

?PR?_PSWDELALLKEY?UNLOCKPASSWORD           -----    -----      -----    -----      -----    -----
  +--> ?PR?CLEARPSW?UNLOCKPASSWORD
  +--> ?PR?SHOWDELETEOK?SYSSTRING
  +--> ?PR?PSWSETCON?UNLOCKPASSWORD

?PR?_PSWINPUTKEY?UNLOCKPASSWORD            -----    -----      -----    -----      1082H    0001H
  +--> ?PR?SYSIDLECON?SYSSTATUS
  +--> ?PR?MP3_STOP?AUDIO
  +--> ?PR?_CHECKPSW?UNLOCKPASSWORD
  +--> ?PR?UNLOCK?DRIVER
  +--> ?PR?SHOWERR?SYSSTRING
  +--> ?PR?_MP3_STARTPLAY?AUDIO
  +--> ?PR?_SHOWPSW?UNLOCKPASSWORD

?PR?_CHECKPSW?UNLOCKPASSWORD               -----    -----      -----    -----      1083H    0008H
  +--> ?CO?UNLOCKPASSWORD
  +--> ?PR?PRINTF?PRINTF
  +--> ?PR?_READPSWBYIDX?UNLOCKPASSWORD

?PR?UNLOCK?DRIVER                          0020H.0  0000H.1    -----    -----      -----    -----
  +--> ?PR?SHOWUNLOCK?SYSSTRING

?PR?SHOWUNLOCK?SYSSTRING                   0020H.1  0000H.1    -----    -----      -----    -----
  +--> ?PR?LCDCLEAR?LCD12864
  +--> ?CO?SYSSTRING
  +--> ?PR?_DISPLAYSTRING?LCD12864
  +--> ?PR?_MP3_STARTPLAY?AUDIO

?PR?_SYSINPUTROOM?SYSSTATUS                -----    -----      -----    -----      1082H    0001H
  +--> ?PR?_GETNAMEITEMBYROOM?NAMELIST
  +--> ?PR?_CALLBYNAMEITEM?NAMELIST
  +--> ?PR?SHOWERR?SYSSTRING
  +--> ?PR?SHOWROOMERR?SYSSTRING
  +--> ?PR?_MP3_STARTPLAY?AUDIO
  +--> ?PR?SHOWINPUTROOM?SYSSTATUS
  +--> ?PR?MP3_STOP?AUDIO
  +--> ?PR?SYSIDLECON?SYSSTATUS

?PR?SHOWROOMERR?SYSSTRING                  -----    -----      -----    -----      -----    -----
  +--> ?PR?LCDCLEAR?LCD12864
  +--> ?CO?SYSSTRING
  +--> ?PR?_DISPLAYSTRING?LCD12864

?PR?_INPUTSYSPSW?SYSSTATUS                 -----    -----      -----    -----      1082H    0001H
  +--> ?PR?SYSSETTINGCON?SYSSTATUS
  +--> ?PR?SHOWERR?SYSSTRING
  +--> ?PR?_MP3_STARTPLAY?AUDIO
  +--> ?PR?SHOWINPUTPSW?SYSSTATUS
  +--> ?PR?MP3_STOP?AUDIO
  +--> ?PR?SYSIDLECON?SYSSTATUS

?PR?_SYSPSWEDITKEY?UNLOCKPASSWORD          -----    -----      -----    -----      1082H    0001H
BL51 BANKED LINKER/LOCATER V6.22.2.0                                                  06/06/2022  10:51:46  PAGE 18


  +--> ?PR?_CLEARBUF?DRIVER
  +--> ?PR?SAVESYSPSW?UNLOCKPASSWORD
  +--> ?PR?SHOWSAVEOK?SYSSTRING
  +--> ?PR?SHOWERR?SYSSTRING
  +--> ?PR?SHOWCONFIRMSAVE?SYSSTRING
  +--> ?PR?SYSSETTINGCON?SYSSTATUS
  +--> ?PR?_SHOWPSW?UNLOCKPASSWORD

?PR?SAVESYSPSW?UNLOCKPASSWORD              -----    -----      -----    -----      -----    -----
  +--> ?PR?_WRITEBUF_AT24C02?EEPROM

?PR?_SYSTALKKEY?SYSSTATUS                  -----    -----      -----    -----      -----    -----
  +--> ?PR?RELAYCLOASEALL?DRIVER
  +--> ?PR?SYSIDLECON?SYSSTATUS

?PR?_SYSSUBSETKEY?SYSSTATUS                -----    -----      -----    -----      1082H    0001H
  +--> ?PR?SHOWSUBPARA?SYSSTATUS
  +--> ?PR?_SAVESUBPARA?SYSSTATUS
  +--> ?PR?SYSSETTINGCON?SYSSTATUS

?PR?_SAVESUBPARA?SYSSTATUS                 -----    -----      -----    -----      1083H    0002H
  +--> ?PR?_WRITEBUF_AT24C02?EEPROM
  +--> ?PR?SHOWSAVEOK?SYSSTRING

?PR?_CARDSETKEY?CARD                       -----    -----      -----    -----      -----    -----
  +--> ?PR?EDITCARDCON?CARD
  +--> ?PR?DELETECARDCON?CARD
  +--> ?PR?DELETEALLCARDCON?CARD
  +--> ?PR?SYSSETTINGCON?SYSSTATUS

?PR?EDITCARDCON?CARD                       -----    -----      -----    -----      -----    -----
  +--> ?PR?_CLEARBUF?DRIVER
  +--> ?PR?_SHOWCARD?CARD

?PR?_SHOWCARD?CARD                         0020H.0  0000H.1    -----    -----      1087H    0043H
  +--> ?PR?LCDCLEAR?LCD12864
  +--> ?CO?SYSSTRING
  +--> ?PR?_DISPLAYSTRING?LCD12864
  +--> ?CO?CARD
  +--> ?PR?PRINTF?PRINTF
  +--> ?PR?_HBSTRLEN?DRIVER
  +--> ?PR?_STRLEN?DRIVER
  +--> ?PR?_SETFLASH?LCD12864
  +--> ?PR?_MEMISEMPTY?DRIVER

?PR?_MEMISEMPTY?DRIVER                     -----    -----      -----    -----      10CAH    0003H

?PR?DELETECARDCON?CARD                     -----    -----      -----    -----      -----    -----
  +--> ?PR?_CLEARBUF?DRIVER
  +--> ?PR?_MEMISEMPTY?DRIVER
  +--> ?PR?_SHOWCARD?CARD

?PR?DELETEALLCARDCON?CARD                  -----    -----      -----    -----      -----    -----
  +--> ?PR?LCDCLEAR?LCD12864
  +--> ?CO?SYSSTRING
  +--> ?PR?_DISPLAYSTRING?LCD12864

BL51 BANKED LINKER/LOCATER V6.22.2.0                                                  06/06/2022  10:51:46  PAGE 19


?PR?_CARDEDITKEY?CARD                      -----    -----      -----    -----      1082H    0003H
  +--> ?PR?_CLEARBUF?DRIVER
  +--> ?PR?_MEMISEMPTY?DRIVER
  +--> ?PR?_ADDCARDITEM?CARD
  +--> ?PR?SHOWSAVEOK?SYSSTRING
  +--> ?PR?SHOWERR?SYSSTRING
  +--> ?PR?SHOWCONFIRMSAVE?SYSSTRING
  +--> ?PR?CARDSETCON?CARD
  +--> ?PR?_SHOWCARD?CARD

?PR?_ADDCARDITEM?CARD                      -----    -----      -----    -----      1085H    000BH
  +--> ?PR?_READCARDBYIDX?CARD
  +--> ?PR?_WRITECARDBYIDX?CARD
  +--> ?PR?SAVECARDCOUNT?CARD

?PR?_READCARDBYIDX?CARD                    -----    -----      -----    -----      1093H    0003H
  +--> ?PR?_READBUF_AT24C02?EEPROM

?PR?_WRITECARDBYIDX?CARD                   -----    -----      -----    -----      1090H    0003H
  +--> ?PR?_WRITEBUF_AT24C02?EEPROM

?PR?_CARDDELETEKEY?CARD                    -----    -----      -----    -----      1082H    0003H
  +--> ?PR?_CLEARBUF?DRIVER
  +--> ?PR?_MEMISEMPTY?DRIVER
  +--> ?PR?_DELCARDBYCARD?CARD
  +--> ?PR?_DELCARDBYROOM?CARD
  +--> ?PR?SHOWDELETEOK?SYSSTRING
  +--> ?PR?SHOWCONFIRMDEL?SYSSTRING
  +--> ?PR?CARDSETCON?CARD
  +--> ?PR?_SHOWCARD?CARD

?PR?_DELCARDBYCARD?CARD                    -----    -----      -----    -----      1085H    0003H
  +--> ?PR?_DELCARDBYIDX?CARD
  +--> ?PR?_CHECKCARD?CARD

?PR?_DELCARDBYIDX?CARD                     -----    -----      -----    -----      1088H    0008H
  +--> ?PR?SAVECARDCOUNT?CARD
  +--> ?PR?_READCARDBYIDX?CARD
  +--> ?PR?_WRITECARDBYIDX?CARD

?PR?_CHECKCARD?CARD                        -----    -----      -----    -----      1088H    000BH
  +--> ?PR?_READCARDBYIDX?CARD
  +--> ?CO?CARD
  +--> ?PR?PRINTF?PRINTF

?PR?_DELCARDBYROOM?CARD                    -----    -----      -----    -----      1085H    0002H
  +--> ?PR?_DELCARDBYIDX?CARD
  +--> ?PR?_GETIDXBYROOM?SYSSTATUS

?PR?_CARDDELALLKEY?CARD                    -----    -----      -----    -----      -----    -----
  +--> ?PR?CLEARCARD?CARD
  +--> ?PR?SHOWDELETEOK?SYSSTRING
  +--> ?PR?CARDSETCON?CARD

?PR?SKEYSCAN?DRIVER                        -----    -----      -----    -----      -----    -----
  +--> ?PR?UNLOCK?DRIVER
  +--> ?CO?DRIVER
BL51 BANKED LINKER/LOCATER V6.22.2.0                                                  06/06/2022  10:51:46  PAGE 20


  +--> ?PR?PRINTF?PRINTF
  +--> ?PR?INITSYSPARA?SYSSTATUS
  +--> ?PR?SHOWRESET?SYSSTRING

?PR?SHOWRESET?SYSSTRING                    -----    -----      -----    -----      -----    -----
  +--> ?PR?LCDCLEAR?LCD12864
  +--> ?CO?SYSSTRING
  +--> ?PR?_DISPLAYSTRING?LCD12864

?PR?WGOK?CARDREAD                          -----    -----      -----    -----      -----    -----
  +--> ?PR?_WG_SEND26?CARDREAD

?PR?_WG_SEND26?CARDREAD                    -----    -----      -----    -----      1081H    0005H

?PR?_SYSCARD?SYSSTATUS                     -----    -----      -----    -----      1081H    0003H
  +--> ?PR?_CARDEDITCARDIN?CARD
  +--> ?PR?_CHECKCARD?CARD
  +--> ?PR?UNLOCK?DRIVER
  +--> ?PR?SHOWCARDERR?SYSSTRING

?PR?_CARDEDITCARDIN?CARD                   -----    -----      -----    -----      1084H    0003H
  +--> ?PR?_HS_MEMCPY?DRIVER
  +--> ?PR?_SHOWCARD?CARD

?PR?SHOWCARDERR?SYSSTRING                  -----    -----      -----    -----      -----    -----
  +--> ?PR?LCDCLEAR?LCD12864
  +--> ?CO?SYSSTRING
  +--> ?PR?_DISPLAYSTRING?LCD12864
  +--> ?PR?_MP3_STARTPLAY?AUDIO

*** NEW ROOT ***************************************************

?PR?TIMER0_INT?TIMER                       -----    -----      -----    -----      -----    -----
  +--> ?PR?KEYBEEPTASK?AUDIO
  +--> ?PR?RINGTASK?AUDIO

*** NEW ROOT ***************************************************

?PR?TIMER4_INT?TIMER                       -----    -----      -----    -----      -----    -----
  +--> ?PR?PWMTASK?AUDIO

?PR?PWMTASK?AUDIO                          -----    -----      -----    -----      -----    -----
  +--> ?PR?MP3_STOP?AUDIO

*** NEW ROOT ***************************************************

?PR?EXT_INT0?EXTI                          -----    -----      -----    -----      -----    -----
  +--> ?PR?CARDIRQ?CARDREAD



SYMBOL TABLE OF MODULE:  .\Objects\FSK (?C_STARTUP)

  VALUE           TYPE          NAME
  ----------------------------------

  -------         MODULE        ?C_STARTUP
BL51 BANKED LINKER/LOCATER V6.22.2.0                                                  06/06/2022  10:51:46  PAGE 21


  C:65FFH         SEGMENT       ?C_C51STARTUP
  I:0024H         SEGMENT       ?STACK
  C:0000H         PUBLIC        ?C_STARTUP
  D:00E0H         SYMBOL        ACC
  D:00F0H         SYMBOL        B
  D:0083H         SYMBOL        DPH
  D:0082H         SYMBOL        DPL
  N:0000H         SYMBOL        IBPSTACK
  N:0100H         SYMBOL        IBPSTACKTOP
  N:0080H         SYMBOL        IDATALEN
  C:6602H         SYMBOL        IDATALOOP
  N:0000H         SYMBOL        PBPSTACK
  N:0100H         SYMBOL        PBPSTACKTOP
  N:0000H         SYMBOL        PDATALEN
  N:0000H         SYMBOL        PDATASTART
  N:0000H         SYMBOL        PPAGE
  N:0000H         SYMBOL        PPAGEENABLE
  D:00A0H         SYMBOL        PPAGE_SFR
  D:0081H         SYMBOL        SP
  C:65FFH         SYMBOL        STARTUP1
  N:0000H         SYMBOL        XBPSTACK
  N:0000H         SYMBOL        XBPSTACKTOP
  N:0000H         SYMBOL        XDATALEN
  N:0000H         SYMBOL        XDATASTART
  C:0000H         LINE#         126
  C:65FFH         LINE#         133
  C:6601H         LINE#         134
  C:6602H         LINE#         135
  C:6603H         LINE#         136
  C:6605H         LINE#         185
  C:6608H         LINE#         196
  -------         ENDMOD        ?C_STARTUP

  -------         MODULE        MAIN
  C:0000H         SYMBOL        _ICE_DUMMY_
  D:0080H         PUBLIC        P0
  D:0090H         PUBLIC        P1
  D:00A0H         PUBLIC        P2
  D:00B0H         PUBLIC        P3
  D:00C0H         PUBLIC        P4
  D:00C8H         PUBLIC        P5
  B:00A8H.7       PUBLIC        EA
  D:00E8H         PUBLIC        P6
  D:00F8H         PUBLIC        P7
  D:00A8H         PUBLIC        IE
  X:12E5H         PUBLIC        MainTime
  D:00B8H         PUBLIC        IP
  D:00D8H         PUBLIC        CCON
  C:3DFBH         PUBLIC        main
  X:12E7H         PUBLIC        Key
  X:12E9H         PUBLIC        MainShow
  B:00C0H.0       PUBLIC        P40
  D:0098H         PUBLIC        SCON
  B:00C0H.1       PUBLIC        P41
  D:0088H         PUBLIC        TCON
  D:00F0H         PUBLIC        B
  D:00E0H         PUBLIC        ACC
BL51 BANKED LINKER/LOCATER V6.22.2.0                                                  06/06/2022  10:51:46  PAGE 22


  D:00D0H         PUBLIC        PSW
  -------         PROC          MAIN
  C:3DFBH         LINE#         19
  C:3DFBH         LINE#         20
  C:3DFBH         LINE#         21
  C:3E02H         LINE#         22
  C:3E04H         LINE#         23
  C:3E07H         LINE#         24
  C:3E0AH         LINE#         25
  C:3E0DH         LINE#         26
  C:3E10H         LINE#         27
  C:3E13H         LINE#         29
  C:3E16H         LINE#         30
  C:3E19H         LINE#         35
  C:3E20H         LINE#         36
  C:3E23H         LINE#         37
  C:3E25H         LINE#         38
  C:3E2CH         LINE#         39
  C:3E31H         LINE#         40
  C:3E34H         LINE#         41
  C:3E3BH         LINE#         42
  C:3E3EH         LINE#         43
  C:3E41H         LINE#         50
  C:3E46H         LINE#         54
  C:3E46H         LINE#         55
  C:3E46H         LINE#         56
  C:3E4CH         LINE#         57
  C:3E4CH         LINE#         59
  C:3E55H         LINE#         60
  C:3E58H         LINE#         61
  C:3E58H         LINE#         63
  C:3E5EH         LINE#         64
  C:3E5EH         LINE#         65
  C:3E75H         LINE#         67
  C:3E78H         LINE#         68
  C:3E78H         LINE#         78
  C:3E7BH         LINE#         89
  C:3E81H         LINE#         90
  C:3E81H         LINE#         91
  C:3E83H         LINE#         93
  C:3E86H         LINE#         94
  C:3E89H         LINE#         95
  C:3EA3H         LINE#         96
  C:3EA3H         LINE#         97
  C:3EAAH         LINE#         98
  C:3EADH         LINE#         99
  C:3EAFH         LINE#         100
  C:3EB2H         LINE#         101
  C:3EBCH         LINE#         102
  C:3EBCH         LINE#         103
  C:3ECAH         LINE#         104
  C:3ECAH         LINE#         105
  C:3ECDH         LINE#         106
  C:3ECDH         LINE#         107
  C:3ECDH         LINE#         108
  C:3ED4H         LINE#         109
  C:3ED4H         LINE#         110
BL51 BANKED LINKER/LOCATER V6.22.2.0                                                  06/06/2022  10:51:46  PAGE 23


  C:3EE2H         LINE#         111
  C:3EE2H         LINE#         112
  C:3EE5H         LINE#         113
  C:3EE7H         LINE#         114
  C:3EEDH         LINE#         115
  C:3EEDH         LINE#         116
  C:3EF0H         LINE#         117
  C:3EF0H         LINE#         118
  C:3EF0H         LINE#         119
  C:3EF7H         LINE#         120
  C:3EF7H         LINE#         121
  C:3F05H         LINE#         122
  C:3F05H         LINE#         126
  C:3F08H         LINE#         127
  C:3F08H         LINE#         128
  C:3F08H         LINE#         130
  C:3F0EH         LINE#         131
  C:3F16H         LINE#         132
  C:3F40H         LINE#         133
  C:3F40H         LINE#         134
  C:3F4CH         LINE#         135
  C:3F4CH         LINE#         137
  C:3F4CH         LINE#         139
  C:3F61H         LINE#         140
  C:3F61H         LINE#         141
  C:3F6FH         LINE#         142
  C:3F76H         LINE#         143
  C:3F76H         LINE#         144
  C:3F7BH         LINE#         145
  C:3F7BH         LINE#         146
  C:3F7BH         LINE#         147
  C:3F86H         LINE#         148
  C:3F91H         LINE#         149
  C:3F91H         LINE#         152
  C:3F96H         LINE#         156
  C:3FA0H         LINE#         157
  C:3FA0H         LINE#         158
  C:3FA3H         LINE#         159
  C:3FA6H         LINE#         160
  C:3FA6H         LINE#         162
  C:3FACH         LINE#         163
  C:3FACH         LINE#         166
  C:3FAFH         LINE#         167
  C:3FB8H         LINE#         169
  C:3FBBH         LINE#         170
  C:3FBBH         LINE#         172
  C:3FC0H         LINE#         176
  C:3FC9H         LINE#         177
  C:3FC9H         LINE#         178
  C:3FCCH         LINE#         179
  C:3FCCH         LINE#         186
  -------         ENDPROC       MAIN
  -------         ENDMOD        MAIN

  -------         MODULE        DRIVER
  C:0000H         SYMBOL        _ICE_DUMMY_
  D:0080H         PUBLIC        P0
BL51 BANKED LINKER/LOCATER V6.22.2.0                                                  06/06/2022  10:51:46  PAGE 24


  D:0090H         PUBLIC        P1
  X:12C1H         PUBLIC        UnlockTime
  D:00A0H         PUBLIC        P2
  D:00B0H         PUBLIC        P3
  D:00C0H         PUBLIC        P4
  D:00C8H         PUBLIC        P5
  D:00E8H         PUBLIC        P6
  D:00F8H         PUBLIC        P7
  C:77D0H         PUBLIC        _ClearBuf
  C:5A12H         PUBLIC        GPIO_config
  C:7315H         PUBLIC        _HS_memcpy
  C:6CE9H         PUBLIC        _SendRelay
  D:00A8H         PUBLIC        IE
  X:12C2H         PUBLIC        RelayTime
  C:7945H         PUBLIC        _delay
  C:6E1FH         PUBLIC        _RelayOpen
  C:7CDDH         PUBLIC        RelayTask
  C:7052H         PUBLIC        UART_config
  D:00B8H         PUBLIC        IP
  C:796BH         PUBLIC        _strlen
  D:00D8H         PUBLIC        CCON
  C:5421H         PUBLIC        SkeyScan
  X:12C3H         PUBLIC        SkeyStatus
  C:7E01H         PUBLIC        _HBstrlen
  C:4FC2H         PUBLIC        KeyScan
  B:00C0H.0       PUBLIC        P40
  D:0098H         PUBLIC        SCON
  D:0088H         PUBLIC        TCON
  B:00C0H.3       PUBLIC        P43
  B:00B0H.4       PUBLIC        P34
  B:00B0H.5       PUBLIC        P35
  B:00E8H.3       PUBLIC        P63
  B:00C8H.4       PUBLIC        P54
  B:00E8H.5       PUBLIC        P65
  B:00E8H.6       PUBLIC        P66
  B:00E8H.7       PUBLIC        P67
  D:00F0H         PUBLIC        B
  X:12C4H         PUBLIC        ResetKeyTime
  D:00E0H         PUBLIC        ACC
  X:12C6H         PUBLIC        SkeyStatusOld
  C:7DEBH         PUBLIC        WDT_config
  X:12C7H         PUBLIC        CallOutTime
  C:582DH         PUBLIC        _lookforstr
  D:00D1H         PUBLIC        T4T3M
  C:7152H         PUBLIC        Timer_config
  C:7F72H         PUBLIC        Unlock
  C:7774H         PUBLIC        _MemIsEmpty
  C:806BH         PUBLIC        RelayCloaseAll
  C:7D2BH         PUBLIC        Exti_config
  D:00D0H         PUBLIC        PSW
  C:8004H         PUBLIC        _putchar
  -------         PROC          WDT_CONFIG
  -------         DO            
  X:1081H         SYMBOL        WDT_InitStructure
  -------         ENDDO         
  C:7DEBH         LINE#         17
  C:7DEBH         LINE#         18
BL51 BANKED LINKER/LOCATER V6.22.2.0                                                  06/06/2022  10:51:46  PAGE 25


  C:7DEBH         LINE#         21
  C:7DF1H         LINE#         22
  C:7DF4H         LINE#         23
  C:7DF8H         LINE#         24
  -------         ENDPROC       WDT_CONFIG
  -------         PROC          _DELAY
  D:0006H         SYMBOL        t
  -------         DO            
  D:0004H         SYMBOL        i
  D:0002H         SYMBOL        j
  -------         ENDDO         
  C:7945H         LINE#         27
  C:7945H         LINE#         28
  C:7945H         LINE#         30
  C:794CH         LINE#         31
  C:7955H         LINE#         32
  C:796AH         LINE#         33
  -------         ENDPROC       _DELAY
  -------         PROC          _PUTCHAR
  X:112FH         SYMBOL        ch
  C:8004H         LINE#         35
  C:8009H         LINE#         36
  C:8009H         LINE#         37
  C:800CH         LINE#         38
  C:8011H         LINE#         39
  -------         ENDPROC       _PUTCHAR
  -------         PROC          _STRLEN
  X:1107H         SYMBOL        pch
  -------         DO            
  D:0007H         SYMBOL        len
  -------         ENDDO         
  C:796BH         LINE#         40
  C:7976H         LINE#         41
  C:7976H         LINE#         42
  C:7978H         LINE#         43
  C:7990H         LINE#         44
  C:7990H         LINE#         45
  -------         ENDPROC       _STRLEN
  -------         PROC          _HBSTRLEN
  D:0001H         SYMBOL        pch
  -------         DO            
  D:0007H         SYMBOL        len
  -------         ENDDO         
  C:7E01H         LINE#         46
  C:7E01H         LINE#         47
  C:7E01H         LINE#         48
  C:7E03H         LINE#         49
  C:7E08H         LINE#         50
  C:7E08H         LINE#         51
  C:7E09H         LINE#         52
  C:7E0CH         LINE#         53
  C:7E0CH         LINE#         54
  C:7E0DH         LINE#         55
  C:7E0DH         LINE#         56
  C:7E14H         LINE#         57
  C:7E16H         LINE#         58
  C:7E16H         LINE#         59
BL51 BANKED LINKER/LOCATER V6.22.2.0                                                  06/06/2022  10:51:46  PAGE 26


  -------         ENDPROC       _HBSTRLEN
  -------         PROC          _LOOKFORSTR
  X:10B8H         SYMBOL        srcBuf
  X:10BBH         SYMBOL        detBuf
  -------         DO            
  X:10BEH         SYMBOL        i
  X:10C0H         SYMBOL        j
  -------         ENDDO         
  C:582DH         LINE#         88
  C:5838H         LINE#         89
  C:5838H         LINE#         91
  C:583FH         LINE#         92
  C:5843H         LINE#         93
  C:5862H         LINE#         94
  C:5862H         LINE#         95
  C:5876H         LINE#         96
  C:5876H         LINE#         97
  C:5897H         LINE#         98
  C:5897H         LINE#         99
  C:58D8H         LINE#         100
  C:58D8H         LINE#         101
  C:58D8H         LINE#         102
  C:58D8H         LINE#         103
  C:58E8H         LINE#         104
  C:5903H         LINE#         105
  C:5903H         LINE#         106
  C:590CH         LINE#         107
  C:590CH         LINE#         108
  C:590CH         LINE#         109
  C:591DH         LINE#         110
  C:5920H         LINE#         111
  C:5924H         LINE#         112
  -------         ENDPROC       _LOOKFORSTR
  -------         PROC          _CLEARBUF
  X:1107H         SYMBOL        buf
  D:0004H         SYMBOL        len
  C:77D0H         LINE#         114
  C:77DBH         LINE#         115
  C:77DBH         LINE#         116
  C:77E5H         LINE#         117
  C:77E5H         LINE#         118
  C:77F9H         LINE#         119
  C:77FBH         LINE#         120
  -------         ENDPROC       _CLEARBUF
  -------         PROC          _HS_MEMCPY
  X:10B3H         SYMBOL        dst
  X:10B6H         SYMBOL        src
  X:10B9H         SYMBOL        len
  C:7315H         LINE#         121
  C:7320H         LINE#         122
  C:7320H         LINE#         123
  C:732EH         LINE#         124
  C:732EH         LINE#         125
  C:7356H         LINE#         126
  C:7358H         LINE#         127
  -------         ENDPROC       _HS_MEMCPY
  -------         PROC          _MEMISEMPTY
BL51 BANKED LINKER/LOCATER V6.22.2.0                                                  06/06/2022  10:51:46  PAGE 27


  X:10CAH         SYMBOL        buf
  D:0004H         SYMBOL        len
  C:7774H         LINE#         129
  C:777FH         LINE#         130
  C:777FH         LINE#         131
  C:7789H         LINE#         132
  C:7789H         LINE#         133
  C:779EH         LINE#         134
  C:779EH         LINE#         135
  C:77A0H         LINE#         136
  C:77A0H         LINE#         137
  C:77A0H         LINE#         138
  C:77A1H         LINE#         139
  -------         ENDPROC       _MEMISEMPTY
  -------         PROC          GPIO_CONFIG
  -------         DO            
  X:1081H         SYMBOL        GPIO_InitStructure
  -------         ENDDO         
  C:5A12H         LINE#         141
  C:5A12H         LINE#         142
  C:5A12H         LINE#         144
  C:5A18H         LINE#         145
  C:5A1DH         LINE#         146
  C:5A28H         LINE#         147
  C:5A33H         LINE#         151
  C:5A3EH         LINE#         153
  C:5A44H         LINE#         154
  C:5A4EH         LINE#         156
  C:5A54H         LINE#         157
  C:5A5FH         LINE#         159
  C:5A65H         LINE#         160
  C:5A70H         LINE#         162
  C:5A76H         LINE#         163
  C:5A81H         LINE#         165
  C:5A87H         LINE#         166
  C:5A8DH         LINE#         169
  C:5A98H         LINE#         171
  C:5A9EH         LINE#         172
  C:5AA9H         LINE#         174
  C:5AAFH         LINE#         175
  C:5ABAH         LINE#         177
  C:5AC0H         LINE#         178
  C:5ACBH         LINE#         180
  C:5AD1H         LINE#         181
  C:5ADCH         LINE#         185
  C:5AE2H         LINE#         186
  C:5AEDH         LINE#         190
  C:5AEFH         LINE#         191
  C:5AF1H         LINE#         192
  C:5AF3H         LINE#         194
  C:5AF5H         LINE#         196
  C:5AF7H         LINE#         198
  -------         ENDPROC       GPIO_CONFIG
  -------         PROC          UART_CONFIG
  -------         DO            
  X:1081H         SYMBOL        COMx_InitStructure
  -------         ENDDO         
BL51 BANKED LINKER/LOCATER V6.22.2.0                                                  06/06/2022  10:51:46  PAGE 28


  C:7052H         LINE#         201
  C:7052H         LINE#         202
  C:7052H         LINE#         204
  C:7058H         LINE#         205
  C:705CH         LINE#         206
  C:7064H         LINE#         207
  C:706AH         LINE#         208
  C:706DH         LINE#         209
  C:7070H         LINE#         210
  C:7072H         LINE#         211
  C:7075H         LINE#         212
  C:7080H         LINE#         213
  C:7089H         LINE#         218
  C:708FH         LINE#         219
  C:709AH         LINE#         220
  C:709FH         LINE#         221
  -------         ENDPROC       UART_CONFIG
  -------         PROC          TIMER_CONFIG
  -------         DO            
  X:1081H         SYMBOL        TIM_InitStructure
  -------         ENDDO         
  C:7152H         LINE#         234
  C:7152H         LINE#         235
  C:7152H         LINE#         237
  C:7157H         LINE#         238
  C:7159H         LINE#         239
  C:715CH         LINE#         240
  C:715FH         LINE#         241
  C:7161H         LINE#         242
  C:7169H         LINE#         243
  C:716DH         LINE#         245
  C:7177H         LINE#         247
  C:7181H         LINE#         248
  C:718CH         LINE#         250
  C:7196H         LINE#         251
  C:71A1H         LINE#         252
  C:71A4H         LINE#         254
  -------         ENDPROC       TIMER_CONFIG
  -------         PROC          EXTI_CONFIG
  -------         DO            
  X:1081H         SYMBOL        Exti_InitStructure
  -------         ENDDO         
  C:7D2BH         LINE#         256
  C:7D2BH         LINE#         257
  C:7D2BH         LINE#         260
  C:7D31H         LINE#         261
  C:7D36H         LINE#         262
  C:7D3AH         LINE#         263
  -------         ENDPROC       EXTI_CONFIG
  -------         PROC          KEYSCAN
  -------         DO            
  X:12BDH         SYMBOL        KeyStep
  X:12BEH         SYMBOL        KeyTime
  X:1081H         SYMBOL        key
  -------         ENDDO         
  C:4FC2H         LINE#         270
  C:4FC2H         LINE#         271
BL51 BANKED LINKER/LOCATER V6.22.2.0                                                  06/06/2022  10:51:46  PAGE 29


  C:4FC2H         LINE#         275
  C:4FE2H         LINE#         276
  C:4FE2H         LINE#         277
  C:4FE2H         LINE#         278
  C:4FE5H         LINE#         279
  C:4FF0H         LINE#         280
  C:4FF0H         LINE#         281
  C:4FF6H         LINE#         282
  C:4FFCH         LINE#         283
  C:4FFCH         LINE#         284
  C:4FFFH         LINE#         285
  C:4FFFH         LINE#         286
  C:5007H         LINE#         287
  C:5007H         LINE#         288
  C:5008H         LINE#         289
  C:500BH         LINE#         290
  C:5016H         LINE#         291
  C:5016H         LINE#         292
  C:501CH         LINE#         293
  C:501CH         LINE#         294
  C:501FH         LINE#         295
  C:501FH         LINE#         296
  C:5027H         LINE#         297
  C:502AH         LINE#         298
  C:5030H         LINE#         299
  C:5033H         LINE#         300
  C:5033H         LINE#         301
  C:5039H         LINE#         302
  C:503CH         LINE#         303
  C:5042H         LINE#         304
  C:507DH         LINE#         305
  C:507DH         LINE#         306
  C:507DH         LINE#         307
  C:5080H         LINE#         308
  C:5080H         LINE#         309
  C:5083H         LINE#         310
  C:5083H         LINE#         311
  C:5086H         LINE#         312
  C:5086H         LINE#         313
  C:5089H         LINE#         314
  C:5089H         LINE#         315
  C:508CH         LINE#         316
  C:508CH         LINE#         317
  C:508FH         LINE#         318
  C:508FH         LINE#         319
  C:5092H         LINE#         320
  C:5092H         LINE#         321
  C:5095H         LINE#         322
  C:5095H         LINE#         323
  C:5098H         LINE#         324
  C:5098H         LINE#         325
  C:509BH         LINE#         326
  C:509BH         LINE#         327
  C:509EH         LINE#         328
  C:509EH         LINE#         329
  C:50A1H         LINE#         330
  C:50A1H         LINE#         331
BL51 BANKED LINKER/LOCATER V6.22.2.0                                                  06/06/2022  10:51:46  PAGE 30


  C:50A4H         LINE#         332
  C:50A4H         LINE#         333
  C:50A7H         LINE#         334
  C:50A7H         LINE#         335
  C:50AAH         LINE#         336
  C:50AAH         LINE#         337
  C:50ADH         LINE#         338
  C:50ADH         LINE#         339
  C:50ADH         LINE#         340
  C:50ADH         LINE#         341
  C:50B5H         LINE#         342
  C:50B5H         LINE#         343
  C:50BBH         LINE#         344
  C:50BFH         LINE#         345
  C:50BFH         LINE#         346
  C:50C1H         LINE#         347
  C:50C1H         LINE#         348
  C:50C9H         LINE#         349
  C:50C9H         LINE#         350
  C:50CFH         LINE#         351
  C:50D1H         LINE#         352
  C:50D9H         LINE#         353
  C:50D9H         LINE#         354
  C:50DDH         LINE#         355
  C:50DDH         LINE#         356
  C:50DDH         LINE#         358
  C:50DDH         LINE#         359
  C:50DFH         LINE#         360
  -------         ENDPROC       KEYSCAN
  -------         PROC          SKEYSCAN
  -------         DO            
  X:12BFH         SYMBOL        SkeyStep
  X:12C0H         SYMBOL        SkeyTime
  D:0007H         SYMBOL        key
  -------         ENDDO         
  C:5421H         LINE#         365
  C:5421H         LINE#         366
  C:5421H         LINE#         370
  C:5421H         LINE#         371
  C:542BH         LINE#         372
  C:542BH         LINE#         373
  C:542BH         LINE#         374
  C:5431H         LINE#         375
  C:5436H         LINE#         376
  C:543EH         LINE#         377
  C:5446H         LINE#         378
  C:544CH         LINE#         380
  C:5453H         LINE#         381
  C:5453H         LINE#         382
  C:5459H         LINE#         383
  C:545FH         LINE#         384
  C:545FH         LINE#         385
  C:5461H         LINE#         386
  C:5461H         LINE#         387
  C:5467H         LINE#         388
  C:546CH         LINE#         389
  C:5474H         LINE#         390
BL51 BANKED LINKER/LOCATER V6.22.2.0                                                  06/06/2022  10:51:46  PAGE 31


  C:547CH         LINE#         391
  C:5482H         LINE#         393
  C:5489H         LINE#         394
  C:5489H         LINE#         395
  C:548EH         LINE#         396
  C:5490H         LINE#         397
  C:5498H         LINE#         398
  C:5498H         LINE#         399
  C:549CH         LINE#         400
  C:54A1H         LINE#         401
  C:54A1H         LINE#         402
  C:54A1H         LINE#         404
  C:54A1H         LINE#         405
  C:54AEH         LINE#         406
  C:54AEH         LINE#         408
  C:54BEH         LINE#         409
  C:54BEH         LINE#         410
  C:54CAH         LINE#         411
  C:54D3H         LINE#         412
  C:54D3H         LINE#         418
  C:54E3H         LINE#         419
  C:54E3H         LINE#         420
  C:54EBH         LINE#         421
  C:54F4H         LINE#         422
  C:54F4H         LINE#         423
  C:54F4H         LINE#         424
  C:54F4H         LINE#         426
  C:54F4H         LINE#         427
  C:54F4H         LINE#         428
  C:54F4H         LINE#         430
  C:54F4H         LINE#         431
  C:54FCH         LINE#         432
  C:54FCH         LINE#         433
  C:5503H         LINE#         434
  C:5503H         LINE#         435
  C:550DH         LINE#         436
  C:550DH         LINE#         437
  C:551BH         LINE#         438
  C:551BH         LINE#         439
  C:5520H         LINE#         440
  C:5523H         LINE#         441
  C:552CH         LINE#         442
  C:552CH         LINE#         443
  C:552CH         LINE#         444
  C:552CH         LINE#         445
  -------         ENDPROC       SKEYSCAN
  -------         PROC          UNLOCK
  B:0020H.0       SYMBOL        sound
  C:7F72H         LINE#         448
  C:7F72H         LINE#         449
  C:7F72H         LINE#         450
  C:7F7AH         LINE#         451
  C:7F7CH         LINE#         452
  -------         ENDPROC       UNLOCK
  -------         PROC          _SENDRELAY
  D:0006H         SYMBOL        idx
  D:0005H         SYMBOL        time
BL51 BANKED LINKER/LOCATER V6.22.2.0                                                  06/06/2022  10:51:46  PAGE 32


  -------         DO            
  X:109DH         SYMBOL        RelayCmd
  X:10A6H         SYMBOL        p
  D:0007H         SYMBOL        i
  -------         ENDDO         
  C:6CE9H         LINE#         467
  C:6CE9H         LINE#         468
  C:6CE9H         LINE#         470
  C:6CF7H         LINE#         472
  C:6D01H         LINE#         473
  C:6D05H         LINE#         474
  C:6D09H         LINE#         475
  C:6D0FH         LINE#         476
  C:6D12H         LINE#         477
  C:6D19H         LINE#         478
  C:6D1BH         LINE#         479
  C:6D1BH         LINE#         480
  C:6D3CH         LINE#         481
  C:6D41H         LINE#         483
  -------         ENDPROC       _SENDRELAY
  -------         PROC          _RELAYOPEN
  X:109AH         SYMBOL        idx
  X:109CH         SYMBOL        time
  C:6E1FH         LINE#         487
  C:6E2CH         LINE#         488
  C:6E2CH         LINE#         489
  C:6E2FH         LINE#         490
  C:6E2FH         LINE#         492
  C:6E2FH         LINE#         493
  C:6E34H         LINE#         494
  C:6E44H         LINE#         495
  C:6E44H         LINE#         496
[...]
  C:3CCCH         LINE#         109
  C:3CCEH         LINE#         110
  C:3CDBH         LINE#         111
  C:3CDDH         LINE#         112
  C:3CECH         LINE#         113
  C:3D1AH         LINE#         114
  C:3D26H         LINE#         115
  C:3D2DH         LINE#         116
  C:3D3AH         LINE#         117
  C:3D40H         LINE#         118
  C:3D49H         LINE#         119
  C:3D4CH         LINE#         120
  C:3D5AH         LINE#         121
  C:3D5DH         LINE#         123
  C:3D6FH         LINE#         124
  C:3D7AH         LINE#         125
  C:3D7DH         LINE#         126
  C:3D7DH         LINE#         167
  C:3D82H         LINE#         168
  C:3D82H         LINE#         169
  C:3D85H         LINE#         170
  C:3D93H         LINE#         171
  C:3D96H         LINE#         172
  C:3DA5H         LINE#         173
  C:3DACH         LINE#         174
  C:3DB7H         LINE#         175
  C:3DC5H         LINE#         176
  C:3DC8H         LINE#         177
  C:3DD6H         LINE#         178
  C:3DD9H         LINE#         180
  C:3DE9H         LINE#         181
  C:3DF5H         LINE#         182
  C:3DF8H         LINE#         183
  C:3DF8H         LINE#         185
  C:3DFAH         LINE#         186
  -------         ENDPROC       _TIMER_INILIZE
  -------         ENDMOD        TIMER

  -------         MODULE        GPIO
  C:0000H         SYMBOL        _ICE_DUMMY_
  D:0093H         PUBLIC        P0M1
  D:0092H         PUBLIC        P1M0
  D:0096H         PUBLIC        P2M0
  D:0091H         PUBLIC        P1M1
  D:0080H         PUBLIC        P0
  D:00B2H         PUBLIC        P3M0
  D:0095H         PUBLIC        P2M1
  D:0090H         PUBLIC        P1
  D:00B4H         PUBLIC        P4M0
  D:00B1H         PUBLIC        P3M1
  D:00A0H         PUBLIC        P2
  D:00CAH         PUBLIC        P5M0
  D:00B3H         PUBLIC        P4M1
  D:00B0H         PUBLIC        P3
BL51 BANKED LINKER/LOCATER V6.22.2.0                                                  06/06/2022  10:51:46  PAGE 118


  D:00CCH         PUBLIC        P6M0
  D:00C9H         PUBLIC        P5M1
  D:00C0H         PUBLIC        P4
  D:00E2H         PUBLIC        P7M0
  D:00CBH         PUBLIC        P6M1
  D:00C8H         PUBLIC        P5
  D:00E8H         PUBLIC        P6
  D:00E1H         PUBLIC        P7M1
  D:00F8H         PUBLIC        P7
  D:00A8H         PUBLIC        IE
  D:00B8H         PUBLIC        IP
  D:00D8H         PUBLIC        CCON
  D:0098H         PUBLIC        SCON
  D:0088H         PUBLIC        TCON
  D:00F0H         PUBLIC        B
  D:00E0H         PUBLIC        ACC
  C:3541H         PUBLIC        _GPIO_Inilize
  D:00D0H         PUBLIC        PSW
  D:0094H         PUBLIC        P0M0
  -------         PROC          _GPIO_INILIZE
  D:0007H         SYMBOL        GPIO
  D:0001H         SYMBOL        GPIOx
  C:3541H         LINE#         10
  C:3541H         LINE#         11
  C:3541H         LINE#         12
  C:354AH         LINE#         13
  C:3556H         LINE#         14
  C:3559H         LINE#         15
  C:3559H         LINE#         16
  C:3567H         LINE#         17
  C:3578H         LINE#         18
  C:3589H         LINE#         19
  C:359AH         LINE#         20
  C:359AH         LINE#         21
  C:359FH         LINE#         22
  C:359FH         LINE#         23
  C:35B0H         LINE#         24
  C:35BFH         LINE#         25
  C:35CFH         LINE#         26
  C:35E2H         LINE#         27
  C:35E2H         LINE#         28
  C:35E7H         LINE#         29
  C:35E7H         LINE#         30
  C:35F8H         LINE#         31
  C:3607H         LINE#         32
  C:3617H         LINE#         33
  C:362AH         LINE#         34
  C:362AH         LINE#         35
  C:362FH         LINE#         36
  C:362FH         LINE#         37
  C:3640H         LINE#         38
  C:364FH         LINE#         39
  C:365FH         LINE#         40
  C:3672H         LINE#         41
  C:3672H         LINE#         42
  C:3677H         LINE#         43
  C:3677H         LINE#         44
BL51 BANKED LINKER/LOCATER V6.22.2.0                                                  06/06/2022  10:51:46  PAGE 119


  C:3688H         LINE#         45
  C:3697H         LINE#         46
  C:36A7H         LINE#         47
  C:36BAH         LINE#         48
  C:36BAH         LINE#         49
  C:36BFH         LINE#         50
  C:36BFH         LINE#         51
  C:36D0H         LINE#         52
  C:36DFH         LINE#         53
  C:36EFH         LINE#         54
  C:3702H         LINE#         55
  C:3702H         LINE#         56
  C:3707H         LINE#         57
  C:3707H         LINE#         58
  C:3718H         LINE#         59
  C:3727H         LINE#         60
  C:3737H         LINE#         61
  C:374AH         LINE#         62
  C:374AH         LINE#         63
  C:374FH         LINE#         64
  C:374FH         LINE#         65
  C:3760H         LINE#         66
  C:376FH         LINE#         67
  C:377FH         LINE#         68
  C:3792H         LINE#         69
  C:3792H         LINE#         70
  C:3794H         LINE#         71
  -------         ENDPROC       _GPIO_INILIZE
  -------         ENDMOD        GPIO

  -------         MODULE        EXTI
  C:0000H         SYMBOL        _ICE_DUMMY_
  D:0080H         PUBLIC        P0
  D:0090H         PUBLIC        P1
  D:00A0H         PUBLIC        P2
  D:00B0H         PUBLIC        P3
  D:00C0H         PUBLIC        P4
  D:00C8H         PUBLIC        P5
  D:00E8H         PUBLIC        P6
  D:00F8H         PUBLIC        P7
  D:00A8H         PUBLIC        IE
  D:00B8H         PUBLIC        IP
  D:00D8H         PUBLIC        CCON
  C:745FH         PUBLIC        Ext_INT0
  D:0098H         PUBLIC        SCON
  D:0088H         PUBLIC        TCON
  B:0088H.1       PUBLIC        IE0
  D:00F0H         PUBLIC        B
  D:00E0H         PUBLIC        ACC
  B:00A8H.0       PUBLIC        EX0
  B:0088H.0       PUBLIC        IT0
  B:00B8H.0       PUBLIC        PX0
  D:00B7H         PUBLIC        IPH
  C:6EE5H         PUBLIC        _Ext_Inilize
  D:00D0H         PUBLIC        PSW
  -------         PROC          EXT_INT0
  C:745FH         LINE#         8
BL51 BANKED LINKER/LOCATER V6.22.2.0                                                  06/06/2022  10:51:46  PAGE 120


  C:747CH         LINE#         13
  C:747FH         LINE#         14
  C:7484H         LINE#         15
  -------         ENDPROC       EXT_INT0
  -------         PROC          _EXT_INILIZE
  D:0007H         SYMBOL        EXT
  D:0001H         SYMBOL        INTx
  C:6EE5H         LINE#         53
  C:6EE5H         LINE#         54
  C:6EE5H         LINE#         57
  C:6EE8H         LINE#         58
  C:6EE8H         LINE#         59
  C:6EEAH         LINE#         60
  C:6EF7H         LINE#         61
  C:6EF9H         LINE#         62
  C:6F08H         LINE#         63
  C:6F36H         LINE#         64
  C:6F40H         LINE#         65
  C:6F42H         LINE#         66
  C:6F45H         LINE#         67
  C:6F45H         LINE#         106
  C:6F47H         LINE#         107
  -------         ENDPROC       _EXT_INILIZE
  -------         ENDMOD        EXTI

  -------         MODULE        SPI
  C:0000H         SYMBOL        _ICE_DUMMY_
  D:0080H         PUBLIC        P0
  D:0090H         PUBLIC        P1
  C:7284H         PUBLIC        SPI_Transivion
  D:00A0H         PUBLIC        P2
  D:00B0H         PUBLIC        P3
  D:00C0H         PUBLIC        P4
  D:00C8H         PUBLIC        P5
  D:00E8H         PUBLIC        P6
  D:00F8H         PUBLIC        P7
  D:00CEH         PUBLIC        SPCTL
  D:00A2H         PUBLIC        P_SW1
  D:00A8H         PUBLIC        IE
  B:0023H.1       PUBLIC        B_SPI_Busy
  D:00B8H         PUBLIC        IP
  C:63AFH         PUBLIC        _SPI_Flash_Read
  D:00D8H         PUBLIC        CCON
  D:0098H         PUBLIC        SCON
  D:0088H         PUBLIC        TCON
  B:00F8H.4       PUBLIC        P74
  X:1130H         PUBLIC        SPI_RxCnt
  D:00AFH         PUBLIC        IE2
  D:00F0H         PUBLIC        B
  D:00E0H         PUBLIC        ACC
  X:1131H         PUBLIC        SPI_RxTimerOut
  D:00CDH         PUBLIC        SPSTAT
  C:6448H         PUBLIC        _SPI_Init
  C:7CD3H         PUBLIC        _SPI_ReadWriteByte
  X:1132H         PUBLIC        SPI_RxBuffer
  D:00D0H         PUBLIC        PSW
  D:00CFH         PUBLIC        SPDAT
BL51 BANKED LINKER/LOCATER V6.22.2.0                                                  06/06/2022  10:51:46  PAGE 121


  -------         PROC          _SPI_INIT
  D:0001H         SYMBOL        SPIx
  C:6448H         LINE#         29
  C:6448H         LINE#         30
  C:6448H         LINE#         31
  C:6456H         LINE#         32
  C:6459H         LINE#         33
  C:6464H         LINE#         34
  C:6467H         LINE#         35
  C:6475H         LINE#         36
  C:6478H         LINE#         37
  C:6485H         LINE#         38
  C:6488H         LINE#         39
  C:6496H         LINE#         40
  C:6499H         LINE#         41
  C:64A6H         LINE#         42
  C:64A9H         LINE#         43
  C:64B7H         LINE#         44
  C:64BAH         LINE#         45
  C:64CAH         LINE#         46
  C:64D8H         LINE#         48
  C:64DDH         LINE#         49
  C:64DFH         LINE#         50
  -------         ENDPROC       _SPI_INIT
  -------         PROC          SPI_TRANSIVION
  C:7284H         LINE#         96
  C:7291H         LINE#         98
  C:7296H         LINE#         99
  C:7296H         LINE#         100
  C:7298H         LINE#         101
  C:729AH         LINE#         103
  C:729AH         LINE#         104
  C:72A5H         LINE#         105
  C:72B9H         LINE#         106
  C:72BFH         LINE#         107
  C:72BFH         LINE#         108
  C:72C2H         LINE#         109
  -------         ENDPROC       SPI_TRANSIVION
  -------         PROC          L?0028
  -------         ENDPROC       L?0028
  -------         PROC          _SPI_READWRITEBYTE
  D:0007H         SYMBOL        dat
  C:7CD3H         LINE#         111
  C:7CD3H         LINE#         112
  C:7CD3H         LINE#         113
  C:7CD5H         LINE#         114
  C:7CD7H         LINE#         115
  C:7CDAH         LINE#         116
  C:7CDCH         LINE#         117
  C:7CDCH         LINE#         118
  -------         ENDPROC       _SPI_READWRITEBYTE
  -------         PROC          _SPI_FLASH_READ
  X:1110H         SYMBOL        pBuffer
  X:1113H         SYMBOL        ReadAddr
  X:1117H         SYMBOL        NumByteToRead
  -------         DO            
  X:1119H         SYMBOL        i
BL51 BANKED LINKER/LOCATER V6.22.2.0                                                  06/06/2022  10:51:46  PAGE 122


  X:111BH         SYMBOL        tmp
  -------         ENDDO         
  C:63AFH         LINE#         139
  C:63BEH         LINE#         140
  C:63BEH         LINE#         141
  C:63BEH         LINE#         142
  C:63C0H         LINE#         143
  C:63C7H         LINE#         144
  C:63CCH         LINE#         145
  C:63D1H         LINE#         146
  C:63D6H         LINE#         147
  C:63E1H         LINE#         148
  C:63FDH         LINE#         149
  C:63FDH         LINE#         151
  C:640EH         LINE#         152
  C:6435H         LINE#         153
  C:6445H         LINE#         154
  C:6447H         LINE#         155
  -------         ENDPROC       _SPI_FLASH_READ
  -------         ENDMOD        SPI

  -------         MODULE        WDT
  C:0000H         SYMBOL        _ICE_DUMMY_
  D:0080H         PUBLIC        P0
  D:0090H         PUBLIC        P1
  D:00A0H         PUBLIC        P2
  D:00B0H         PUBLIC        P3
  D:00C0H         PUBLIC        P4
  D:00C8H         PUBLIC        P5
  D:00E8H         PUBLIC        P6
  D:00F8H         PUBLIC        P7
  D:00A8H         PUBLIC        IE
  D:00B8H         PUBLIC        IP
  D:00D8H         PUBLIC        CCON
  C:78A5H         PUBLIC        _WDT_Inilize
  D:0098H         PUBLIC        SCON
  D:0088H         PUBLIC        TCON
  C:0006H         PUBLIC        WDT_Clear
  D:00F0H         PUBLIC        B
  D:00E0H         PUBLIC        ACC
  D:00C1H         PUBLIC        WDT_CONTR
  D:00D0H         PUBLIC        PSW
  -------         PROC          _WDT_INILIZE
  D:0001H         SYMBOL        WDT
  C:78A5H         LINE#         22
  C:78A5H         LINE#         23
  C:78A5H         LINE#         24
  C:78AEH         LINE#         26
  C:78BEH         LINE#         27
  C:78CAH         LINE#         28
  C:78CDH         LINE#         29
  -------         ENDPROC       _WDT_INILIZE
  -------         PROC          WDT_CLEAR
  C:0006H         LINE#         32
  C:0006H         LINE#         33
  C:0006H         LINE#         34
  C:0009H         LINE#         35
BL51 BANKED LINKER/LOCATER V6.22.2.0                                                  06/06/2022  10:51:46  PAGE 123


  -------         ENDPROC       WDT_CLEAR
  -------         ENDMOD        WDT

  -------         MODULE        ?C?CLDPTR
  C:0DC7H         PUBLIC        ?C?CLDPTR
  -------         ENDMOD        ?C?CLDPTR

  -------         MODULE        ?C?CLDOPTR
  C:0DE0H         PUBLIC        ?C?CLDOPTR
  -------         ENDMOD        ?C?CLDOPTR

  -------         MODULE        ?C?CSTPTR
  C:0E0DH         PUBLIC        ?C?CSTPTR
  -------         ENDMOD        ?C?CSTPTR

  -------         MODULE        ?C?CSTOPTR
  C:0E1FH         PUBLIC        ?C?CSTOPTR
  -------         ENDMOD        ?C?CSTOPTR

  -------         MODULE        ?C?IMUL
  C:0E41H         PUBLIC        ?C?IMUL
  -------         ENDMOD        ?C?IMUL

  -------         MODULE        ?C?UIDIV
  C:0E53H         PUBLIC        ?C?UIDIV
  -------         ENDMOD        ?C?UIDIV

  -------         MODULE        ?C?IILDX
  C:0EA8H         PUBLIC        ?C?IILDX
  -------         ENDMOD        ?C?IILDX

  -------         MODULE        ?C?ILDIX
  C:0EBEH         PUBLIC        ?C?ILDIX
  -------         ENDMOD        ?C?ILDIX

  -------         MODULE        ?C?ILDPTR
  C:0ED4H         PUBLIC        ?C?ILDPTR
  -------         ENDMOD        ?C?ILDPTR

  -------         MODULE        ?C?ILDOPTR
  C:0EFFH         PUBLIC        ?C?ILDOPTR
  -------         ENDMOD        ?C?ILDOPTR

  -------         MODULE        ?C?LMUL
  C:0F37H         PUBLIC        ?C?LMUL
  -------         ENDMOD        ?C?LMUL

  -------         MODULE        ?C?ULDIV
  C:0FC2H         PUBLIC        ?C?ULDIV
  -------         ENDMOD        ?C?ULDIV

  -------         MODULE        ?C?ULCMP
  C:1054H         PUBLIC        ?C?ULCMP
  -------         ENDMOD        ?C?ULCMP

  -------         MODULE        ?C?ULSHR
  C:1065H         PUBLIC        ?C?ULSHR
BL51 BANKED LINKER/LOCATER V6.22.2.0                                                  06/06/2022  10:51:46  PAGE 124


  -------         ENDMOD        ?C?ULSHR

  -------         MODULE        ?C?LSHL
  C:1078H         PUBLIC        ?C?LSHL
  -------         ENDMOD        ?C?LSHL

  -------         MODULE        ?C?LLDOPTR
  C:108BH         PUBLIC        ?C?LLDOPTR
  -------         ENDMOD        ?C?LLDOPTR

  -------         MODULE        ?C?LLDOPTR0
  C:10BBH         PUBLIC        ?C?LLDOPTR0
  -------         ENDMOD        ?C?LLDOPTR0

  -------         MODULE        ?C?LSTXDATA
  C:10EBH         PUBLIC        ?C?LSTXDATA
  -------         ENDMOD        ?C?LSTXDATA

  -------         MODULE        ?C?LSTKXDATA
  C:10F7H         PUBLIC        ?C?LSTKXDATA
  -------         ENDMOD        ?C?LSTKXDATA

  -------         MODULE        ?C?CCASE
  C:1128H         PUBLIC        ?C?CCASE
  -------         ENDMOD        ?C?CCASE

  -------         MODULE        PRINTF
  X:1107H         PUBLIC        ?_PRINTF517?BYTE
  X:1107H         PUBLIC        ?_PRINTF?BYTE
  X:1107H         PUBLIC        ?_SPRINTF517?BYTE
  X:1107H         PUBLIC        ?_SPRINTF?BYTE
  C:26E8H         PUBLIC        _PRINTF
  C:26E8H         PUBLIC        _PRINTF517
  C:26E2H         PUBLIC        _SPRINTF
  C:26E2H         PUBLIC        _SPRINTF517
  -------         ENDMOD        PRINTF

  -------         MODULE        SCANF
  X:10B8H         PUBLIC        ?_SCANF517?BYTE
  X:10B8H         PUBLIC        ?_SCANF?BYTE
  X:10B8H         PUBLIC        ?_SSCANF517?BYTE
  X:10B8H         PUBLIC        ?_SSCANF?BYTE
  C:2D97H         PUBLIC        _SCANF
  C:2D97H         PUBLIC        _SCANF517
  C:2D93H         PUBLIC        _SSCANF
  C:2D93H         PUBLIC        _SSCANF517
  -------         ENDMOD        SCANF

  -------         MODULE        ?C?ISTPTR
  C:114EH         PUBLIC        ?C?ISTPTR
  -------         ENDMOD        ?C?ISTPTR

  -------         MODULE        ?C?LNEG
  C:116DH         PUBLIC        ?C?LNEG
  -------         ENDMOD        ?C?LNEG

  -------         MODULE        ?C?LSTPTR
BL51 BANKED LINKER/LOCATER V6.22.2.0                                                  06/06/2022  10:51:46  PAGE 125


  C:117BH         PUBLIC        ?C?LSTPTR
  -------         ENDMOD        ?C?LSTPTR

  -------         MODULE        ?C?LLDIDATA
  C:1195H         PUBLIC        ?C?LLDIDATA
  -------         ENDMOD        ?C?LLDIDATA

  -------         MODULE        ?C?LLDXDATA
  C:11A1H         PUBLIC        ?C?LLDXDATA
  -------         ENDMOD        ?C?LLDXDATA

  -------         MODULE        ?C?LLDPDATA
  C:11ADH         PUBLIC        ?C?LLDPDATA
  -------         ENDMOD        ?C?LLDPDATA

  -------         MODULE        ?C?LLDCODE
  C:11B9H         PUBLIC        ?C?LLDCODE
  -------         ENDMOD        ?C?LLDCODE

  -------         MODULE        ?C?LLDIDATA0
  C:11C9H         PUBLIC        ?C?LLDIDATA0
  -------         ENDMOD        ?C?LLDIDATA0

  -------         MODULE        ?C?LLDXDATA0
  C:11D6H         PUBLIC        ?C?LLDXDATA0
  -------         ENDMOD        ?C?LLDXDATA0

  -------         MODULE        ?C?LLDPDATA0
  C:11E2H         PUBLIC        ?C?LLDPDATA0
  -------         ENDMOD        ?C?LLDPDATA0

  -------         MODULE        ?C?LLDCODE0
  C:11EFH         PUBLIC        ?C?LLDCODE0
  -------         ENDMOD        ?C?LLDCODE0

  -------         MODULE        ?C?PLDXDATA
  C:11FFH         PUBLIC        ?C?PLDXDATA
  -------         ENDMOD        ?C?PLDXDATA

  -------         MODULE        ?C?PLDIXDATA
  C:1208H         PUBLIC        ?C?PLDIXDATA
  -------         ENDMOD        ?C?PLDIXDATA

  -------         MODULE        ?C?PILDXDATA
  C:121FH         PUBLIC        ?C?PILDXDATA
  -------         ENDMOD        ?C?PILDXDATA

  -------         MODULE        ?C?PSTXDATA
  C:1236H         PUBLIC        ?C?PSTXDATA
  -------         ENDMOD        ?C?PSTXDATA

  -------         MODULE        GETCHAR
  B:0023H.2       PUBLIC        ?C?CHARLOADED
  X:12F1H         PUBLIC        ?_UNGETCHAR?BYTE
  C:7EDAH         PUBLIC        GETCHAR
  -------         ENDMOD        GETCHAR

BL51 BANKED LINKER/LOCATER V6.22.2.0                                                  06/06/2022  10:51:46  PAGE 126


  -------         MODULE        UNGETC
  C:8063H         PUBLIC        _UNGETCHAR
  -------         ENDMOD        UNGETC

  -------         MODULE        ISSPACE
  C:7EEEH         PUBLIC        _isspace
  -------         ENDMOD        ISSPACE

  -------         MODULE        ?C?LSTIDATA
  C:123FH         PUBLIC        ?C?LSTIDATA
  -------         ENDMOD        ?C?LSTIDATA

  -------         MODULE        ?C?LSTPDATA
  C:124BH         PUBLIC        ?C?LSTPDATA
  -------         ENDMOD        ?C?LSTPDATA

  -------         MODULE        _GETKEY
  C:803EH         PUBLIC        _GETKEY
  -------         ENDMOD        _GETKEY

*** WARNING L16: UNCALLED SEGMENT, IGNORED FOR OVERLAY PROCESS
    SEGMENT: ?PR?_GETPSWBYROOM?UNLOCKPASSWORD

*** WARNING L16: UNCALLED SEGMENT, IGNORED FOR OVERLAY PROCESS
    SEGMENT: ?PR?CHECKRFIDCARD?CARDREAD

Program Size: data=17.3 xdata=4850 code=32874
LINK/LOCATE RUN COMPLETE.  2 WARNING(S),  0 ERROR(S)
