BL51 BANKED LINKER/LOCATER V6.22.2.0                                                    11/01/2021  15:13:59  PAGE 1


BL51 BANKED LINKER/LOCATER V6.22.2.0, INVOKED BY:
D:\KEIL_V5\C51\BIN\BL51.EXE .\Objects\STARTUP.obj, .\Objects\main.obj, .\Objects\Driver.obj, .\Objects\LCD12864.obj, .\O
>> bjects\NameList.obj, .\Objects\Eeprom.obj, .\Objects\SysStatus.obj, .\Objects\UnlockPassword.obj, .\Objects\SysString
>> .obj, .\Objects\Card.obj, .\Objects\CardRead.obj, .\Objects\Audio.obj, .\Objects\UART.obj, .\Objects\timer.obj, .\Obj
>> ects\GPIO.obj, .\Objects\Exti.obj, .\Objects\spi.obj, .\Objects\WDT.obj TO .\Objects\FSK PRINT (.\Listings\FSK.m51) R
>> AMSIZE (256)


MEMORY MODEL: LARGE


INPUT MODULES INCLUDED:
  .\Objects\STARTUP.obj (?C_STARTUP)
  .\Objects\main.obj (MAIN)
  .\Objects\Driver.obj (DRIVER)
  .\Objects\LCD12864.obj (LCD12864)
  .\Objects\NameList.obj (NAMELIST)
  .\Objects\Eeprom.obj (EEPROM)
  .\Objects\SysStatus.obj (SYSSTATUS)
  .\Objects\UnlockPassword.obj (UNLOCKPASSWORD)
  .\Objects\SysString.obj (SYSSTRING)
  .\Objects\Card.obj (CARD)
  .\Objects\CardRead.obj (CARDREAD)
  .\Objects\Audio.obj (AUDIO)
  .\Objects\UART.obj (UART)
  .\Objects\timer.obj (TIMER)
  .\Objects\GPIO.obj (GPIO)
  .\Objects\Exti.obj (EXTI)
  .\Objects\spi.obj (SPI)
  .\Objects\WDT.obj (WDT)
  D:\KEIL_V5\C51\LIB\C51L.LIB (?C_INIT)
  D:\KEIL_V5\C51\LIB\C51L.LIB (?C?CLDPTR)
  D:\KEIL_V5\C51\LIB\C51L.LIB (?C?CLDOPTR)
  D:\KEIL_V5\C51\LIB\C51L.LIB (?C?CSTPTR)
  D:\KEIL_V5\C51\LIB\C51L.LIB (?C?CSTOPTR)
  D:\KEIL_V5\C51\LIB\C51L.LIB (?C?IMUL)
  D:\KEIL_V5\C51\LIB\C51L.LIB (?C?UIDIV)
  D:\KEIL_V5\C51\LIB\C51L.LIB (?C?IILDX)
  D:\KEIL_V5\C51\LIB\C51L.LIB (?C?ILDIX)
  D:\KEIL_V5\C51\LIB\C51L.LIB (?C?ILDPTR)
  D:\KEIL_V5\C51\LIB\C51L.LIB (?C?ILDOPTR)
  D:\KEIL_V5\C51\LIB\C51L.LIB (?C?LMUL)
  D:\KEIL_V5\C51\LIB\C51L.LIB (?C?ULDIV)
  D:\KEIL_V5\C51\LIB\C51L.LIB (?C?ULCMP)
  D:\KEIL_V5\C51\LIB\C51L.LIB (?C?ULSHR)
  D:\KEIL_V5\C51\LIB\C51L.LIB (?C?LSHL)
  D:\KEIL_V5\C51\LIB\C51L.LIB (?C?LLDOPTR)
  D:\KEIL_V5\C51\LIB\C51L.LIB (?C?LLDOPTR0)
  D:\KEIL_V5\C51\LIB\C51L.LIB (?C?LSTXDATA)
  D:\KEIL_V5\C51\LIB\C51L.LIB (?C?LSTKXDATA)
  D:\KEIL_V5\C51\LIB\C51L.LIB (?C?CCASE)
  D:\KEIL_V5\C51\LIB\C51L.LIB (PRINTF)
  D:\KEIL_V5\C51\LIB\C51L.LIB (SCANF)
  D:\KEIL_V5\C51\LIB\C51L.LIB (?C?ISTPTR)
  D:\KEIL_V5\C51\LIB\C51L.LIB (?C?LNEG)
  D:\KEIL_V5\C51\LIB\C51L.LIB (?C?LSTPTR)
  D:\KEIL_V5\C51\LIB\C51L.LIB (?C?LLDIDATA)
  D:\KEIL_V5\C51\LIB\C51L.LIB (?C?LLDXDATA)
BL51 BANKED LINKER/LOCATER V6.22.2.0                                                  11/01/2021  15:13:59  PAGE 2


  D:\KEIL_V5\C51\LIB\C51L.LIB (?C?LLDPDATA)
  D:\KEIL_V5\C51\LIB\C51L.LIB (?C?LLDCODE)
  D:\KEIL_V5\C51\LIB\C51L.LIB (?C?LLDIDATA0)
  D:\KEIL_V5\C51\LIB\C51L.LIB (?C?LLDXDATA0)
  D:\KEIL_V5\C51\LIB\C51L.LIB (?C?LLDPDATA0)
  D:\KEIL_V5\C51\LIB\C51L.LIB (?C?LLDCODE0)
  D:\KEIL_V5\C51\LIB\C51L.LIB (?C?PLDXDATA)
  D:\KEIL_V5\C51\LIB\C51L.LIB (?C?PLDIXDATA)
  D:\KEIL_V5\C51\LIB\C51L.LIB (?C?PILDXDATA)
  D:\KEIL_V5\C51\LIB\C51L.LIB (?C?PSTXDATA)
  D:\KEIL_V5\C51\LIB\C51L.LIB (GETCHAR)
  D:\KEIL_V5\C51\LIB\C51L.LIB (UNGETC)
  D:\KEIL_V5\C51\LIB\C51L.LIB (ISSPACE)
  D:\KEIL_V5\C51\LIB\C51L.LIB (?C?LSTIDATA)
  D:\KEIL_V5\C51\LIB\C51L.LIB (?C?LSTPDATA)
  D:\KEIL_V5\C51\LIB\C51L.LIB (_GETKEY)


LINK MAP OF MODULE:  .\Objects\FSK (?C_STARTUP)


            TYPE    BASE      LENGTH    RELOCATION   SEGMENT NAME
            -----------------------------------------------------

            * * * * * * *   D A T A   M E M O R Y   * * * * * * *
            REG     0000H     0008H     ABSOLUTE     "REG BANK 0"
            DATA    0008H     0005H     UNIT         _DATA_GROUP_
                    000DH     0013H                  *** GAP ***
            BIT     0020H.0   0001H.2   UNIT         _BIT_GROUP_
            BIT     0021H.2   0000H.3   UNIT         ?BI?UNLOCKPASSWORD
            BIT     0021H.5   0000H.3   UNIT         ?BI?CARDREAD
            BIT     0022H.0   0000H.3   UNIT         ?BI?AUDIO
            BIT     0022H.3   0000H.2   UNIT         ?BI?LCD12864
            BIT     0022H.5   0000H.2   UNIT         ?BI?CARD
            BIT     0022H.7   0000H.1   UNIT         ?BI?NAMELIST
            BIT     0023H.0   0000H.1   UNIT         ?BI?TIMER
            BIT     0023H.1   0000H.1   UNIT         ?BI?SPI
            BIT     0023H.2   0000H.1   UNIT         ?BI?GETCHAR
                    0023H.3   0000H.5                *** GAP ***
            IDATA   0024H     0001H     UNIT         ?STACK

            * * * * * * *  X D A T A   M E M O R Y  * * * * * * *
            XDATA   0000H     08A3H     UNIT         ?XD?AUDIO
            XDATA   08A3H     0406H     UNIT         ?XD?LCD12864
            XDATA   0CA9H     03D8H     UNIT         ?XD?UART
            XDATA   1081H     00AFH     UNIT         _XDATA_GROUP_
            XDATA   1130H     0082H     UNIT         ?XD?SPI
            XDATA   11B2H     0054H     UNIT         ?XD?SYSSTATUS
            XDATA   1206H     0051H     UNIT         ?XD?CARDREAD
            XDATA   1257H     0034H     UNIT         ?XD?NAMELIST
            XDATA   128BH     0014H     UNIT         ?XD?SYSSTRING
            XDATA   129FH     000CH     UNIT         ?XD?DRIVER
            XDATA   12ABH     000CH     UNIT         ?XD?UNLOCKPASSWORD
            XDATA   12B7H     0008H     UNIT         ?XD?CARD
            XDATA   12BFH     0005H     UNIT         ?XD?MAIN
            XDATA   12C4H     0005H     UNIT         ?XD?_GETPSWBYROOM?UNLOCKPASSWORD
            XDATA   12C9H     0002H     UNIT         ?XD?TIMER
BL51 BANKED LINKER/LOCATER V6.22.2.0                                                  11/01/2021  15:13:59  PAGE 3


            XDATA   12CBH     0001H     UNIT         ?XD?GETCHAR

            * * * * * * *   C O D E   M E M O R Y   * * * * * * *
            CODE    0000H     0003H     ABSOLUTE     
            CODE    0003H     0003H     ABSOLUTE     
            CODE    0006H     0004H     UNIT         ?PR?WDT_CLEAR?WDT
            CODE    000AH     0001H     UNIT         ?PR?SHOWGSMCSQ?SYSSTRING
            CODE    000BH     0003H     ABSOLUTE     
            CODE    000EH     000CH     UNIT         ?PR?_SYSTALKKEY?SYSSTATUS
                    001AH     0001H                  *** GAP ***
            CODE    001BH     0003H     ABSOLUTE     
            CODE    001EH     0003H     UNIT         ?CO?MAIN
                    0021H     0002H                  *** GAP ***
            CODE    0023H     0003H     ABSOLUTE     
            CODE    0026H     0025H     UNIT         ?PR?EDITNAMEITEMCON?NAMELIST
            CODE    004BH     0003H     ABSOLUTE     
            CODE    004EH     003BH     UNIT         ?PR?_WRITENAMEITEMBYIDX?NAMELIST
                    0089H     0002H                  *** GAP ***
            CODE    008BH     0003H     ABSOLUTE     
            CODE    008EH     0015H     UNIT         ?PR?IIC_NACK?EEPROM
            CODE    00A3H     0003H     ABSOLUTE     
            CODE    00A6H     0840H     UNIT         ?CO?LCD12864
            CODE    08E6H     0516H     UNIT         ?PR?CHECKRFIDCARD?CARDREAD
            CODE    0DFCH     04B7H     UNIT         ?PR?_NAMEEDITKEY?NAMELIST
            CODE    12B3H     0496H     UNIT         ?PR?_UART_CONFIGURATION?UART
            CODE    1749H     0490H     UNIT         ?C?LIB_CODE
            CODE    1BD9H     0446H     UNIT         ?PR?_PSWEDITKEY?UNLOCKPASSWORD
            CODE    201FH     03D0H     UNIT         ?CO?SYSSTRING
            CODE    23EFH     0371H     UNIT         ?PR?_REVNAMELIST?NAMELIST
            CODE    2760H     0365H     UNIT         ?PR?PRINTF?PRINTF
            CODE    2AC5H     0328H     UNIT         ?PR?_SHOWPSW?UNLOCKPASSWORD
            CODE    2DEDH     0322H     UNIT         ?PR?SCANF?SCANF
            CODE    310FH     02DBH     UNIT         ?PR?_SYSPSWEDITKEY?UNLOCKPASSWORD
            CODE    33EAH     0277H     UNIT         ?PR?_GPIO_INILIZE?GPIO
            CODE    3661H     025BH     UNIT         ?PR?_SHOWNAME?NAMELIST
            CODE    38BCH     0252H     UNIT         ?PR?_SHOWCARD?CARD
            CODE    3B0EH     0235H     UNIT         ?PR?_NAMEDELETEKEY?NAMELIST
            CODE    3D43H     021DH     UNIT         ?PR?_TIMER_INILIZE?TIMER
            CODE    3F60H     01D3H     UNIT         ?PR?MAIN?MAIN
            CODE    4133H     01C9H     UNIT         ?PR?_CARDDELETEKEY?CARD
            CODE    42FCH     01C3H     UNIT         ?PR?_CARDEDITKEY?CARD
            CODE    44BFH     01BEH     UNIT         ?C_INITSEG
            CODE    467DH     01BBH     UNIT         ?PR?_PSWDELETEKEY?UNLOCKPASSWORD
            CODE    4838H     017EH     UNIT         ?PR?_SYSKEY?SYSSTATUS
            CODE    49B6H     0168H     UNIT         ?PR?_SYSSUBSETKEY?SYSSTATUS
            CODE    4B1EH     015DH     UNIT         ?PR?_WRITELCD?LCD12864
            CODE    4C7BH     0155H     UNIT         ?PR?_PSWINPUTKEY?UNLOCKPASSWORD
            CODE    4DD0H     0153H     UNIT         ?PR?SHOWSUBPARA?SYSSTATUS
            CODE    4F23H     014BH     UNIT         ?PR?_SYSIDLEKEY?SYSSTATUS
            CODE    506EH     013FH     UNIT         ?PR?CARDIRQ?CARDREAD
            CODE    51ADH     0126H     UNIT         ?PR?WAVREADTASK?AUDIO
            CODE    52D3H     0122H     UNIT         ?PR?INITSYSPARA?SYSSTATUS
            CODE    53F5H     011DH     UNIT         ?PR?KEYSCAN?DRIVER
            CODE    5512H     0116H     UNIT         ?PR?_CALLBYNAMEITEM?NAMELIST
            CODE    5628H     0110H     UNIT         ?PR?_SYSINPUTROOM?SYSSTATUS
            CODE    5738H     010CH     UNIT         ?PR?_INPUTSYSPSW?SYSSTATUS
            CODE    5844H     0106H     UNIT         ?PR?SKEYSCAN?DRIVER
BL51 BANKED LINKER/LOCATER V6.22.2.0                                                  11/01/2021  15:13:59  PAGE 4


            CODE    594AH     00F8H     UNIT         ?PR?_LOOKFORSTR?DRIVER
            CODE    5A42H     00EDH     UNIT         ?PR?_SAVESUBPARA?SYSSTATUS
            CODE    5B2FH     00EAH     UNIT         ?PR?_ADDCARDITEM?CARD
            CODE    5C19H     00E8H     UNIT         ?PR?GPIO_CONFIG?DRIVER
            CODE    5D01H     00E5H     UNIT         ?PR?NAMEEDITCHAGETYPE?NAMELIST
            CODE    5DE6H     00E2H     UNIT         ?PR?_SYSSETTINGKEY?SYSSTATUS
            CODE    5EC8H     00D8H     UNIT         ?CO?NAMELIST
            CODE    5FA0H     00C7H     UNIT         ?PR?_SUBSETCON?SYSSTATUS
            CODE    6067H     00B6H     UNIT         ?PR?_DISPLAYFL?LCD12864
            CODE    611DH     00B4H     UNIT         ?PR?PWMTASK?AUDIO
            CODE    61D1H     00ABH     UNIT         ?PR?_BITBLT?LCD12864
            CODE    627CH     00ABH     UNIT         ?PR?_CHECKCARD?CARD
            CODE    6327H     00A8H     UNIT         ?PR?SHOWINPUTPSW?SYSSTATUS
            CODE    63CFH     00A7H     UNIT         ?PR?_SHOWMAIN?SYSSTRING
            CODE    6476H     00A0H     UNIT         ?PR?UART3_INT?UART
            CODE    6516H     009DH     UNIT         ?PR?_SPI_INIT?SPI
            CODE    65B3H     009BH     UNIT         ?PR?_MP3_STARTPLAY?AUDIO
            CODE    664EH     0099H     UNIT         ?PR?_SPI_FLASH_READ?SPI
            CODE    66E7H     0092H     UNIT         ?PR?UART1_INT?UART
            CODE    6779H     008CH     UNIT         ?C_C51STARTUP
            CODE    6805H     008BH     UNIT         ?PR?NAMESETCON?NAMELIST
            CODE    6890H     008BH     UNIT         ?PR?_WRITEBUF_AT24C02?EEPROM
            CODE    691BH     008BH     UNIT         ?PR?PSWSETCON?UNLOCKPASSWORD
            CODE    69A6H     008BH     UNIT         ?PR?CARDSETCON?CARD
            CODE    6A31H     008AH     UNIT         ?CO?SYSSTATUS
            CODE    6ABBH     0085H     UNIT         ?PR?_GETIDXBYROOM?SYSSTATUS
            CODE    6B40H     0078H     UNIT         ?PR?_WRITELCDICO?LCD12864
            CODE    6BB8H     0078H     UNIT         ?PR?_CHECKPSW?UNLOCKPASSWORD
            CODE    6C30H     0077H     UNIT         ?PR?_ADDNAMEITEM?NAMELIST
            CODE    6CA7H     0077H     UNIT         ?PR?_ADDPSWITEM?UNLOCKPASSWORD
            CODE    6D1EH     0073H     UNIT         ?PR?_SENDRELAY?DRIVER
            CODE    6D91H     0072H     UNIT         ?PR?_EXT_INILIZE?EXTI
            CODE    6E03H     006FH     UNIT         ?PR?_DELNAMEITEMBYIDX?NAMELIST
            CODE    6E72H     006FH     UNIT         ?PR?_DELPSWBYIDX?UNLOCKPASSWORD
            CODE    6EE1H     006FH     UNIT         ?PR?_DELCARDBYIDX?CARD
            CODE    6F50H     0067H     UNIT         ?PR?SHOWINPUTROOM?SYSSTATUS
            CODE    6FB7H     0064H     UNIT         ?PR?_SYSCARD?SYSSTATUS
            CODE    701BH     0063H     UNIT         ?PR?_RELAYOPEN?DRIVER
            CODE    707EH     0063H     UNIT         ?PR?_READBUF_AT24C02?EEPROM
            CODE    70E1H     0061H     UNIT         ?PR?RINGTASK?AUDIO
            CODE    7142H     0059H     UNIT         ?PR?INITUSERPARA?SYSSTATUS
            CODE    719BH     0059H     UNIT         ?PR?_READROOMBYIDX?SYSSTATUS
            CODE    71F4H     0059H     UNIT         ?PR?TIMER4_INT?TIMER
            CODE    724DH     0058H     UNIT         ?PR?_BEEP_STARTPLAY?AUDIO
            CODE    72A5H     0056H     UNIT         ?PR?UART_CONFIG?DRIVER
            CODE    72FBH     0053H     UNIT         ?PR?TIMER_CONFIG?DRIVER
            CODE    734EH     004DH     UNIT         ?PR?_LCD_WDAT?LCD12864
            CODE    739BH     004DH     UNIT         ?PR?SPI_TRANSIVION?SPI
            CODE    73E8H     0049H     UNIT         ?PR?_GETNAMEITEMBYROOM?NAMELIST
            CODE    7431H     0049H     UNIT         ?PR?_GETPSWBYROOM?UNLOCKPASSWORD
            CODE    747AH     0048H     UNIT         ?PR?UARTTASK?UART
            CODE    74C2H     0044H     UNIT         ?PR?_HS_MEMCPY?DRIVER
            CODE    7506H     0043H     UNIT         ?PR?_LCD_WCMD?LCD12864
            CODE    7549H     0043H     UNIT         ?PR?_IIC_SEND_BYTE?EEPROM
            CODE    758CH     0043H     UNIT         ?PR?SHOWTALKTIME?SYSSTRING
            CODE    75CFH     0040H     UNIT         ?PR?KEYBEEPTASK?AUDIO
            CODE    760FH     0040H     UNIT         ?PR?TIMER0_INT?TIMER
BL51 BANKED LINKER/LOCATER V6.22.2.0                                                  11/01/2021  15:13:59  PAGE 5


            CODE    764FH     0040H     UNIT         ?PR?EXT_INT0?EXTI
            CODE    768FH     003BH     UNIT         ?PR?_CARDEDITCARDIN?CARD
            CODE    76CAH     0038H     UNIT         ?PR?SYSSETTINGCON?SYSSTATUS
            CODE    7702H     0037H     UNIT         ?CO?AUDIO
            CODE    7739H     0036H     UNIT         ?PR?IIC_READ_BYTE?EEPROM
            CODE    776FH     0035H     UNIT         ?CO?DRIVER
            CODE    77A4H     0035H     UNIT         ?PR?MP3_STOP?AUDIO
            CODE    77D9H     0033H     UNIT         ?PR?DELETECARDCON?CARD
            CODE    780CH     0032H     UNIT         ?PR?FLASHTASK?LCD12864
            CODE    783EH     0032H     UNIT         ?PR?CARDMSTASK?CARDREAD
            CODE    7870H     0031H     UNIT         ?PR?_WRITECARDBYIDX?CARD
            CODE    78A1H     0031H     UNIT         ?PR?_READCARDBYIDX?CARD
            CODE    78D2H     0030H     UNIT         ?PR?INIT_12864?LCD12864
            CODE    7902H     0030H     UNIT         ?PR?_READNAMEITEMBYIDX?NAMELIST
            CODE    7932H     0030H     UNIT         ?PR?TIMER1_INT?TIMER
            CODE    7962H     002FH     UNIT         ?PR?_INPUTROOMCON?SYSSTATUS
            CODE    7991H     002EH     UNIT         ?PR?_MEMISEMPTY?DRIVER
            CODE    79BFH     002CH     UNIT         ?PR?_CLEARBUF?DRIVER
            CODE    79EBH     002CH     UNIT         ?PR?_TX3_WRITE2BUFF?UART
            CODE    7A17H     002BH     UNIT         ?PR?_TX1_WRITE2BUFF?UART
            CODE    7A42H     002BH     UNIT         ?PR?_UART3SENDBUF?UART
            CODE    7A6DH     002AH     UNIT         ?PR?_WDT_INILIZE?WDT
            CODE    7A97H     0029H     UNIT         ?PR?IIC_ACK?EEPROM
            CODE    7AC0H     0029H     UNIT         ?PR?_DELCARDBYCARD?CARD
            CODE    7AE9H     0029H     UNIT         ?PR?SPI_CONFIG?AUDIO
            CODE    7B12H     0028H     UNIT         ?PR?_WRITEPSWBYIDX?UNLOCKPASSWORD
            CODE    7B3AH     0026H     UNIT         ?PR?_DELAY?DRIVER
            CODE    7B60H     0026H     UNIT         ?PR?_STRLEN?DRIVER
            CODE    7B86H     0025H     UNIT         ?PR?DELETENAMECON?NAMELIST
            CODE    7BABH     0025H     UNIT         ?PR?_DELPSWBYROOM?UNLOCKPASSWORD
            CODE    7BD0H     0025H     UNIT         ?PR?EDITPSWCON?UNLOCKPASSWORD
            CODE    7BF5H     0025H     UNIT         ?PR?DELETEPSWCON?UNLOCKPASSWORD
            CODE    7C1AH     0025H     UNIT         ?PR?EDITSYSPSWCON?UNLOCKPASSWORD
            CODE    7C3FH     0025H     UNIT         ?PR?_DELCARDBYROOM?CARD
            CODE    7C64H     0025H     UNIT         ?PR?EDITCARDCON?CARD
            CODE    7C89H     0025H     UNIT         ?PR?PWM_CONFIG?AUDIO
            CODE    7CAEH     0024H     UNIT         ?PR?LCD_BUSY?LCD12864
            CODE    7CD2H     0024H     UNIT         ?PR?INPUTPSWCON?UNLOCKPASSWORD
            CODE    7CF6H     0023H     UNIT         ?PR?SAVENAMECOUNT?NAMELIST
            CODE    7D19H     0023H     UNIT         ?PR?SAVEPSWCOUNT?UNLOCKPASSWORD
            CODE    7D3CH     0023H     UNIT         ?PR?SAVECARDCOUNT?CARD
            CODE    7D5FH     0022H     UNIT         ?PR?_SHOWNAMEBYIDX?NAMELIST
            CODE    7D81H     0021H     UNIT         ?PR?_CHECKUNICODE?LCD12864
            CODE    7DA2H     0021H     UNIT         ?PR?_NAMESETKEY?NAMELIST
            CODE    7DC3H     0021H     UNIT         ?PR?_PSWSETKEY?UNLOCKPASSWORD
            CODE    7DE4H     0021H     UNIT         ?PR?_CARDSETKEY?CARD
            CODE    7E05H     0020H     UNIT         ?CO?CARDREAD
            CODE    7E25H     001DH     UNIT         ?PR?LCDCLEAR?LCD12864
            CODE    7E42H     001DH     UNIT         ?PR?INPUTSYSPSWCON?SYSSTATUS
            CODE    7E5FH     001DH     UNIT         ?PR?_READPSWBYIDX?UNLOCKPASSWORD
            CODE    7E7CH     001DH     UNIT         ?PR?SAVESYSPSW?UNLOCKPASSWORD
            CODE    7E99H     001BH     UNIT         ?PR?_SPI_READWRITEBYTE?SPI
            CODE    7EB4H     001AH     UNIT         ?PR?RELAYTASK?DRIVER
            CODE    7ECEH     001AH     UNIT         ?PR?SYSIDLECON?SYSSTATUS
            CODE    7EE8H     001AH     UNIT         ?PR?CARDREADINIT?CARDREAD
            CODE    7F02H     0019H     UNIT         ?PR?EXTI_CONFIG?DRIVER
            CODE    7F1BH     0019H     UNIT         ?PR?SHOWUNLOCK?SYSSTRING
BL51 BANKED LINKER/LOCATER V6.22.2.0                                                  11/01/2021  15:13:59  PAGE 6


            CODE    7F34H     0019H     UNIT         ?PR?UART1CLEAR?UART
            CODE    7F4DH     0019H     UNIT         ?PR?UART3CLEAR?UART
            CODE    7F66H     0017H     UNIT         ?PR?_HBSTRLEN?DRIVER
            CODE    7F7DH     0017H     UNIT         ?PR?_NAMEDELALLKEY?NAMELIST
            CODE    7F94H     0017H     UNIT         ?PR?_PSWDELALLKEY?UNLOCKPASSWORD
            CODE    7FABH     0017H     UNIT         ?PR?_CARDDELALLKEY?CARD
            CODE    7FC2H     0017H     UNIT         ?CO?CARD
            CODE    7FD9H     0016H     UNIT         ?PR?WDT_CONFIG?DRIVER
            CODE    7FEFH     0016H     UNIT         ?PR?_DISPLAYSTRING?LCD12864
            CODE    8005H     0016H     UNIT         ?PR?DELETEALLNAMECON?NAMELIST
            CODE    801BH     0016H     UNIT         ?PR?_IIC_DELAYMS?EEPROM
            CODE    8031H     0016H     UNIT         ?PR?IIC_START?EEPROM
            CODE    8047H     0016H     UNIT         ?PR?IIC_STOP?EEPROM
            CODE    805DH     0016H     UNIT         ?PR?DELETEALLPSWCON?UNLOCKPASSWORD
            CODE    8073H     0016H     UNIT         ?PR?DELETEALLCARDCON?CARD
            CODE    8089H     0015H     UNIT         ?CO?UNLOCKPASSWORD
            CODE    809EH     0015H     UNIT         ?PR?SHOWSAVEOK?SYSSTRING
            CODE    80B3H     0015H     UNIT         ?PR?SHOWCARDERR?SYSSTRING
            CODE    80C8H     0014H     UNIT         ?PR?GETCHAR?GETCHAR
            CODE    80DCH     0014H     UNIT         ?PR?_ISSPACE?ISSPACE
            CODE    80F0H     0013H     UNIT         ?PR?INITNAMELIST?NAMELIST
            CODE    8103H     0013H     UNIT         ?PR?IIC_AACK?EEPROM
            CODE    8116H     0013H     UNIT         ?PR?INITPSW?UNLOCKPASSWORD
            CODE    8129H     0013H     UNIT         ?PR?INITCARD?CARD
            CODE    813CH     0012H     UNIT         ?PR?_DISPLAYICO?LCD12864
            CODE    814EH     0011H     UNIT         ?PR?UNLOCK?DRIVER
            CODE    815FH     0011H     UNIT         ?PR?_DELNAMEITEMBYROOM?NAMELIST
            CODE    8170H     0010H     UNIT         ?PR?LCDADDROW?LCD12864
            CODE    8180H     0010H     UNIT         ?PR?SHOWCONFIRMSAVE?SYSSTRING
            CODE    8190H     0010H     UNIT         ?PR?SHOWCONFIRMDEL?SYSSTRING
            CODE    81A0H     0010H     UNIT         ?PR?SHOWERR?SYSSTRING
            CODE    81B0H     0010H     UNIT         ?PR?SHOWDELETEOK?SYSSTRING
            CODE    81C0H     0010H     UNIT         ?PR?SHOWROOMERR?SYSSTRING
            CODE    81D0H     0010H     UNIT         ?PR?SHOWRESET?SYSSTRING
            CODE    81E0H     000EH     UNIT         ?PR?_PUTCHAR?DRIVER
            CODE    81EEH     000EH     UNIT         ?PR?_STARTRING?AUDIO
            CODE    81FCH     000AH     UNIT         ?PR?CLEARNAMELIST?NAMELIST
            CODE    8206H     000AH     UNIT         ?PR?CLEARPSW?UNLOCKPASSWORD
            CODE    8210H     000AH     UNIT         ?PR?CLEARCARD?CARD
            CODE    821AH     000AH     UNIT         ?PR?_GETKEY?_GETKEY
            CODE    8224H     0009H     UNIT         ?PR?_SETFLASH?LCD12864
            CODE    822DH     0008H     UNIT         ?PR?GETCHAR?UNGETCHAR
            CODE    8235H     0007H     UNIT         ?PR?RELAYCLOASEALL?DRIVER



OVERLAY MAP OF MODULE:   .\Objects\FSK (?C_STARTUP)


SEGMENT                                       BIT_GROUP          DATA_GROUP          XDATA_GROUP
  +--> CALLED SEGMENT                      START    LENGTH     START    LENGTH     START    LENGTH
--------------------------------------------------------------------------------------------------
?C_C51STARTUP                              -----    -----      -----    -----      -----    -----
  +--> ?PR?MAIN?MAIN
  +--> ?C_INITSEG

?PR?MAIN?MAIN                              -----    -----      -----    -----      -----    -----
BL51 BANKED LINKER/LOCATER V6.22.2.0                                                  11/01/2021  15:13:59  PAGE 7


  +--> ?PR?_DELAY?DRIVER
  +--> ?PR?GPIO_CONFIG?DRIVER
  +--> ?PR?TIMER_CONFIG?DRIVER
  +--> ?PR?UART_CONFIG?DRIVER
  +--> ?PR?EXTI_CONFIG?DRIVER
  +--> ?PR?SPI_CONFIG?AUDIO
  +--> ?PR?PWM_CONFIG?AUDIO
  +--> ?PR?INIT_12864?LCD12864
  +--> ?PR?INITSYSPARA?SYSSTATUS
  +--> ?PR?INITUSERPARA?SYSSTATUS
  +--> ?PR?WDT_CONFIG?DRIVER
  +--> ?PR?SYSIDLECON?SYSSTATUS
  +--> ?PR?CARDREADINIT?CARDREAD
  +--> ?PR?_BEEP_STARTPLAY?AUDIO
  +--> ?PR?_REVNAMELIST?NAMELIST
  +--> ?PR?UART1CLEAR?UART
  +--> ?CO?MAIN
  +--> ?PR?PRINTF?PRINTF
  +--> ?PR?UART3CLEAR?UART
  +--> ?PR?WAVREADTASK?AUDIO
  +--> ?PR?UARTTASK?UART
  +--> ?PR?FLASHTASK?LCD12864
  +--> ?PR?WDT_CLEAR?WDT
  +--> ?PR?RELAYTASK?DRIVER
  +--> ?PR?SHOWTALKTIME?SYSSTRING
  +--> ?PR?_SHOWMAIN?SYSSTRING
  +--> ?PR?_NAMEEDITKEY?NAMELIST
  +--> ?PR?KEYSCAN?DRIVER
  +--> ?PR?_SYSKEY?SYSSTATUS
  +--> ?PR?SKEYSCAN?DRIVER
  +--> ?PR?CARDMSTASK?CARDREAD
  +--> ?PR?CHECKRFIDCARD?CARDREAD
  +--> ?PR?_SYSCARD?SYSSTATUS

?PR?GPIO_CONFIG?DRIVER                     -----    -----      -----    -----      1081H    0002H
  +--> ?PR?_GPIO_INILIZE?GPIO
  +--> ?PR?RELAYCLOASEALL?DRIVER

?PR?TIMER_CONFIG?DRIVER                    -----    -----      -----    -----      1081H    0008H
  +--> ?PR?_TIMER_INILIZE?TIMER

?PR?UART_CONFIG?DRIVER                     -----    -----      -----    -----      1081H    000CH
  +--> ?PR?_UART_CONFIGURATION?UART
  +--> ?CO?DRIVER
  +--> ?PR?PRINTF?PRINTF
  +--> ?PR?_TX3_WRITE2BUFF?UART

?PR?_UART_CONFIGURATION?UART               -----    -----      -----    -----      108DH    000AH

?PR?PRINTF?PRINTF                          0020H.1  0001H.1    0008H    0005H      1107H    0028H
  +--> ?PR?_PUTCHAR?DRIVER

?PR?_PUTCHAR?DRIVER                        -----    -----      -----    -----      112FH    0001H
  +--> ?PR?_TX1_WRITE2BUFF?UART

?PR?EXTI_CONFIG?DRIVER                     -----    -----      -----    -----      1081H    0003H
  +--> ?PR?_EXT_INILIZE?EXTI
BL51 BANKED LINKER/LOCATER V6.22.2.0                                                  11/01/2021  15:13:59  PAGE 8



?PR?SPI_CONFIG?AUDIO                       -----    -----      -----    -----      1081H    0009H
  +--> ?PR?_SPI_INIT?SPI

?PR?INIT_12864?LCD12864                    -----    -----      -----    -----      -----    -----
  +--> ?PR?_LCD_WCMD?LCD12864

?PR?_LCD_WCMD?LCD12864                     -----    -----      -----    -----      110FH    0001H
  +--> ?PR?LCD_BUSY?LCD12864
  +--> ?PR?_BEEP_STARTPLAY?AUDIO

?PR?LCD_BUSY?LCD12864                      0020H.2  0000H.1    -----    -----      -----    -----

?PR?_BEEP_STARTPLAY?AUDIO                  -----    -----      -----    -----      -----    -----
  +--> ?PR?KEYBEEPTASK?AUDIO

?PR?KEYBEEPTASK?AUDIO                      -----    -----      -----    -----      -----    -----
  +--> ?CO?AUDIO

?PR?INITSYSPARA?SYSSTATUS                  0020H.0  0000H.1    -----    -----      -----    -----
  +--> ?PR?_READBUF_AT24C02?EEPROM
  +--> ?PR?_WRITEBUF_AT24C02?EEPROM
  +--> ?CO?SYSSTATUS
  +--> ?PR?PRINTF?PRINTF

?PR?_READBUF_AT24C02?EEPROM                -----    -----      -----    -----      10E6H    0008H
  +--> ?PR?IIC_ACK?EEPROM
  +--> ?PR?_IIC_SEND_BYTE?EEPROM
  +--> ?PR?IIC_START?EEPROM
  +--> ?PR?IIC_READ_BYTE?EEPROM
  +--> ?PR?IIC_AACK?EEPROM
  +--> ?PR?IIC_NACK?EEPROM
  +--> ?PR?IIC_STOP?EEPROM

?PR?IIC_ACK?EEPROM                         -----    -----      -----    -----      -----    -----
  +--> ?PR?IIC_START?EEPROM
  +--> ?PR?_IIC_SEND_BYTE?EEPROM

?PR?_WRITEBUF_AT24C02?EEPROM               -----    -----      -----    -----      10E6H    0007H
  +--> ?PR?_IIC_SEND_BYTE?EEPROM
  +--> ?PR?IIC_ACK?EEPROM
  +--> ?PR?IIC_STOP?EEPROM
  +--> ?PR?_IIC_DELAYMS?EEPROM

?PR?INITUSERPARA?SYSSTATUS                 -----    -----      -----    -----      -----    -----
  +--> ?PR?_READBUF_AT24C02?EEPROM
  +--> ?PR?_WRITEBUF_AT24C02?EEPROM
  +--> ?PR?INITNAMELIST?NAMELIST
  +--> ?PR?INITPSW?UNLOCKPASSWORD
  +--> ?PR?INITCARD?CARD

?PR?INITNAMELIST?NAMELIST                  -----    -----      -----    -----      -----    -----
  +--> ?PR?CLEARNAMELIST?NAMELIST

?PR?CLEARNAMELIST?NAMELIST                 -----    -----      -----    -----      -----    -----
  +--> ?PR?SAVENAMECOUNT?NAMELIST

BL51 BANKED LINKER/LOCATER V6.22.2.0                                                  11/01/2021  15:13:59  PAGE 9


?PR?SAVENAMECOUNT?NAMELIST                 -----    -----      -----    -----      -----    -----
  +--> ?PR?_WRITEBUF_AT24C02?EEPROM

?PR?INITPSW?UNLOCKPASSWORD                 -----    -----      -----    -----      -----    -----
  +--> ?PR?CLEARPSW?UNLOCKPASSWORD

?PR?CLEARPSW?UNLOCKPASSWORD                -----    -----      -----    -----      -----    -----
  +--> ?PR?SAVEPSWCOUNT?UNLOCKPASSWORD

?PR?SAVEPSWCOUNT?UNLOCKPASSWORD            -----    -----      -----    -----      -----    -----
  +--> ?PR?_WRITEBUF_AT24C02?EEPROM

?PR?INITCARD?CARD                          -----    -----      -----    -----      -----    -----
  +--> ?PR?CLEARCARD?CARD

?PR?CLEARCARD?CARD                         -----    -----      -----    -----      -----    -----
  +--> ?PR?SAVECARDCOUNT?CARD

?PR?SAVECARDCOUNT?CARD                     -----    -----      -----    -----      -----    -----
  +--> ?PR?_WRITEBUF_AT24C02?EEPROM

?PR?WDT_CONFIG?DRIVER                      -----    -----      -----    -----      1081H    0003H
  +--> ?PR?_WDT_INILIZE?WDT

?PR?SYSIDLECON?SYSSTATUS                   -----    -----      -----    -----      -----    -----
  +--> ?PR?_SHOWMAIN?SYSSTRING

?PR?_SHOWMAIN?SYSSTRING                    -----    -----      -----    -----      1083H    0001H
  +--> ?PR?LCDCLEAR?LCD12864
  +--> ?PR?SHOWGSMCSQ?SYSSTRING
  +--> ?CO?SYSSTRING
  +--> ?PR?_DISPLAYSTRING?LCD12864
  +--> ?PR?_DISPLAYICO?LCD12864

?PR?LCDCLEAR?LCD12864                      -----    -----      -----    -----      -----    -----
  +--> ?PR?_LCD_WCMD?LCD12864
  +--> ?PR?_CLEARBUF?DRIVER
  +--> ?PR?_SETFLASH?LCD12864

?PR?_CLEARBUF?DRIVER                       -----    -----      -----    -----      1107H    0003H

?PR?_DISPLAYSTRING?LCD12864                -----    -----      -----    -----      -----    -----
  +--> ?PR?_WRITELCD?LCD12864
  +--> ?PR?_BITBLT?LCD12864

?PR?_WRITELCD?LCD12864                     -----    -----      -----    -----      1107H    0008H
  +--> ?PR?_CHECKUNICODE?LCD12864
  +--> ?PR?LCDADDROW?LCD12864
  +--> ?CO?LCD12864

?PR?_BITBLT?LCD12864                       -----    -----      -----    -----      1107H    0008H
  +--> ?PR?_LCD_WCMD?LCD12864
  +--> ?PR?_LCD_WDAT?LCD12864
  +--> ?PR?WAVREADTASK?AUDIO

?PR?_LCD_WDAT?LCD12864                     -----    -----      -----    -----      110FH    0001H
  +--> ?PR?LCD_BUSY?LCD12864
BL51 BANKED LINKER/LOCATER V6.22.2.0                                                  11/01/2021  15:13:59  PAGE 10


  +--> ?PR?_BEEP_STARTPLAY?AUDIO

?PR?WAVREADTASK?AUDIO                      -----    -----      -----    -----      110FH    0001H
  +--> ?PR?WDT_CLEAR?WDT
  +--> ?PR?MP3_STOP?AUDIO
  +--> ?PR?_SPI_FLASH_READ?SPI

?PR?_SPI_FLASH_READ?SPI                    -----    -----      -----    -----      1110H    000DH
  +--> ?PR?_DELAY?DRIVER
  +--> ?PR?_SPI_READWRITEBYTE?SPI

?PR?_DISPLAYICO?LCD12864                   -----    -----      -----    -----      -----    -----
  +--> ?PR?_WRITELCDICO?LCD12864
  +--> ?PR?_BITBLT?LCD12864

?PR?_WRITELCDICO?LCD12864                  -----    -----      -----    -----      1084H    0007H
  +--> ?CO?LCD12864

?PR?_REVNAMELIST?NAMELIST                  -----    -----      -----    -----      1081H    0037H
  +--> ?CO?NAMELIST
  +--> ?PR?PRINTF?PRINTF
  +--> ?PR?_LOOKFORSTR?DRIVER
  +--> ?PR?SCANF?SCANF
  +--> ?PR?_CLEARBUF?DRIVER
  +--> ?PR?_ADDNAMEITEM?NAMELIST

?PR?_LOOKFORSTR?DRIVER                     -----    -----      -----    -----      10B8H    000AH

?PR?SCANF?SCANF                            0020H.0  0000H.6    0008H    0005H      10B8H    002EH
  +--> ?PR?GETCHAR?UNGETCHAR
  +--> ?PR?_ISSPACE?ISSPACE
  +--> ?PR?GETCHAR?GETCHAR

?PR?GETCHAR?GETCHAR                        -----    -----      -----    -----      -----    -----
  +--> ?PR?_GETKEY?_GETKEY
  +--> ?PR?_PUTCHAR?DRIVER

?PR?_ADDNAMEITEM?NAMELIST                  -----    -----      -----    -----      10B8H    0005H
  +--> ?PR?_GETIDXBYROOM?SYSSTATUS
  +--> ?PR?_WRITENAMEITEMBYIDX?NAMELIST
  +--> ?PR?SAVENAMECOUNT?NAMELIST

?PR?_GETIDXBYROOM?SYSSTATUS                -----    -----      -----    -----      10BDH    0007H
  +--> ?PR?_READROOMBYIDX?SYSSTATUS

?PR?_READROOMBYIDX?SYSSTATUS               -----    -----      -----    -----      10C4H    0002H
  +--> ?PR?_READBUF_AT24C02?EEPROM

?PR?_WRITENAMEITEMBYIDX?NAMELIST           -----    -----      -----    -----      10E3H    0003H
  +--> ?PR?_WRITEBUF_AT24C02?EEPROM

?PR?UART1CLEAR?UART                        -----    -----      -----    -----      -----    -----
  +--> ?PR?_CLEARBUF?DRIVER

?PR?UART3CLEAR?UART                        -----    -----      -----    -----      -----    -----
  +--> ?PR?_CLEARBUF?DRIVER

BL51 BANKED LINKER/LOCATER V6.22.2.0                                                  11/01/2021  15:13:59  PAGE 11


?PR?UARTTASK?UART                          -----    -----      -----    -----      -----    -----
  +--> ?PR?UART1CLEAR?UART
  +--> ?PR?UART3CLEAR?UART

?PR?FLASHTASK?LCD12864                     -----    -----      -----    -----      -----    -----
  +--> ?PR?_DISPLAYFL?LCD12864

?PR?_DISPLAYFL?LCD12864                    0020H.0  0000H.1    -----    -----      1081H    0002H
  +--> ?PR?_LCD_WCMD?LCD12864
  +--> ?PR?_LCD_WDAT?LCD12864

?PR?RELAYTASK?DRIVER                       -----    -----      -----    -----      -----    -----
  +--> ?PR?RELAYCLOASEALL?DRIVER

?PR?SHOWTALKTIME?SYSSTRING                 -----    -----      -----    -----      -----    -----
  +--> ?PR?LCDCLEAR?LCD12864
  +--> ?CO?SYSSTRING
  +--> ?PR?_DISPLAYSTRING?LCD12864
  +--> ?PR?PRINTF?PRINTF

?PR?_NAMEEDITKEY?NAMELIST                  -----    -----      -----    -----      1082H    0001H
  +--> ?PR?_CLEARBUF?DRIVER
  +--> ?PR?_ADDNAMEITEM?NAMELIST
  +--> ?PR?SHOWSAVEOK?SYSSTRING
  +--> ?PR?SHOWERR?SYSSTRING
  +--> ?PR?NAMEEDITCHAGETYPE?NAMELIST
  +--> ?PR?NAMESETCON?NAMELIST
  +--> ?PR?_HBSTRLEN?DRIVER
  +--> ?CO?SYSSTRING
  +--> ?CO?NAMELIST
  +--> ?PR?_SHOWNAME?NAMELIST

?PR?SHOWSAVEOK?SYSSTRING                   -----    -----      -----    -----      -----    -----
  +--> ?PR?LCDCLEAR?LCD12864
  +--> ?CO?SYSSTRING
  +--> ?PR?_DISPLAYSTRING?LCD12864
  +--> ?PR?_MP3_STARTPLAY?AUDIO

?PR?_MP3_STARTPLAY?AUDIO                   -----    -----      -----    -----      1089H    0001H
  +--> ?PR?WDT_CLEAR?WDT
  +--> ?PR?_DELAY?DRIVER
  +--> ?PR?WAVREADTASK?AUDIO

?PR?SHOWERR?SYSSTRING                      -----    -----      -----    -----      -----    -----
  +--> ?PR?LCDCLEAR?LCD12864
  +--> ?CO?SYSSTRING
  +--> ?PR?_DISPLAYSTRING?LCD12864

?PR?NAMEEDITCHAGETYPE?NAMELIST             -----    -----      -----    -----      1083H    0030H
  +--> ?PR?_GETNAMEITEMBYROOM?NAMELIST
  +--> ?PR?_HS_MEMCPY?DRIVER
  +--> ?PR?_STRLEN?DRIVER
  +--> ?PR?SHOWCONFIRMSAVE?SYSSTRING

?PR?_GETNAMEITEMBYROOM?NAMELIST            -----    -----      -----    -----      10B3H    0005H
  +--> ?PR?_GETIDXBYROOM?SYSSTATUS
  +--> ?PR?_READNAMEITEMBYIDX?NAMELIST
BL51 BANKED LINKER/LOCATER V6.22.2.0                                                  11/01/2021  15:13:59  PAGE 12



?PR?_READNAMEITEMBYIDX?NAMELIST            -----    -----      -----    -----      10E3H    0003H
  +--> ?PR?_READBUF_AT24C02?EEPROM

?PR?_HS_MEMCPY?DRIVER                      -----    -----      -----    -----      10B3H    0008H

?PR?_STRLEN?DRIVER                         -----    -----      -----    -----      1107H    0003H

?PR?SHOWCONFIRMSAVE?SYSSTRING              -----    -----      -----    -----      -----    -----
  +--> ?PR?LCDCLEAR?LCD12864
  +--> ?CO?SYSSTRING
  +--> ?PR?_DISPLAYSTRING?LCD12864

?PR?NAMESETCON?NAMELIST                    -----    -----      -----    -----      10B3H    000AH
  +--> ?PR?LCDCLEAR?LCD12864
  +--> ?CO?SYSSTRING
  +--> ?PR?_DISPLAYSTRING?LCD12864
  +--> ?CO?NAMELIST
  +--> ?PR?PRINTF?PRINTF
  +--> ?PR?_HBSTRLEN?DRIVER
  +--> ?PR?_STRLEN?DRIVER

?PR?_SHOWNAME?NAMELIST                     0020H.0  0000H.1    -----    -----      10B3H    0054H
  +--> ?PR?LCDCLEAR?LCD12864
  +--> ?CO?SYSSTRING
  +--> ?PR?_DISPLAYSTRING?LCD12864
  +--> ?CO?NAMELIST
  +--> ?PR?PRINTF?PRINTF
  +--> ?PR?_HBSTRLEN?DRIVER
  +--> ?PR?_STRLEN?DRIVER
  +--> ?PR?_SETFLASH?LCD12864

?PR?KEYSCAN?DRIVER                         -----    -----      -----    -----      1081H    0001H

?PR?_SYSKEY?SYSSTATUS                      -----    -----      -----    -----      1081H    0001H
  +--> ?PR?_SYSIDLEKEY?SYSSTATUS
  +--> ?PR?_SYSSETTINGKEY?SYSSTATUS
  +--> ?PR?_NAMESETKEY?NAMELIST
  +--> ?PR?_NAMEEDITKEY?NAMELIST
  +--> ?PR?_NAMEDELETEKEY?NAMELIST
  +--> ?PR?_NAMEDELALLKEY?NAMELIST
  +--> ?PR?_PSWSETKEY?UNLOCKPASSWORD
  +--> ?PR?_PSWEDITKEY?UNLOCKPASSWORD
  +--> ?PR?_PSWDELETEKEY?UNLOCKPASSWORD
  +--> ?PR?_PSWDELALLKEY?UNLOCKPASSWORD
  +--> ?PR?_PSWINPUTKEY?UNLOCKPASSWORD
  +--> ?PR?_SYSINPUTROOM?SYSSTATUS
  +--> ?PR?_INPUTSYSPSW?SYSSTATUS
  +--> ?PR?_SYSPSWEDITKEY?UNLOCKPASSWORD
  +--> ?PR?_SYSTALKKEY?SYSSTATUS
  +--> ?PR?_SYSSUBSETKEY?SYSSTATUS
  +--> ?PR?_CARDSETKEY?CARD
  +--> ?PR?_CARDEDITKEY?CARD
  +--> ?PR?_CARDDELETEKEY?CARD
  +--> ?PR?_CARDDELALLKEY?CARD

?PR?_SYSIDLEKEY?SYSSTATUS                  -----    -----      -----    -----      1082H    0001H
BL51 BANKED LINKER/LOCATER V6.22.2.0                                                  11/01/2021  15:13:59  PAGE 13


  +--> ?PR?SYSIDLECON?SYSSTATUS
  +--> ?PR?INPUTPSWCON?UNLOCKPASSWORD
  +--> ?PR?INPUTSYSPSWCON?SYSSTATUS
  +--> ?PR?_SHOWNAMEBYIDX?NAMELIST
  +--> ?PR?_READNAMEITEMBYIDX?NAMELIST
  +--> ?PR?_CALLBYNAMEITEM?NAMELIST
  +--> ?PR?SHOWERR?SYSSTRING
  +--> ?PR?_INPUTROOMCON?SYSSTATUS

?PR?INPUTPSWCON?UNLOCKPASSWORD             -----    -----      -----    -----      -----    -----
  +--> ?PR?_CLEARBUF?DRIVER
  +--> ?PR?_SHOWPSW?UNLOCKPASSWORD
  +--> ?PR?_MP3_STARTPLAY?AUDIO

?PR?_SHOWPSW?UNLOCKPASSWORD                0020H.0  0000H.1    -----    -----      1089H    001CH
  +--> ?PR?LCDCLEAR?LCD12864
  +--> ?CO?SYSSTRING
  +--> ?PR?_DISPLAYSTRING?LCD12864
  +--> ?CO?UNLOCKPASSWORD
  +--> ?PR?PRINTF?PRINTF
  +--> ?PR?_HBSTRLEN?DRIVER
  +--> ?PR?_STRLEN?DRIVER
  +--> ?PR?_SETFLASH?LCD12864

?PR?INPUTSYSPSWCON?SYSSTATUS               -----    -----      -----    -----      -----    -----
  +--> ?PR?SHOWINPUTPSW?SYSSTATUS
  +--> ?PR?_MP3_STARTPLAY?AUDIO

?PR?SHOWINPUTPSW?SYSSTATUS                 -----    -----      -----    -----      1083H    001FH
  +--> ?PR?LCDCLEAR?LCD12864
  +--> ?CO?SYSSTRING
  +--> ?PR?_DISPLAYSTRING?LCD12864
  +--> ?CO?SYSSTATUS
  +--> ?PR?PRINTF?PRINTF
  +--> ?PR?_STRLEN?DRIVER
  +--> ?PR?_SETFLASH?LCD12864

?PR?_SHOWNAMEBYIDX?NAMELIST                -----    -----      -----    -----      1083H    002EH
  +--> ?PR?_READNAMEITEMBYIDX?NAMELIST
  +--> ?PR?_SHOWNAME?NAMELIST

?PR?_CALLBYNAMEITEM?NAMELIST               -----    -----      -----    -----      1083H    0017H
  +--> ?PR?LCDCLEAR?LCD12864
  +--> ?PR?_RELAYOPEN?DRIVER
  +--> ?PR?_STARTRING?AUDIO
  +--> ?PR?_STRLEN?DRIVER
  +--> ?CO?SYSSTRING
  +--> ?PR?_DISPLAYSTRING?LCD12864
  +--> ?CO?NAMELIST
  +--> ?PR?PRINTF?PRINTF
  +--> ?PR?_HBSTRLEN?DRIVER

?PR?_RELAYOPEN?DRIVER                      -----    -----      -----    -----      109AH    0003H
  +--> ?PR?_SENDRELAY?DRIVER

?PR?_SENDRELAY?DRIVER                      -----    -----      -----    -----      109DH    000CH
  +--> ?PR?_UART3SENDBUF?UART
BL51 BANKED LINKER/LOCATER V6.22.2.0                                                  11/01/2021  15:13:59  PAGE 14



?PR?_UART3SENDBUF?UART                     -----    -----      -----    -----      10A9H    0003H
  +--> ?PR?_TX3_WRITE2BUFF?UART

?PR?_INPUTROOMCON?SYSSTATUS                -----    -----      -----    -----      -----    -----
  +--> ?PR?SHOWINPUTROOM?SYSSTATUS
  +--> ?PR?_CLEARBUF?DRIVER
  +--> ?PR?_MP3_STARTPLAY?AUDIO

?PR?SHOWINPUTROOM?SYSSTATUS                -----    -----      -----    -----      1083H    0018H
  +--> ?PR?LCDCLEAR?LCD12864
  +--> ?CO?SYSSTRING
  +--> ?PR?_DISPLAYSTRING?LCD12864
  +--> ?CO?SYSSTATUS
  +--> ?PR?PRINTF?PRINTF
  +--> ?PR?_HBSTRLEN?DRIVER
  +--> ?PR?_STRLEN?DRIVER

?PR?_SYSSETTINGKEY?SYSSTATUS               -----    -----      -----    -----      1082H    0001H
  +--> ?PR?SYSIDLECON?SYSSTATUS
  +--> ?PR?EDITSYSPSWCON?UNLOCKPASSWORD
  +--> ?PR?NAMESETCON?NAMELIST
  +--> ?PR?PSWSETCON?UNLOCKPASSWORD
  +--> ?PR?CARDSETCON?CARD
  +--> ?PR?_SUBSETCON?SYSSTATUS

?PR?EDITSYSPSWCON?UNLOCKPASSWORD           -----    -----      -----    -----      -----    -----
  +--> ?PR?_CLEARBUF?DRIVER
  +--> ?PR?_SHOWPSW?UNLOCKPASSWORD

?PR?PSWSETCON?UNLOCKPASSWORD               -----    -----      -----    -----      1089H    000AH
  +--> ?PR?LCDCLEAR?LCD12864
  +--> ?CO?SYSSTRING
  +--> ?PR?_DISPLAYSTRING?LCD12864
  +--> ?CO?UNLOCKPASSWORD
  +--> ?PR?PRINTF?PRINTF
  +--> ?PR?_HBSTRLEN?DRIVER
  +--> ?PR?_STRLEN?DRIVER

?PR?CARDSETCON?CARD                        -----    -----      -----    -----      1085H    000AH
  +--> ?PR?LCDCLEAR?LCD12864
  +--> ?CO?SYSSTRING
  +--> ?PR?_DISPLAYSTRING?LCD12864
  +--> ?CO?CARD
  +--> ?PR?PRINTF?PRINTF
  +--> ?PR?_HBSTRLEN?DRIVER
  +--> ?PR?_STRLEN?DRIVER

?PR?_SUBSETCON?SYSSTATUS                   -----    -----      -----    -----      -----    -----
  +--> ?PR?SHOWSUBPARA?SYSSTATUS

?PR?SHOWSUBPARA?SYSSTATUS                  -----    -----      -----    -----      1083H    0018H
  +--> ?PR?LCDCLEAR?LCD12864
  +--> ?CO?SYSSTATUS
  +--> ?CO?SYSSTRING
  +--> ?PR?PRINTF?PRINTF
  +--> ?PR?_DISPLAYSTRING?LCD12864
BL51 BANKED LINKER/LOCATER V6.22.2.0                                                  11/01/2021  15:13:59  PAGE 15



?PR?_NAMESETKEY?NAMELIST                   -----    -----      -----    -----      -----    -----
  +--> ?PR?EDITNAMEITEMCON?NAMELIST
  +--> ?PR?DELETENAMECON?NAMELIST
  +--> ?PR?DELETEALLNAMECON?NAMELIST
  +--> ?PR?SYSSETTINGCON?SYSSTATUS

?PR?EDITNAMEITEMCON?NAMELIST               -----    -----      -----    -----      -----    -----
  +--> ?PR?_CLEARBUF?DRIVER
  +--> ?PR?_SHOWNAME?NAMELIST

?PR?DELETENAMECON?NAMELIST                 -----    -----      -----    -----      -----    -----
  +--> ?PR?_CLEARBUF?DRIVER
  +--> ?PR?_SHOWNAME?NAMELIST

?PR?DELETEALLNAMECON?NAMELIST              -----    -----      -----    -----      -----    -----
  +--> ?PR?LCDCLEAR?LCD12864
  +--> ?CO?SYSSTRING
  +--> ?PR?_DISPLAYSTRING?LCD12864

?PR?SYSSETTINGCON?SYSSTATUS                -----    -----      -----    -----      -----    -----
  +--> ?PR?LCDCLEAR?LCD12864
  +--> ?CO?SYSSTRING
  +--> ?PR?_DISPLAYSTRING?LCD12864
  +--> ?PR?_DISPLAYICO?LCD12864

?PR?_NAMEDELETEKEY?NAMELIST                -----    -----      -----    -----      1082H    0031H
  +--> ?PR?_CLEARBUF?DRIVER
  +--> ?PR?_DELNAMEITEMBYROOM?NAMELIST
  +--> ?PR?_GETNAMEITEMBYROOM?NAMELIST
  +--> ?PR?_HS_MEMCPY?DRIVER
  +--> ?PR?_STRLEN?DRIVER
  +--> ?PR?SHOWCONFIRMDEL?SYSSTRING
  +--> ?PR?NAMESETCON?NAMELIST
  +--> ?PR?_SHOWNAME?NAMELIST

?PR?_DELNAMEITEMBYROOM?NAMELIST            -----    -----      -----    -----      -----    -----
  +--> ?PR?_GETIDXBYROOM?SYSSTATUS
  +--> ?PR?_DELNAMEITEMBYIDX?NAMELIST

?PR?_DELNAMEITEMBYIDX?NAMELIST             -----    -----      -----    -----      10B3H    0030H
  +--> ?PR?SAVENAMECOUNT?NAMELIST
  +--> ?PR?_READNAMEITEMBYIDX?NAMELIST
  +--> ?PR?_WRITENAMEITEMBYIDX?NAMELIST

?PR?SHOWCONFIRMDEL?SYSSTRING               -----    -----      -----    -----      -----    -----
  +--> ?PR?LCDCLEAR?LCD12864
  +--> ?CO?SYSSTRING
  +--> ?PR?_DISPLAYSTRING?LCD12864

?PR?_NAMEDELALLKEY?NAMELIST                -----    -----      -----    -----      -----    -----
  +--> ?PR?CLEARNAMELIST?NAMELIST
  +--> ?PR?SHOWDELETEOK?SYSSTRING
  +--> ?PR?NAMESETCON?NAMELIST

?PR?SHOWDELETEOK?SYSSTRING                 -----    -----      -----    -----      -----    -----
  +--> ?PR?LCDCLEAR?LCD12864
BL51 BANKED LINKER/LOCATER V6.22.2.0                                                  11/01/2021  15:13:59  PAGE 16


  +--> ?CO?SYSSTRING
  +--> ?PR?_DISPLAYSTRING?LCD12864

?PR?_PSWSETKEY?UNLOCKPASSWORD              -----    -----      -----    -----      -----    -----
  +--> ?PR?EDITPSWCON?UNLOCKPASSWORD
  +--> ?PR?DELETEPSWCON?UNLOCKPASSWORD
  +--> ?PR?DELETEALLPSWCON?UNLOCKPASSWORD
  +--> ?PR?SYSSETTINGCON?SYSSTATUS

?PR?EDITPSWCON?UNLOCKPASSWORD              -----    -----      -----    -----      -----    -----
  +--> ?PR?_CLEARBUF?DRIVER
  +--> ?PR?_SHOWPSW?UNLOCKPASSWORD

?PR?DELETEPSWCON?UNLOCKPASSWORD            -----    -----      -----    -----      -----    -----
  +--> ?PR?_CLEARBUF?DRIVER
  +--> ?PR?_SHOWPSW?UNLOCKPASSWORD

?PR?DELETEALLPSWCON?UNLOCKPASSWORD         -----    -----      -----    -----      -----    -----
  +--> ?PR?LCDCLEAR?LCD12864
  +--> ?CO?SYSSTRING
  +--> ?PR?_DISPLAYSTRING?LCD12864

?PR?_PSWEDITKEY?UNLOCKPASSWORD             -----    -----      -----    -----      1082H    0007H
  +--> ?PR?_CLEARBUF?DRIVER
  +--> ?PR?_ADDPSWITEM?UNLOCKPASSWORD
  +--> ?PR?SHOWSAVEOK?SYSSTRING
  +--> ?PR?SHOWERR?SYSSTRING
  +--> ?PR?SHOWCONFIRMSAVE?SYSSTRING
  +--> ?PR?PSWSETCON?UNLOCKPASSWORD
  +--> ?PR?_SHOWPSW?UNLOCKPASSWORD

?PR?_ADDPSWITEM?UNLOCKPASSWORD             -----    -----      -----    -----      1089H    0005H
  +--> ?PR?_GETIDXBYROOM?SYSSTATUS
  +--> ?PR?_WRITEPSWBYIDX?UNLOCKPASSWORD
  +--> ?PR?SAVEPSWCOUNT?UNLOCKPASSWORD

?PR?_WRITEPSWBYIDX?UNLOCKPASSWORD          -----    -----      -----    -----      -----    -----
  +--> ?PR?_WRITEBUF_AT24C02?EEPROM

?PR?_PSWDELETEKEY?UNLOCKPASSWORD           -----    -----      -----    -----      1082H    0003H
  +--> ?PR?_CLEARBUF?DRIVER
  +--> ?PR?_DELPSWBYROOM?UNLOCKPASSWORD
  +--> ?PR?SHOWDELETEOK?SYSSTRING
  +--> ?PR?SHOWCONFIRMDEL?SYSSTRING
  +--> ?PR?PSWSETCON?UNLOCKPASSWORD
  +--> ?PR?_SHOWPSW?UNLOCKPASSWORD

?PR?_DELPSWBYROOM?UNLOCKPASSWORD           -----    -----      -----    -----      1085H    0002H
  +--> ?PR?_DELPSWBYIDX?UNLOCKPASSWORD
  +--> ?PR?_GETIDXBYROOM?SYSSTATUS

?PR?_DELPSWBYIDX?UNLOCKPASSWORD            -----    -----      -----    -----      1087H    0006H
  +--> ?PR?SAVEPSWCOUNT?UNLOCKPASSWORD
  +--> ?PR?_READPSWBYIDX?UNLOCKPASSWORD
  +--> ?PR?_WRITEPSWBYIDX?UNLOCKPASSWORD

?PR?_READPSWBYIDX?UNLOCKPASSWORD           -----    -----      -----    -----      -----    -----
BL51 BANKED LINKER/LOCATER V6.22.2.0                                                  11/01/2021  15:13:59  PAGE 17


  +--> ?PR?_READBUF_AT24C02?EEPROM

?PR?_PSWDELALLKEY?UNLOCKPASSWORD           -----    -----      -----    -----      -----    -----
  +--> ?PR?CLEARPSW?UNLOCKPASSWORD
  +--> ?PR?SHOWDELETEOK?SYSSTRING
  +--> ?PR?PSWSETCON?UNLOCKPASSWORD

?PR?_PSWINPUTKEY?UNLOCKPASSWORD            -----    -----      -----    -----      1082H    0001H
  +--> ?PR?SYSIDLECON?SYSSTATUS
  +--> ?PR?MP3_STOP?AUDIO
  +--> ?PR?_CHECKPSW?UNLOCKPASSWORD
  +--> ?PR?UNLOCK?DRIVER
  +--> ?PR?SHOWERR?SYSSTRING
  +--> ?PR?_MP3_STARTPLAY?AUDIO
  +--> ?PR?_SHOWPSW?UNLOCKPASSWORD

?PR?_CHECKPSW?UNLOCKPASSWORD               -----    -----      -----    -----      1083H    0008H
  +--> ?CO?UNLOCKPASSWORD
  +--> ?PR?PRINTF?PRINTF
  +--> ?PR?_READPSWBYIDX?UNLOCKPASSWORD

?PR?UNLOCK?DRIVER                          0020H.0  0000H.1    -----    -----      -----    -----
  +--> ?PR?SHOWUNLOCK?SYSSTRING

?PR?SHOWUNLOCK?SYSSTRING                   0020H.1  0000H.1    -----    -----      -----    -----
  +--> ?PR?LCDCLEAR?LCD12864
  +--> ?CO?SYSSTRING
  +--> ?PR?_DISPLAYSTRING?LCD12864
  +--> ?PR?_MP3_STARTPLAY?AUDIO

?PR?_SYSINPUTROOM?SYSSTATUS                -----    -----      -----    -----      1082H    0001H
  +--> ?PR?_GETNAMEITEMBYROOM?NAMELIST
  +--> ?PR?_CALLBYNAMEITEM?NAMELIST
  +--> ?PR?SHOWERR?SYSSTRING
  +--> ?PR?SHOWROOMERR?SYSSTRING
  +--> ?PR?_MP3_STARTPLAY?AUDIO
  +--> ?PR?SHOWINPUTROOM?SYSSTATUS
  +--> ?PR?MP3_STOP?AUDIO
  +--> ?PR?SYSIDLECON?SYSSTATUS

?PR?SHOWROOMERR?SYSSTRING                  -----    -----      -----    -----      -----    -----
  +--> ?PR?LCDCLEAR?LCD12864
  +--> ?CO?SYSSTRING
  +--> ?PR?_DISPLAYSTRING?LCD12864

?PR?_INPUTSYSPSW?SYSSTATUS                 -----    -----      -----    -----      1082H    0001H
  +--> ?PR?SYSSETTINGCON?SYSSTATUS
  +--> ?PR?SHOWERR?SYSSTRING
  +--> ?PR?_MP3_STARTPLAY?AUDIO
  +--> ?PR?SHOWINPUTPSW?SYSSTATUS
  +--> ?PR?MP3_STOP?AUDIO
  +--> ?PR?SYSIDLECON?SYSSTATUS

?PR?_SYSPSWEDITKEY?UNLOCKPASSWORD          -----    -----      -----    -----      1082H    0001H
  +--> ?PR?_CLEARBUF?DRIVER
  +--> ?PR?SAVESYSPSW?UNLOCKPASSWORD
  +--> ?PR?SHOWSAVEOK?SYSSTRING
BL51 BANKED LINKER/LOCATER V6.22.2.0                                                  11/01/2021  15:13:59  PAGE 18


  +--> ?PR?SHOWERR?SYSSTRING
  +--> ?PR?SHOWCONFIRMSAVE?SYSSTRING
  +--> ?PR?SYSSETTINGCON?SYSSTATUS
  +--> ?PR?_SHOWPSW?UNLOCKPASSWORD

?PR?SAVESYSPSW?UNLOCKPASSWORD              -----    -----      -----    -----      -----    -----
  +--> ?PR?_WRITEBUF_AT24C02?EEPROM

?PR?_SYSTALKKEY?SYSSTATUS                  -----    -----      -----    -----      -----    -----
  +--> ?PR?RELAYCLOASEALL?DRIVER
  +--> ?PR?SYSIDLECON?SYSSTATUS

?PR?_SYSSUBSETKEY?SYSSTATUS                -----    -----      -----    -----      1082H    0001H
  +--> ?PR?SHOWSUBPARA?SYSSTATUS
  +--> ?PR?_SAVESUBPARA?SYSSTATUS
  +--> ?PR?SYSSETTINGCON?SYSSTATUS

?PR?_SAVESUBPARA?SYSSTATUS                 -----    -----      -----    -----      1083H    0002H
  +--> ?PR?_WRITEBUF_AT24C02?EEPROM
  +--> ?PR?SHOWSAVEOK?SYSSTRING

?PR?_CARDSETKEY?CARD                       -----    -----      -----    -----      -----    -----
  +--> ?PR?EDITCARDCON?CARD
  +--> ?PR?DELETECARDCON?CARD
  +--> ?PR?DELETEALLCARDCON?CARD
  +--> ?PR?SYSSETTINGCON?SYSSTATUS

?PR?EDITCARDCON?CARD                       -----    -----      -----    -----      -----    -----
  +--> ?PR?_CLEARBUF?DRIVER
  +--> ?PR?_SHOWCARD?CARD

?PR?_SHOWCARD?CARD                         0020H.0  0000H.1    -----    -----      1087H    0043H
  +--> ?PR?LCDCLEAR?LCD12864
  +--> ?CO?SYSSTRING
  +--> ?PR?_DISPLAYSTRING?LCD12864
  +--> ?CO?CARD
  +--> ?PR?PRINTF?PRINTF
  +--> ?PR?_HBSTRLEN?DRIVER
  +--> ?PR?_STRLEN?DRIVER
  +--> ?PR?_SETFLASH?LCD12864
  +--> ?PR?_MEMISEMPTY?DRIVER

?PR?_MEMISEMPTY?DRIVER                     -----    -----      -----    -----      10CAH    0003H

?PR?DELETECARDCON?CARD                     -----    -----      -----    -----      -----    -----
  +--> ?PR?_CLEARBUF?DRIVER
  +--> ?PR?_MEMISEMPTY?DRIVER
  +--> ?PR?_SHOWCARD?CARD

?PR?DELETEALLCARDCON?CARD                  -----    -----      -----    -----      -----    -----
  +--> ?PR?LCDCLEAR?LCD12864
  +--> ?CO?SYSSTRING
  +--> ?PR?_DISPLAYSTRING?LCD12864

?PR?_CARDEDITKEY?CARD                      -----    -----      -----    -----      1082H    0003H
  +--> ?PR?_CLEARBUF?DRIVER
  +--> ?PR?_MEMISEMPTY?DRIVER
BL51 BANKED LINKER/LOCATER V6.22.2.0                                                  11/01/2021  15:13:59  PAGE 19


  +--> ?PR?_ADDCARDITEM?CARD
  +--> ?PR?SHOWSAVEOK?SYSSTRING
  +--> ?PR?SHOWERR?SYSSTRING
  +--> ?PR?SHOWCONFIRMSAVE?SYSSTRING
  +--> ?PR?CARDSETCON?CARD
  +--> ?PR?_SHOWCARD?CARD

?PR?_ADDCARDITEM?CARD                      -----    -----      -----    -----      1085H    000BH
  +--> ?PR?_READCARDBYIDX?CARD
  +--> ?PR?_WRITECARDBYIDX?CARD
  +--> ?PR?SAVECARDCOUNT?CARD

?PR?_READCARDBYIDX?CARD                    -----    -----      -----    -----      1093H    0003H
  +--> ?PR?_READBUF_AT24C02?EEPROM

?PR?_WRITECARDBYIDX?CARD                   -----    -----      -----    -----      1090H    0003H
  +--> ?PR?_WRITEBUF_AT24C02?EEPROM

?PR?_CARDDELETEKEY?CARD                    -----    -----      -----    -----      1082H    0003H
  +--> ?PR?_CLEARBUF?DRIVER
  +--> ?PR?_MEMISEMPTY?DRIVER
  +--> ?PR?_DELCARDBYCARD?CARD
  +--> ?PR?_DELCARDBYROOM?CARD
  +--> ?PR?SHOWDELETEOK?SYSSTRING
  +--> ?PR?SHOWCONFIRMDEL?SYSSTRING
  +--> ?PR?CARDSETCON?CARD
  +--> ?PR?_SHOWCARD?CARD

?PR?_DELCARDBYCARD?CARD                    -----    -----      -----    -----      1085H    0003H
  +--> ?PR?_DELCARDBYIDX?CARD
  +--> ?PR?_CHECKCARD?CARD

?PR?_DELCARDBYIDX?CARD                     -----    -----      -----    -----      1088H    0008H
  +--> ?PR?SAVECARDCOUNT?CARD
  +--> ?PR?_READCARDBYIDX?CARD
  +--> ?PR?_WRITECARDBYIDX?CARD

?PR?_CHECKCARD?CARD                        -----    -----      -----    -----      1088H    000BH
  +--> ?PR?_READCARDBYIDX?CARD
  +--> ?CO?CARD
  +--> ?PR?PRINTF?PRINTF

?PR?_DELCARDBYROOM?CARD                    -----    -----      -----    -----      1085H    0002H
  +--> ?PR?_DELCARDBYIDX?CARD
  +--> ?PR?_GETIDXBYROOM?SYSSTATUS

?PR?_CARDDELALLKEY?CARD                    -----    -----      -----    -----      -----    -----
  +--> ?PR?CLEARCARD?CARD
  +--> ?PR?SHOWDELETEOK?SYSSTRING
  +--> ?PR?CARDSETCON?CARD

?PR?SKEYSCAN?DRIVER                        -----    -----      -----    -----      -----    -----
  +--> ?PR?UNLOCK?DRIVER
  +--> ?CO?DRIVER
  +--> ?PR?PRINTF?PRINTF
  +--> ?PR?INITSYSPARA?SYSSTATUS
  +--> ?PR?SHOWRESET?SYSSTRING
BL51 BANKED LINKER/LOCATER V6.22.2.0                                                  11/01/2021  15:13:59  PAGE 20



?PR?SHOWRESET?SYSSTRING                    -----    -----      -----    -----      -----    -----
  +--> ?PR?LCDCLEAR?LCD12864
  +--> ?CO?SYSSTRING
  +--> ?PR?_DISPLAYSTRING?LCD12864

?PR?CHECKRFIDCARD?CARDREAD                 -----    -----      -----    -----      1081H    0008H
  +--> ?CO?CARDREAD
  +--> ?PR?PRINTF?PRINTF

?PR?_SYSCARD?SYSSTATUS                     -----    -----      -----    -----      1081H    0003H
  +--> ?PR?_CARDEDITCARDIN?CARD
  +--> ?PR?_CHECKCARD?CARD
  +--> ?PR?UNLOCK?DRIVER
  +--> ?PR?SHOWCARDERR?SYSSTRING

?PR?_CARDEDITCARDIN?CARD                   -----    -----      -----    -----      1084H    0003H
  +--> ?PR?_HS_MEMCPY?DRIVER
  +--> ?PR?_SHOWCARD?CARD

?PR?SHOWCARDERR?SYSSTRING                  -----    -----      -----    -----      -----    -----
  +--> ?PR?LCDCLEAR?LCD12864
  +--> ?CO?SYSSTRING
  +--> ?PR?_DISPLAYSTRING?LCD12864
  +--> ?PR?_MP3_STARTPLAY?AUDIO

*** NEW ROOT ***************************************************

?PR?TIMER0_INT?TIMER                       -----    -----      -----    -----      -----    -----
  +--> ?PR?KEYBEEPTASK?AUDIO
  +--> ?PR?RINGTASK?AUDIO

*** NEW ROOT ***************************************************

?PR?TIMER4_INT?TIMER                       -----    -----      -----    -----      -----    -----
  +--> ?PR?PWMTASK?AUDIO

?PR?PWMTASK?AUDIO                          -----    -----      -----    -----      -----    -----
  +--> ?PR?MP3_STOP?AUDIO

*** NEW ROOT ***************************************************

?PR?EXT_INT0?EXTI                          -----    -----      -----    -----      -----    -----
  +--> ?PR?CARDIRQ?CARDREAD



SYMBOL TABLE OF MODULE:  .\Objects\FSK (?C_STARTUP)

  VALUE           TYPE          NAME
  ----------------------------------

  -------         MODULE        ?C_STARTUP
  C:6779H         SEGMENT       ?C_C51STARTUP
  I:0024H         SEGMENT       ?STACK
  C:0000H         PUBLIC        ?C_STARTUP
  D:00E0H         SYMBOL        ACC
BL51 BANKED LINKER/LOCATER V6.22.2.0                                                  11/01/2021  15:13:59  PAGE 21


  D:00F0H         SYMBOL        B
  D:0083H         SYMBOL        DPH
  D:0082H         SYMBOL        DPL
  N:0000H         SYMBOL        IBPSTACK
  N:0100H         SYMBOL        IBPSTACKTOP
  N:0080H         SYMBOL        IDATALEN
  C:677CH         SYMBOL        IDATALOOP
  N:0000H         SYMBOL        PBPSTACK
  N:0100H         SYMBOL        PBPSTACKTOP
  N:0000H         SYMBOL        PDATALEN
  N:0000H         SYMBOL        PDATASTART
  N:0000H         SYMBOL        PPAGE
  N:0000H         SYMBOL        PPAGEENABLE
  D:00A0H         SYMBOL        PPAGE_SFR
  D:0081H         SYMBOL        SP
  C:6779H         SYMBOL        STARTUP1
  N:0000H         SYMBOL        XBPSTACK
  N:0000H         SYMBOL        XBPSTACKTOP
  N:0000H         SYMBOL        XDATALEN
  N:0000H         SYMBOL        XDATASTART
  C:0000H         LINE#         126
  C:6779H         LINE#         133
  C:677BH         LINE#         134
  C:677CH         LINE#         135
  C:677DH         LINE#         136
  C:677FH         LINE#         185
  C:6782H         LINE#         196
  -------         ENDMOD        ?C_STARTUP

  -------         MODULE        MAIN
  C:0000H         SYMBOL        _ICE_DUMMY_
  D:0080H         PUBLIC        P0
  D:0090H         PUBLIC        P1
  D:00A0H         PUBLIC        P2
  D:00B0H         PUBLIC        P3
  D:00C0H         PUBLIC        P4
  D:00C8H         PUBLIC        P5
  B:00A8H.7       PUBLIC        EA
  D:00E8H         PUBLIC        P6
  D:00F8H         PUBLIC        P7
  D:00A8H         PUBLIC        IE
  X:12BFH         PUBLIC        MainTime
  D:00B8H         PUBLIC        IP
  D:00D8H         PUBLIC        CCON
  C:3F60H         PUBLIC        main
  X:12C1H         PUBLIC        Key
  X:12C3H         PUBLIC        MainShow
  B:00C0H.0       PUBLIC        P40
  D:0098H         PUBLIC        SCON
  B:00C0H.1       PUBLIC        P41
  D:0088H         PUBLIC        TCON
  D:00F0H         PUBLIC        B
  D:00E0H         PUBLIC        ACC
  D:00D0H         PUBLIC        PSW
  -------         PROC          MAIN
  C:3F60H         LINE#         19
  C:3F60H         LINE#         20
BL51 BANKED LINKER/LOCATER V6.22.2.0                                                  11/01/2021  15:13:59  PAGE 22


  C:3F60H         LINE#         21
  C:3F67H         LINE#         22
  C:3F69H         LINE#         23
  C:3F6CH         LINE#         24
  C:3F6FH         LINE#         25
  C:3F72H         LINE#         26
  C:3F75H         LINE#         27
  C:3F78H         LINE#         29
  C:3F7BH         LINE#         30
  C:3F7EH         LINE#         35
  C:3F85H         LINE#         36
  C:3F88H         LINE#         37
  C:3F8AH         LINE#         38
  C:3F91H         LINE#         39
  C:3F96H         LINE#         40
  C:3F99H         LINE#         41
  C:3FA0H         LINE#         42
  C:3FA3H         LINE#         43
  C:3FA6H         LINE#         44
  C:3FA9H         LINE#         50
  C:3FAEH         LINE#         54
  C:3FAEH         LINE#         55
  C:3FAEH         LINE#         56
  C:3FB4H         LINE#         57
  C:3FB4H         LINE#         59
  C:3FBDH         LINE#         60
  C:3FC0H         LINE#         61
  C:3FC0H         LINE#         63
  C:3FC6H         LINE#         64
  C:3FC6H         LINE#         65
  C:3FDDH         LINE#         67
  C:3FE0H         LINE#         68
  C:3FE0H         LINE#         78
  C:3FE3H         LINE#         89
  C:3FE9H         LINE#         90
  C:3FE9H         LINE#         91
  C:3FEBH         LINE#         93
  C:3FEEH         LINE#         94
  C:3FF1H         LINE#         95
  C:400BH         LINE#         96
  C:400BH         LINE#         97
  C:4012H         LINE#         98
  C:4015H         LINE#         99
  C:4017H         LINE#         100
  C:401AH         LINE#         101
  C:4024H         LINE#         102
  C:4024H         LINE#         103
  C:4032H         LINE#         104
  C:4032H         LINE#         105
  C:4035H         LINE#         106
  C:4035H         LINE#         107
  C:4035H         LINE#         108
  C:403DH         LINE#         109
  C:403DH         LINE#         110
  C:404BH         LINE#         111
  C:404BH         LINE#         112
  C:404EH         LINE#         113
BL51 BANKED LINKER/LOCATER V6.22.2.0                                                  11/01/2021  15:13:59  PAGE 23


  C:4050H         LINE#         114
  C:4056H         LINE#         115
  C:4056H         LINE#         116
  C:4059H         LINE#         117
  C:4059H         LINE#         118
  C:4059H         LINE#         119
  C:4061H         LINE#         120
  C:4061H         LINE#         121
  C:406FH         LINE#         122
  C:406FH         LINE#         126
  C:4072H         LINE#         127
  C:4072H         LINE#         128
  C:4072H         LINE#         130
  C:4078H         LINE#         131
  C:4080H         LINE#         132
  C:40ACH         LINE#         133
  C:40ACH         LINE#         134
  C:40B9H         LINE#         135
  C:40B9H         LINE#         137
  C:40B9H         LINE#         139
  C:40CEH         LINE#         140
  C:40CEH         LINE#         141
  C:40DCH         LINE#         142
  C:40E3H         LINE#         143
  C:40E3H         LINE#         144
  C:40E8H         LINE#         145
  C:40E8H         LINE#         146
  C:40E8H         LINE#         147
  C:40F3H         LINE#         148
  C:40FEH         LINE#         149
  C:40FEH         LINE#         152
  C:4103H         LINE#         156
  C:410DH         LINE#         157
  C:410DH         LINE#         158
  C:4110H         LINE#         159
  C:4113H         LINE#         160
  C:4113H         LINE#         162
  C:4119H         LINE#         163
  C:4119H         LINE#         164
  C:411CH         LINE#         165
  C:411FH         LINE#         166
  C:411FH         LINE#         168
  C:4124H         LINE#         172
  C:412DH         LINE#         173
  C:412DH         LINE#         174
  C:4130H         LINE#         175
  C:4130H         LINE#         182
  -------         ENDPROC       MAIN
  -------         ENDMOD        MAIN

  -------         MODULE        DRIVER
  C:0000H         SYMBOL        _ICE_DUMMY_
  D:0080H         PUBLIC        P0
  D:0090H         PUBLIC        P1
  X:12A3H         PUBLIC        UnlockTime
  D:00A0H         PUBLIC        P2
  D:00B0H         PUBLIC        P3
BL51 BANKED LINKER/LOCATER V6.22.2.0                                                  11/01/2021  15:13:59  PAGE 24


  D:00C0H         PUBLIC        P4
  D:00C8H         PUBLIC        P5
  D:00E8H         PUBLIC        P6
  D:00F8H         PUBLIC        P7
  C:79BFH         PUBLIC        _ClearBuf
  C:5C19H         PUBLIC        GPIO_config
  C:74C2H         PUBLIC        _HS_memcpy
  C:6D1EH         PUBLIC        _SendRelay
  D:00A8H         PUBLIC        IE
  X:12A4H         PUBLIC        RelayTime
  C:7B3AH         PUBLIC        _delay
  C:701BH         PUBLIC        _RelayOpen
  C:7EB4H         PUBLIC        RelayTask
  C:72A5H         PUBLIC        UART_config
  D:00B8H         PUBLIC        IP
  C:7B60H         PUBLIC        _strlen
  D:00D8H         PUBLIC        CCON
  C:5844H         PUBLIC        SkeyScan
  X:12A5H         PUBLIC        SkeyStatus
  C:7F66H         PUBLIC        _HBstrlen
  C:53F5H         PUBLIC        KeyScan
  B:00C0H.0       PUBLIC        P40
  D:0098H         PUBLIC        SCON
  D:0088H         PUBLIC        TCON
  B:00C0H.3       PUBLIC        P43
  B:00B0H.4       PUBLIC        P34
  B:00B0H.5       PUBLIC        P35
  B:00E8H.3       PUBLIC        P63
  B:00C8H.4       PUBLIC        P54
  B:00E8H.5       PUBLIC        P65
  B:00E8H.6       PUBLIC        P66
  B:00E8H.7       PUBLIC        P67
  D:00F0H         PUBLIC        B
  X:12A6H         PUBLIC        ResetKeyTime
  D:00E0H         PUBLIC        ACC
  X:12A8H         PUBLIC        SkeyStatusOld
  C:7FD9H         PUBLIC        WDT_config
  X:12A9H         PUBLIC        CallOutTime
  C:594AH         PUBLIC        _lookforstr
  D:00D1H         PUBLIC        T4T3M
  C:72FBH         PUBLIC        Timer_config
  C:814EH         PUBLIC        Unlock
  C:7991H         PUBLIC        _MemIsEmpty
  C:8235H         PUBLIC        RelayCloaseAll
  C:7F02H         PUBLIC        Exti_config
  D:00D0H         PUBLIC        PSW
  C:81E0H         PUBLIC        _putchar
  -------         PROC          WDT_CONFIG
  -------         DO            
  X:1081H         SYMBOL        WDT_InitStructure
  -------         ENDDO         
  C:7FD9H         LINE#         17
  C:7FD9H         LINE#         18
  C:7FD9H         LINE#         21
  C:7FDFH         LINE#         22
  C:7FE2H         LINE#         23
  C:7FE6H         LINE#         24
BL51 BANKED LINKER/LOCATER V6.22.2.0                                                  11/01/2021  15:13:59  PAGE 25


  -------         ENDPROC       WDT_CONFIG
  -------         PROC          _DELAY
  D:0006H         SYMBOL        t
  -------         DO            
  D:0004H         SYMBOL        i
  D:0002H         SYMBOL        j
  -------         ENDDO         
  C:7B3AH         LINE#         27
  C:7B3AH         LINE#         28
  C:7B3AH         LINE#         30
  C:7B41H         LINE#         31
  C:7B4AH         LINE#         32
  C:7B5FH         LINE#         33
  -------         ENDPROC       _DELAY
  -------         PROC          _PUTCHAR
  X:112FH         SYMBOL        ch
  C:81E0H         LINE#         35
  C:81E5H         LINE#         36
  C:81E5H         LINE#         37
  C:81E8H         LINE#         38
  C:81EDH         LINE#         39
  -------         ENDPROC       _PUTCHAR
  -------         PROC          _STRLEN
  X:1107H         SYMBOL        pch
  -------         DO            
  D:0007H         SYMBOL        len
  -------         ENDDO         
  C:7B60H         LINE#         40
  C:7B6BH         LINE#         41
  C:7B6BH         LINE#         42
  C:7B6DH         LINE#         43
  C:7B85H         LINE#         44
  C:7B85H         LINE#         45
  -------         ENDPROC       _STRLEN
  -------         PROC          _HBSTRLEN
  D:0001H         SYMBOL        pch
  -------         DO            
  D:0007H         SYMBOL        len
  -------         ENDDO         
  C:7F66H         LINE#         46
  C:7F66H         LINE#         47
  C:7F66H         LINE#         48
  C:7F68H         LINE#         49
  C:7F6DH         LINE#         50
  C:7F6DH         LINE#         51
  C:7F6EH         LINE#         52
  C:7F72H         LINE#         53
  C:7F72H         LINE#         54
  C:7F73H         LINE#         55
  C:7F73H         LINE#         56
  C:7F7AH         LINE#         57
  C:7F7CH         LINE#         58
  C:7F7CH         LINE#         59
  -------         ENDPROC       _HBSTRLEN
  -------         PROC          _LOOKFORSTR
  X:10B8H         SYMBOL        srcBuf
  X:10BBH         SYMBOL        detBuf
BL51 BANKED LINKER/LOCATER V6.22.2.0                                                  11/01/2021  15:13:59  PAGE 26


  -------         DO            
  X:10BEH         SYMBOL        i
  X:10C0H         SYMBOL        j
  -------         ENDDO         
  C:594AH         LINE#         88
  C:5955H         LINE#         89
  C:5955H         LINE#         91
  C:595CH         LINE#         92
  C:5960H         LINE#         93
  C:597FH         LINE#         94
  C:597FH         LINE#         95
  C:5993H         LINE#         96
  C:5993H         LINE#         97
  C:59B4H         LINE#         98
  C:59B4H         LINE#         99
  C:59F5H         LINE#         100
  C:59F5H         LINE#         101
  C:59F5H         LINE#         102
  C:59F5H         LINE#         103
  C:5A05H         LINE#         104
  C:5A20H         LINE#         105
  C:5A20H         LINE#         106
  C:5A29H         LINE#         107
  C:5A29H         LINE#         108
  C:5A29H         LINE#         109
  C:5A3AH         LINE#         110
  C:5A3DH         LINE#         111
  C:5A41H         LINE#         112
  -------         ENDPROC       _LOOKFORSTR
  -------         PROC          _CLEARBUF
  X:1107H         SYMBOL        buf
  D:0004H         SYMBOL        len
  C:79BFH         LINE#         114
  C:79CAH         LINE#         115
  C:79CAH         LINE#         116
  C:79D4H         LINE#         117
  C:79D4H         LINE#         118
  C:79E8H         LINE#         119
  C:79EAH         LINE#         120
  -------         ENDPROC       _CLEARBUF
  -------         PROC          _HS_MEMCPY
  X:10B3H         SYMBOL        dst
  X:10B6H         SYMBOL        src
  X:10B9H         SYMBOL        len
  C:74C2H         LINE#         121
  C:74CDH         LINE#         122
  C:74CDH         LINE#         123
  C:74DBH         LINE#         124
  C:74DBH         LINE#         125
  C:7503H         LINE#         126
  C:7505H         LINE#         127
  -------         ENDPROC       _HS_MEMCPY
  -------         PROC          _MEMISEMPTY
  X:10CAH         SYMBOL        buf
  D:0004H         SYMBOL        len
  C:7991H         LINE#         129
  C:799CH         LINE#         130
BL51 BANKED LINKER/LOCATER V6.22.2.0                                                  11/01/2021  15:13:59  PAGE 27


  C:799CH         LINE#         131
  C:79A6H         LINE#         132
  C:79A6H         LINE#         133
  C:79BBH         LINE#         134
  C:79BBH         LINE#         135
  C:79BDH         LINE#         136
  C:79BDH         LINE#         137
  C:79BDH         LINE#         138
  C:79BEH         LINE#         139
  -------         ENDPROC       _MEMISEMPTY
  -------         PROC          GPIO_CONFIG
  -------         DO            
  X:1081H         SYMBOL        GPIO_InitStructure
  -------         ENDDO         
  C:5C19H         LINE#         141
  C:5C19H         LINE#         142
  C:5C19H         LINE#         144
  C:5C1FH         LINE#         145
  C:5C24H         LINE#         146
  C:5C2FH         LINE#         147
  C:5C3AH         LINE#         151
  C:5C45H         LINE#         153
  C:5C4BH         LINE#         154
  C:5C55H         LINE#         156
  C:5C5BH         LINE#         157
  C:5C66H         LINE#         159
  C:5C6CH         LINE#         160
  C:5C77H         LINE#         162
  C:5C7DH         LINE#         163
  C:5C88H         LINE#         165
  C:5C8EH         LINE#         166
  C:5C94H         LINE#         169
  C:5C9FH         LINE#         171
  C:5CA5H         LINE#         172
  C:5CB0H         LINE#         174
  C:5CB6H         LINE#         175
  C:5CC1H         LINE#         177
  C:5CC7H         LINE#         178
  C:5CD2H         LINE#         180
  C:5CD8H         LINE#         181
  C:5CE3H         LINE#         185
  C:5CE9H         LINE#         186
  C:5CF4H         LINE#         190
  C:5CF6H         LINE#         191
  C:5CF8H         LINE#         192
  C:5CFAH         LINE#         194
  C:5CFCH         LINE#         196
  C:5CFEH         LINE#         198
  -------         ENDPROC       GPIO_CONFIG
  -------         PROC          UART_CONFIG
  -------         DO            
  X:1081H         SYMBOL        COMx_InitStructure
  -------         ENDDO         
  C:72A5H         LINE#         201
  C:72A5H         LINE#         202
  C:72A5H         LINE#         204
  C:72ABH         LINE#         205
BL51 BANKED LINKER/LOCATER V6.22.2.0                                                  11/01/2021  15:13:59  PAGE 28


  C:72AFH         LINE#         206
  C:72B7H         LINE#         207
  C:72BDH         LINE#         208
  C:72C0H         LINE#         209
  C:72C3H         LINE#         210
  C:72C5H         LINE#         211
  C:72C8H         LINE#         212
  C:72D3H         LINE#         213
  C:72DCH         LINE#         218
  C:72E2H         LINE#         219
  C:72EDH         LINE#         220
  C:72F2H         LINE#         221
  -------         ENDPROC       UART_CONFIG
  -------         PROC          TIMER_CONFIG
  -------         DO            
  X:1081H         SYMBOL        TIM_InitStructure
  -------         ENDDO         
  C:72FBH         LINE#         234
  C:72FBH         LINE#         235
  C:72FBH         LINE#         237
  C:7300H         LINE#         238
  C:7302H         LINE#         239
  C:7305H         LINE#         240
  C:7308H         LINE#         241
  C:730AH         LINE#         242
  C:7312H         LINE#         243
  C:7316H         LINE#         245
  C:7320H         LINE#         247
  C:732AH         LINE#         248
  C:7335H         LINE#         250
  C:733FH         LINE#         251
  C:734AH         LINE#         252
  C:734DH         LINE#         254
  -------         ENDPROC       TIMER_CONFIG
  -------         PROC          EXTI_CONFIG
  -------         DO            
  X:1081H         SYMBOL        Exti_InitStructure
  -------         ENDDO         
  C:7F02H         LINE#         256
  C:7F02H         LINE#         257
  C:7F02H         LINE#         260
  C:7F08H         LINE#         261
  C:7F0DH         LINE#         262
  C:7F11H         LINE#         263
  -------         ENDPROC       EXTI_CONFIG
  -------         PROC          KEYSCAN
  -------         DO            
  X:129FH         SYMBOL        KeyStep
  X:12A0H         SYMBOL        KeyTime
  X:1081H         SYMBOL        key
  -------         ENDDO         
  C:53F5H         LINE#         270
  C:53F5H         LINE#         271
  C:53F5H         LINE#         275
  C:5415H         LINE#         276
  C:5415H         LINE#         277
  C:5415H         LINE#         278
BL51 BANKED LINKER/LOCATER V6.22.2.0                                                  11/01/2021  15:13:59  PAGE 29


  C:5418H         LINE#         279
  C:5423H         LINE#         280
  C:5423H         LINE#         281
  C:5429H         LINE#         282
  C:542FH         LINE#         283
  C:542FH         LINE#         284
  C:5432H         LINE#         285
  C:5432H         LINE#         286
  C:543AH         LINE#         287
  C:543AH         LINE#         288
  C:543AH         LINE#         289
  C:543DH         LINE#         290
  C:5448H         LINE#         291
  C:5448H         LINE#         292
  C:544EH         LINE#         293
  C:544EH         LINE#         294
  C:5451H         LINE#         295
  C:5451H         LINE#         296
  C:5459H         LINE#         297
  C:545CH         LINE#         298
  C:5462H         LINE#         299
  C:5465H         LINE#         300
  C:5465H         LINE#         301
  C:546BH         LINE#         302
  C:546EH         LINE#         303
  C:5474H         LINE#         304
  C:54AFH         LINE#         305
  C:54AFH         LINE#         306
  C:54AFH         LINE#         307
  C:54B2H         LINE#         308
  C:54B2H         LINE#         309
  C:54B5H         LINE#         310
  C:54B5H         LINE#         311
  C:54B8H         LINE#         312
  C:54B8H         LINE#         313
  C:54BBH         LINE#         314
  C:54BBH         LINE#         315
  C:54BEH         LINE#         316
  C:54BEH         LINE#         317
  C:54C1H         LINE#         318
  C:54C1H         LINE#         319
  C:54C4H         LINE#         320
  C:54C4H         LINE#         321
  C:54C7H         LINE#         322
  C:54C7H         LINE#         323
  C:54CAH         LINE#         324
  C:54CAH         LINE#         325
  C:54CDH         LINE#         326
  C:54CDH         LINE#         327
  C:54D0H         LINE#         328
  C:54D0H         LINE#         329
  C:54D3H         LINE#         330
  C:54D3H         LINE#         331
  C:54D6H         LINE#         332
  C:54D6H         LINE#         333
  C:54D9H         LINE#         334
  C:54D9H         LINE#         335
BL51 BANKED LINKER/LOCATER V6.22.2.0                                                  11/01/2021  15:13:59  PAGE 30


  C:54DCH         LINE#         336
  C:54DCH         LINE#         337
  C:54DFH         LINE#         338
  C:54DFH         LINE#         339
  C:54DFH         LINE#         340
  C:54DFH         LINE#         341
  C:54E7H         LINE#         342
  C:54E7H         LINE#         343
  C:54EDH         LINE#         344
  C:54F1H         LINE#         345
  C:54F1H         LINE#         346
  C:54F3H         LINE#         347
  C:54F3H         LINE#         348
  C:54FBH         LINE#         349
  C:54FBH         LINE#         350
  C:5501H         LINE#         351
  C:5503H         LINE#         352
  C:550BH         LINE#         353
  C:550BH         LINE#         354
  C:550FH         LINE#         355
  C:550FH         LINE#         356
  C:550FH         LINE#         358
  C:550FH         LINE#         359
  C:5511H         LINE#         360
  -------         ENDPROC       KEYSCAN
  -------         PROC          SKEYSCAN
  -------         DO            
  X:12A1H         SYMBOL        SkeyStep
  X:12A2H         SYMBOL        SkeyTime
  D:0007H         SYMBOL        key
  -------         ENDDO         
  C:5844H         LINE#         365
  C:5844H         LINE#         366
  C:5844H         LINE#         370
  C:5844H         LINE#         371
  C:584EH         LINE#         372
  C:584EH         LINE#         373
  C:584EH         LINE#         374
  C:5854H         LINE#         375
  C:5859H         LINE#         376
  C:5861H         LINE#         377
  C:5869H         LINE#         378
  C:586FH         LINE#         380
  C:5876H         LINE#         381
  C:5876H         LINE#         382
  C:587CH         LINE#         383
  C:5882H         LINE#         384
  C:5882H         LINE#         385
  C:5884H         LINE#         386
  C:5884H         LINE#         387
  C:588AH         LINE#         388
  C:588FH         LINE#         389
  C:5897H         LINE#         390
  C:589FH         LINE#         391
  C:58A5H         LINE#         393
  C:58ACH         LINE#         394
  C:58ACH         LINE#         395
BL51 BANKED LINKER/LOCATER V6.22.2.0                                                  11/01/2021  15:13:59  PAGE 31


  C:58B1H         LINE#         396
  C:58B3H         LINE#         397
  C:58BBH         LINE#         398
  C:58BBH         LINE#         399
  C:58BFH         LINE#         400
  C:58C4H         LINE#         401
  C:58C4H         LINE#         402
  C:58C4H         LINE#         404
  C:58C4H         LINE#         405
  C:58D1H         LINE#         406
  C:58D1H         LINE#         408
  C:58E1H         LINE#         409
  C:58E1H         LINE#         410
  C:58E6H         LINE#         411
  C:58EFH         LINE#         412
  C:58EFH         LINE#         418
  C:58FFH         LINE#         419
  C:58FFH         LINE#         420
  C:5907H         LINE#         421
  C:5910H         LINE#         422
  C:5910H         LINE#         423
  C:5910H         LINE#         424
  C:5910H         LINE#         426
  C:5910H         LINE#         427
  C:5910H         LINE#         428
  C:5910H         LINE#         430
  C:5910H         LINE#         431
  C:5918H         LINE#         432
  C:5918H         LINE#         433
  C:5920H         LINE#         434
  C:5920H         LINE#         435
  C:592AH         LINE#         436
  C:592AH         LINE#         437
  C:5938H         LINE#         438
  C:5938H         LINE#         439
  C:593DH         LINE#         440
  C:5940H         LINE#         441
  C:5949H         LINE#         442
  C:5949H         LINE#         443
  C:5949H         LINE#         444
  C:5949H         LINE#         445
  -------         ENDPROC       SKEYSCAN
  -------         PROC          UNLOCK
  B:0020H.0       SYMBOL        sound
  C:814EH         LINE#         448
  C:814EH         LINE#         449
  C:814EH         LINE#         450
  C:8156H         LINE#         451
  C:8158H         LINE#         452
  -------         ENDPROC       UNLOCK
  -------         PROC          _SENDRELAY
  D:0006H         SYMBOL        idx
  D:0005H         SYMBOL        time
  -------         DO            
  X:109DH         SYMBOL        RelayCmd
  X:10A6H         SYMBOL        p
  D:0007H         SYMBOL        i
BL51 BANKED LINKER/LOCATER V6.22.2.0                                                  11/01/2021  15:13:59  PAGE 32


  -------         ENDDO         
  C:6D1EH         LINE#         467
  C:6D1EH         LINE#         468
  C:6D1EH         LINE#         470
  C:6D2CH         LINE#         472
  C:6D36H         LINE#         473
  C:6D3AH         LINE#         474
  C:6D3EH         LINE#         475
  C:6D44H         LINE#         476
  C:6D47H         LINE#         477
  C:6D4EH         LINE#         478
  C:6D5AH         LINE#         479
  C:6D5AH         LINE#         480
  C:6D7BH         LINE#         481
  C:6D7EH         LINE#         483
  -------         ENDPROC       _SENDRELAY
  -------         PROC          _RELAYOPEN
  X:109AH         SYMBOL        idx
  X:109CH         SYMBOL        time
  C:701BH         LINE#         487
  C:7028H         LINE#         488
  C:7028H         LINE#         489
  C:702BH         LINE#         490
  C:702BH         LINE#         492
  C:702BH         LINE#         493
  C:7030H         LINE#         494
  C:7040H         LINE#         495
  C:7040H         LINE#         496
  C:7046H         LINE#         498
  C:7046H         LINE#         499
  C:7054H         LINE#         500
  C:705CH         LINE#         501
  C:706DH         LINE#         502
  C:7076H         LINE#         503
  C:7076H         LINE#         504
  C:7079H         LINE#         505
  C:707AH         LINE#         507
  C:707AH         LINE#         508
[...]
  C:3E15H         LINE#         110
  C:3E23H         LINE#         111
  C:3E25H         LINE#         112
  C:3E38H         LINE#         113
  C:3E64H         LINE#         114
  C:3E74H         LINE#         115
  C:3E7BH         LINE#         116
  C:3E8BH         LINE#         117
  C:3E92H         LINE#         118
  C:3E9DH         LINE#         119
  C:3EA0H         LINE#         120
  C:3EAFH         LINE#         121
  C:3EB2H         LINE#         123
  C:3EC4H         LINE#         124
  C:3ED0H         LINE#         125
  C:3ED3H         LINE#         126
  C:3ED3H         LINE#         167
BL51 BANKED LINKER/LOCATER V6.22.2.0                                                  11/01/2021  15:13:59  PAGE 116


  C:3EDBH         LINE#         168
  C:3EDBH         LINE#         169
  C:3EDEH         LINE#         170
  C:3EEDH         LINE#         171
  C:3EF0H         LINE#         172
  C:3F05H         LINE#         173
  C:3F0EH         LINE#         174
  C:3F19H         LINE#         175
  C:3F28H         LINE#         176
  C:3F2BH         LINE#         177
  C:3F3AH         LINE#         178
  C:3F3DH         LINE#         180
  C:3F4DH         LINE#         181
  C:3F5AH         LINE#         182
  C:3F5DH         LINE#         183
  C:3F5DH         LINE#         185
  C:3F5FH         LINE#         186
  -------         ENDPROC       _TIMER_INILIZE
  -------         ENDMOD        TIMER

  -------         MODULE        GPIO
  C:0000H         SYMBOL        _ICE_DUMMY_
  D:0093H         PUBLIC        P0M1
  D:0092H         PUBLIC        P1M0
  D:0096H         PUBLIC        P2M0
  D:0091H         PUBLIC        P1M1
  D:0080H         PUBLIC        P0
  D:00B2H         PUBLIC        P3M0
  D:0095H         PUBLIC        P2M1
  D:0090H         PUBLIC        P1
  D:00B4H         PUBLIC        P4M0
  D:00B1H         PUBLIC        P3M1
  D:00A0H         PUBLIC        P2
  D:00CAH         PUBLIC        P5M0
  D:00B3H         PUBLIC        P4M1
  D:00B0H         PUBLIC        P3
  D:00CCH         PUBLIC        P6M0
  D:00C9H         PUBLIC        P5M1
  D:00C0H         PUBLIC        P4
  D:00E2H         PUBLIC        P7M0
  D:00CBH         PUBLIC        P6M1
  D:00C8H         PUBLIC        P5
  D:00E8H         PUBLIC        P6
  D:00E1H         PUBLIC        P7M1
  D:00F8H         PUBLIC        P7
  D:00A8H         PUBLIC        IE
  D:00B8H         PUBLIC        IP
  D:00D8H         PUBLIC        CCON
  D:0098H         PUBLIC        SCON
  D:0088H         PUBLIC        TCON
  D:00F0H         PUBLIC        B
  D:00E0H         PUBLIC        ACC
  C:33EAH         PUBLIC        _GPIO_Inilize
  D:00D0H         PUBLIC        PSW
  D:0094H         PUBLIC        P0M0
  -------         PROC          _GPIO_INILIZE
  D:0007H         SYMBOL        GPIO
BL51 BANKED LINKER/LOCATER V6.22.2.0                                                  11/01/2021  15:13:59  PAGE 117


  D:0001H         SYMBOL        GPIOx
  C:33EAH         LINE#         10
  C:33EAH         LINE#         11
  C:33EAH         LINE#         12
  C:33F7H         LINE#         13
  C:3407H         LINE#         14
  C:340AH         LINE#         15
  C:340AH         LINE#         16
  C:3418H         LINE#         17
  C:342AH         LINE#         18
  C:343CH         LINE#         19
  C:344EH         LINE#         20
  C:344EH         LINE#         21
  C:3453H         LINE#         22
  C:3453H         LINE#         23
  C:3464H         LINE#         24
  C:3474H         LINE#         25
  C:3485H         LINE#         26
  C:3499H         LINE#         27
  C:3499H         LINE#         28
  C:349EH         LINE#         29
  C:349EH         LINE#         30
  C:34AFH         LINE#         31
  C:34BFH         LINE#         32
  C:34D0H         LINE#         33
  C:34E4H         LINE#         34
  C:34E4H         LINE#         35
  C:34E9H         LINE#         36
  C:34E9H         LINE#         37
  C:34FAH         LINE#         38
  C:350AH         LINE#         39
  C:351BH         LINE#         40
  C:352FH         LINE#         41
  C:352FH         LINE#         42
  C:3534H         LINE#         43
  C:3534H         LINE#         44
  C:3545H         LINE#         45
  C:3555H         LINE#         46
  C:3566H         LINE#         47
  C:357AH         LINE#         48
  C:357AH         LINE#         49
  C:357FH         LINE#         50
  C:357FH         LINE#         51
  C:3590H         LINE#         52
  C:35A0H         LINE#         53
  C:35B1H         LINE#         54
  C:35C5H         LINE#         55
  C:35C5H         LINE#         56
  C:35CAH         LINE#         57
  C:35CAH         LINE#         58
  C:35DBH         LINE#         59
  C:35EBH         LINE#         60
  C:35FCH         LINE#         61
  C:3610H         LINE#         62
  C:3610H         LINE#         63
  C:3615H         LINE#         64
  C:3615H         LINE#         65
BL51 BANKED LINKER/LOCATER V6.22.2.0                                                  11/01/2021  15:13:59  PAGE 118


  C:3628H         LINE#         66
  C:3639H         LINE#         67
  C:364AH         LINE#         68
  C:365EH         LINE#         69
  C:365EH         LINE#         70
  C:3660H         LINE#         71
  -------         ENDPROC       _GPIO_INILIZE
  -------         ENDMOD        GPIO

  -------         MODULE        EXTI
  C:0000H         SYMBOL        _ICE_DUMMY_
  D:0080H         PUBLIC        P0
  D:0090H         PUBLIC        P1
  D:00A0H         PUBLIC        P2
  D:00B0H         PUBLIC        P3
  D:00C0H         PUBLIC        P4
  D:00C8H         PUBLIC        P5
  D:00E8H         PUBLIC        P6
  D:00F8H         PUBLIC        P7
  D:00A8H         PUBLIC        IE
  D:00B8H         PUBLIC        IP
  D:00D8H         PUBLIC        CCON
  C:764FH         PUBLIC        Ext_INT0
  D:0098H         PUBLIC        SCON
  D:0088H         PUBLIC        TCON
  B:0088H.1       PUBLIC        IE0
  D:00F0H         PUBLIC        B
  D:00E0H         PUBLIC        ACC
  B:00A8H.0       PUBLIC        EX0
  B:0088H.0       PUBLIC        IT0
  B:00B8H.0       PUBLIC        PX0
  D:00B7H         PUBLIC        IPH
  C:6D91H         PUBLIC        _Ext_Inilize
  D:00D0H         PUBLIC        PSW
  -------         PROC          EXT_INT0
  C:764FH         LINE#         8
  C:766CH         LINE#         11
  C:766FH         LINE#         12
  C:7674H         LINE#         13
  -------         ENDPROC       EXT_INT0
  -------         PROC          _EXT_INILIZE
  D:0007H         SYMBOL        EXT
  D:0001H         SYMBOL        INTx
  C:6D91H         LINE#         51
  C:6D91H         LINE#         52
  C:6D91H         LINE#         55
  C:6D94H         LINE#         56
  C:6D94H         LINE#         57
  C:6D96H         LINE#         58
  C:6DA4H         LINE#         59
  C:6DA6H         LINE#         60
  C:6DBBH         LINE#         61
  C:6DF0H         LINE#         62
  C:6DFBH         LINE#         63
  C:6DFDH         LINE#         64
  C:6E00H         LINE#         65
  C:6E00H         LINE#         104
BL51 BANKED LINKER/LOCATER V6.22.2.0                                                  11/01/2021  15:13:59  PAGE 119


  C:6E02H         LINE#         105
  -------         ENDPROC       _EXT_INILIZE
  -------         ENDMOD        EXTI

  -------         MODULE        SPI
  C:0000H         SYMBOL        _ICE_DUMMY_
  D:0080H         PUBLIC        P0
  D:0090H         PUBLIC        P1
  C:739BH         PUBLIC        SPI_Transivion
  D:00A0H         PUBLIC        P2
  D:00B0H         PUBLIC        P3
  D:00C0H         PUBLIC        P4
  D:00C8H         PUBLIC        P5
  D:00E8H         PUBLIC        P6
  D:00F8H         PUBLIC        P7
  D:00CEH         PUBLIC        SPCTL
  D:00A2H         PUBLIC        P_SW1
  D:00A8H         PUBLIC        IE
  B:0023H.1       PUBLIC        B_SPI_Busy
  D:00B8H         PUBLIC        IP
  C:664EH         PUBLIC        _SPI_Flash_Read
  D:00D8H         PUBLIC        CCON
  D:0098H         PUBLIC        SCON
  D:0088H         PUBLIC        TCON
  B:00F8H.4       PUBLIC        P74
  X:1130H         PUBLIC        SPI_RxCnt
  D:00AFH         PUBLIC        IE2
  D:00F0H         PUBLIC        B
  D:00E0H         PUBLIC        ACC
  X:1131H         PUBLIC        SPI_RxTimerOut
  D:00CDH         PUBLIC        SPSTAT
  C:6516H         PUBLIC        _SPI_Init
  C:7EAAH         PUBLIC        _SPI_ReadWriteByte
  X:1132H         PUBLIC        SPI_RxBuffer
  D:00D0H         PUBLIC        PSW
  D:00CFH         PUBLIC        SPDAT
  -------         PROC          _SPI_INIT
  D:0001H         SYMBOL        SPIx
  C:6516H         LINE#         29
  C:6516H         LINE#         30
  C:6516H         LINE#         31
  C:6525H         LINE#         32
  C:6528H         LINE#         33
  C:6534H         LINE#         34
  C:6537H         LINE#         35
  C:6546H         LINE#         36
  C:6549H         LINE#         37
  C:6556H         LINE#         38
  C:6559H         LINE#         39
  C:6568H         LINE#         40
  C:656BH         LINE#         41
  C:6578H         LINE#         42
  C:657BH         LINE#         43
  C:658AH         LINE#         44
  C:658DH         LINE#         45
  C:659DH         LINE#         46
  C:65ABH         LINE#         48
BL51 BANKED LINKER/LOCATER V6.22.2.0                                                  11/01/2021  15:13:59  PAGE 120


  C:65B0H         LINE#         49
  C:65B2H         LINE#         50
  -------         ENDPROC       _SPI_INIT
  -------         PROC          SPI_TRANSIVION
  C:739BH         LINE#         96
  C:73A8H         LINE#         98
  C:73ADH         LINE#         99
  C:73ADH         LINE#         100
  C:73AFH         LINE#         101
  C:73B1H         LINE#         103
  C:73B1H         LINE#         104
  C:73C0H         LINE#         105
  C:73D4H         LINE#         106
  C:73DAH         LINE#         107
  C:73DAH         LINE#         108
  C:73DDH         LINE#         109
  -------         ENDPROC       SPI_TRANSIVION
  -------         PROC          L?0028
  -------         ENDPROC       L?0028
  -------         PROC          _SPI_READWRITEBYTE
  D:0007H         SYMBOL        dat
  C:7EAAH         LINE#         111
  C:7EAAH         LINE#         112
  C:7EAAH         LINE#         113
  C:7EACH         LINE#         114
  C:7EAEH         LINE#         115
  C:7EB1H         LINE#         116
  C:7EB3H         LINE#         117
  C:7EB3H         LINE#         118
  -------         ENDPROC       _SPI_READWRITEBYTE
  -------         PROC          _SPI_FLASH_READ
  X:1110H         SYMBOL        pBuffer
  X:1113H         SYMBOL        ReadAddr
  X:1117H         SYMBOL        NumByteToRead
  -------         DO            
  X:1119H         SYMBOL        i
  X:111BH         SYMBOL        tmp
  -------         ENDDO         
  C:664EH         LINE#         139
  C:665DH         LINE#         140
  C:665DH         LINE#         141
  C:665DH         LINE#         142
  C:665FH         LINE#         143
  C:6666H         LINE#         144
  C:666BH         LINE#         145
  C:6670H         LINE#         146
  C:6675H         LINE#         147
  C:6680H         LINE#         148
  C:669CH         LINE#         149
  C:669CH         LINE#         151
  C:66ADH         LINE#         152
  C:66D4H         LINE#         153
  C:66E4H         LINE#         154
  C:66E6H         LINE#         155
  -------         ENDPROC       _SPI_FLASH_READ
  -------         ENDMOD        SPI

BL51 BANKED LINKER/LOCATER V6.22.2.0                                                  11/01/2021  15:13:59  PAGE 121


  -------         MODULE        WDT
  C:0000H         SYMBOL        _ICE_DUMMY_
  D:0080H         PUBLIC        P0
  D:0090H         PUBLIC        P1
  D:00A0H         PUBLIC        P2
  D:00B0H         PUBLIC        P3
  D:00C0H         PUBLIC        P4
  D:00C8H         PUBLIC        P5
  D:00E8H         PUBLIC        P6
  D:00F8H         PUBLIC        P7
  D:00A8H         PUBLIC        IE
  D:00B8H         PUBLIC        IP
  D:00D8H         PUBLIC        CCON
  C:7A6DH         PUBLIC        _WDT_Inilize
  D:0098H         PUBLIC        SCON
  D:0088H         PUBLIC        TCON
  C:0006H         PUBLIC        WDT_Clear
  D:00F0H         PUBLIC        B
  D:00E0H         PUBLIC        ACC
  D:00C1H         PUBLIC        WDT_CONTR
  D:00D0H         PUBLIC        PSW
  -------         PROC          _WDT_INILIZE
  D:0001H         SYMBOL        WDT
  C:7A6DH         LINE#         22
  C:7A6DH         LINE#         23
  C:7A6DH         LINE#         24
  C:7A77H         LINE#         26
  C:7A87H         LINE#         27
  C:7A93H         LINE#         28
  C:7A96H         LINE#         29
  -------         ENDPROC       _WDT_INILIZE
  -------         PROC          WDT_CLEAR
  C:0006H         LINE#         32
  C:0006H         LINE#         33
  C:0006H         LINE#         34
  C:0009H         LINE#         35
  -------         ENDPROC       WDT_CLEAR
  -------         ENDMOD        WDT

  -------         MODULE        ?C?CLDPTR
  C:1749H         PUBLIC        ?C?CLDPTR
  -------         ENDMOD        ?C?CLDPTR

  -------         MODULE        ?C?CLDOPTR
  C:1762H         PUBLIC        ?C?CLDOPTR
  -------         ENDMOD        ?C?CLDOPTR

  -------         MODULE        ?C?CSTPTR
  C:178FH         PUBLIC        ?C?CSTPTR
  -------         ENDMOD        ?C?CSTPTR

  -------         MODULE        ?C?CSTOPTR
  C:17A1H         PUBLIC        ?C?CSTOPTR
  -------         ENDMOD        ?C?CSTOPTR

  -------         MODULE        ?C?IMUL
  C:17C3H         PUBLIC        ?C?IMUL
BL51 BANKED LINKER/LOCATER V6.22.2.0                                                  11/01/2021  15:13:59  PAGE 122


  -------         ENDMOD        ?C?IMUL

  -------         MODULE        ?C?UIDIV
  C:17D5H         PUBLIC        ?C?UIDIV
  -------         ENDMOD        ?C?UIDIV

  -------         MODULE        ?C?IILDX
  C:182AH         PUBLIC        ?C?IILDX
  -------         ENDMOD        ?C?IILDX

  -------         MODULE        ?C?ILDIX
  C:1840H         PUBLIC        ?C?ILDIX
  -------         ENDMOD        ?C?ILDIX

  -------         MODULE        ?C?ILDPTR
  C:1856H         PUBLIC        ?C?ILDPTR
  -------         ENDMOD        ?C?ILDPTR

  -------         MODULE        ?C?ILDOPTR
  C:1881H         PUBLIC        ?C?ILDOPTR
  -------         ENDMOD        ?C?ILDOPTR

  -------         MODULE        ?C?LMUL
  C:18B9H         PUBLIC        ?C?LMUL
  -------         ENDMOD        ?C?LMUL

  -------         MODULE        ?C?ULDIV
  C:1944H         PUBLIC        ?C?ULDIV
  -------         ENDMOD        ?C?ULDIV

  -------         MODULE        ?C?ULCMP
  C:19D6H         PUBLIC        ?C?ULCMP
  -------         ENDMOD        ?C?ULCMP

  -------         MODULE        ?C?ULSHR
  C:19E7H         PUBLIC        ?C?ULSHR
  -------         ENDMOD        ?C?ULSHR

  -------         MODULE        ?C?LSHL
  C:19FAH         PUBLIC        ?C?LSHL
  -------         ENDMOD        ?C?LSHL

  -------         MODULE        ?C?LLDOPTR
  C:1A0DH         PUBLIC        ?C?LLDOPTR
  -------         ENDMOD        ?C?LLDOPTR

  -------         MODULE        ?C?LLDOPTR0
  C:1A3DH         PUBLIC        ?C?LLDOPTR0
  -------         ENDMOD        ?C?LLDOPTR0

  -------         MODULE        ?C?LSTXDATA
  C:1A6DH         PUBLIC        ?C?LSTXDATA
  -------         ENDMOD        ?C?LSTXDATA

  -------         MODULE        ?C?LSTKXDATA
  C:1A79H         PUBLIC        ?C?LSTKXDATA
  -------         ENDMOD        ?C?LSTKXDATA
BL51 BANKED LINKER/LOCATER V6.22.2.0                                                  11/01/2021  15:13:59  PAGE 123



  -------         MODULE        ?C?CCASE
  C:1AAAH         PUBLIC        ?C?CCASE
  -------         ENDMOD        ?C?CCASE

  -------         MODULE        PRINTF
  X:1107H         PUBLIC        ?_PRINTF517?BYTE
  X:1107H         PUBLIC        ?_PRINTF?BYTE
  X:1107H         PUBLIC        ?_SPRINTF517?BYTE
  X:1107H         PUBLIC        ?_SPRINTF?BYTE
  C:27CBH         PUBLIC        _PRINTF
  C:27CBH         PUBLIC        _PRINTF517
  C:27C5H         PUBLIC        _SPRINTF
  C:27C5H         PUBLIC        _SPRINTF517
  -------         ENDMOD        PRINTF

  -------         MODULE        SCANF
  X:10B8H         PUBLIC        ?_SCANF517?BYTE
  X:10B8H         PUBLIC        ?_SCANF?BYTE
  X:10B8H         PUBLIC        ?_SSCANF517?BYTE
  X:10B8H         PUBLIC        ?_SSCANF?BYTE
  C:2E7AH         PUBLIC        _SCANF
  C:2E7AH         PUBLIC        _SCANF517
  C:2E76H         PUBLIC        _SSCANF
  C:2E76H         PUBLIC        _SSCANF517
  -------         ENDMOD        SCANF

  -------         MODULE        ?C?ISTPTR
  C:1AD0H         PUBLIC        ?C?ISTPTR
  -------         ENDMOD        ?C?ISTPTR

  -------         MODULE        ?C?LNEG
  C:1AEFH         PUBLIC        ?C?LNEG
  -------         ENDMOD        ?C?LNEG

  -------         MODULE        ?C?LSTPTR
  C:1AFDH         PUBLIC        ?C?LSTPTR
  -------         ENDMOD        ?C?LSTPTR

  -------         MODULE        ?C?LLDIDATA
  C:1B17H         PUBLIC        ?C?LLDIDATA
  -------         ENDMOD        ?C?LLDIDATA

  -------         MODULE        ?C?LLDXDATA
  C:1B23H         PUBLIC        ?C?LLDXDATA
  -------         ENDMOD        ?C?LLDXDATA

  -------         MODULE        ?C?LLDPDATA
  C:1B2FH         PUBLIC        ?C?LLDPDATA
  -------         ENDMOD        ?C?LLDPDATA

  -------         MODULE        ?C?LLDCODE
  C:1B3BH         PUBLIC        ?C?LLDCODE
  -------         ENDMOD        ?C?LLDCODE

  -------         MODULE        ?C?LLDIDATA0
  C:1B4BH         PUBLIC        ?C?LLDIDATA0
BL51 BANKED LINKER/LOCATER V6.22.2.0                                                  11/01/2021  15:13:59  PAGE 124


  -------         ENDMOD        ?C?LLDIDATA0

  -------         MODULE        ?C?LLDXDATA0
  C:1B58H         PUBLIC        ?C?LLDXDATA0
  -------         ENDMOD        ?C?LLDXDATA0

  -------         MODULE        ?C?LLDPDATA0
  C:1B64H         PUBLIC        ?C?LLDPDATA0
  -------         ENDMOD        ?C?LLDPDATA0

  -------         MODULE        ?C?LLDCODE0
  C:1B71H         PUBLIC        ?C?LLDCODE0
  -------         ENDMOD        ?C?LLDCODE0

  -------         MODULE        ?C?PLDXDATA
  C:1B81H         PUBLIC        ?C?PLDXDATA
  -------         ENDMOD        ?C?PLDXDATA

  -------         MODULE        ?C?PLDIXDATA
  C:1B8AH         PUBLIC        ?C?PLDIXDATA
  -------         ENDMOD        ?C?PLDIXDATA

  -------         MODULE        ?C?PILDXDATA
  C:1BA1H         PUBLIC        ?C?PILDXDATA
  -------         ENDMOD        ?C?PILDXDATA

  -------         MODULE        ?C?PSTXDATA
  C:1BB8H         PUBLIC        ?C?PSTXDATA
  -------         ENDMOD        ?C?PSTXDATA

  -------         MODULE        GETCHAR
  B:0023H.2       PUBLIC        ?C?CHARLOADED
  X:12CBH         PUBLIC        ?_UNGETCHAR?BYTE
  C:80C8H         PUBLIC        GETCHAR
  -------         ENDMOD        GETCHAR

  -------         MODULE        UNGETC
  C:822DH         PUBLIC        _UNGETCHAR
  -------         ENDMOD        UNGETC

  -------         MODULE        ISSPACE
  C:80DCH         PUBLIC        _isspace
  -------         ENDMOD        ISSPACE

  -------         MODULE        ?C?LSTIDATA
  C:1BC1H         PUBLIC        ?C?LSTIDATA
  -------         ENDMOD        ?C?LSTIDATA

  -------         MODULE        ?C?LSTPDATA
  C:1BCDH         PUBLIC        ?C?LSTPDATA
  -------         ENDMOD        ?C?LSTPDATA

  -------         MODULE        _GETKEY
  C:821AH         PUBLIC        _GETKEY
  -------         ENDMOD        _GETKEY

*** WARNING L16: UNCALLED SEGMENT, IGNORED FOR OVERLAY PROCESS
BL51 BANKED LINKER/LOCATER V6.22.2.0                                                  11/01/2021  15:13:59  PAGE 125


    SEGMENT: ?PR?_GETPSWBYROOM?UNLOCKPASSWORD

Program Size: data=17.3 xdata=4812 code=33335
LINK/LOCATE RUN COMPLETE.  1 WARNING(S),  0 ERROR(S)
