C51 COMPILER V9.57.0.0   UNLOCKPASSWORD                                                    06/06/2022 10:51:45 PAGE 1   


C51 COMPILER V9.57.0.0, COMPILATION OF MODULE UNLOCKPASSWORD
OBJECT MODULE PLACED IN .\Objects\UnlockPassword.obj
COMPILER INVOKED BY: D:\keil-c51\C51\BIN\C51.EXE UserSrc\UnlockPassword.c LARGE OPTIMIZE(8,SPEED) BROWSE NOINTPROMOTE IN
                    -CDIR(.\UserSrc;.\StcLib;.\UserSrc\ENG) DEBUG OBJECTEXTEND PRINT(.\Listings\UnlockPassword.lst) TABS(2) OBJECT(.\Objects\
                    -UnlockPassword.obj)

line level    source

   1          #include "UnlockPassword.h"
   2          #include "Driver.h"
   3          #include "Eeprom.h"
   4          #include "SysString.h"
   5          #include "stdio.h"
   6          #include "Lcd12864.h"
   7          #include "SysStatus.h"
   8          #include "NameList.h"
   9          #include "Audio.h"
  10          
  11          void SavePswCount(void)
  12          {
  13   1        writeBuf_at24c02(USER_PARA_ADDR+((u16)((u32)(&UsrPara.PswCount)-(u32)(&UsrPara))), (u8 *)&UsrPara.PswCoun
             -t,sizeof(UsrPara.PswCount));
  14   1      }
  15          
  16          void ClearPsw(void)
  17          {
  18   1        UsrPara.PswCount = 0;
  19   1        SavePswCount();
  20   1      }
  21          
  22          void InitPsw(void)
  23          {
  24   1        if(UsrPara.PswCount > PSW_COUNT)
  25   1        {
  26   2          ClearPsw();
  27   2        }
  28   1      }
  29          
  30          void WritePswByIdx(u16 idx,PswItemType *pItem)
  31          {
  32   1        u16 addr = (u16)idx;
  33   1        addr *= sizeof(PswItemType);
  34   1        writeBuf_at24c02(USER_PSW_ADDR+addr, (u8 *)pItem,sizeof(PswItemType));
  35   1      }
  36          
  37          void ReadPswByIdx(u16 idx,PswItemType *pItem)
  38          {
  39   1        u16 addr = (u16)idx;
  40   1        addr *= sizeof(PswItemType);
  41   1        readBuf_at24c02(USER_PSW_ADDR+addr, (u8 *)pItem,sizeof(PswItemType));
  42   1      }
  43          
  44          u16 GetPswByRoom(u16 room,PswItemType *pItem)
  45          {
  46   1        u16 idx = 0xFFFF;
  47   1        idx = GetIdxByRoom(room,UNLOCK_PSW);
  48   1        if(idx != 0xFFFF)
  49   1        {
  50   2          ReadPswByIdx(idx,pItem);
  51   2          return idx;
  52   2        }
C51 COMPILER V9.57.0.0   UNLOCKPASSWORD                                                    06/06/2022 10:51:45 PAGE 2   

  53   1        return 0xFFFF;
  54   1      }
  55          
  56          bool CheckPsw(u16 psw)
  57          {
  58   1        u16 i = 0;
  59   1        PswItemType pItem;
  60   1        printf("CheckPsw:%u\r\n",psw);
  61   1        if(UsrPara.PswCount == 0)
  62   1        {
  63   2          return false;
  64   2        }
  65   1        for(i=0;i<UsrPara.PswCount;i++)
  66   1        {
  67   2          ReadPswByIdx(i,&pItem);
  68   2          if(pItem.Psw == psw)
  69   2          {
  70   3            return true;
  71   3          }
  72   2        }
  73   1        return false;
  74   1      }
  75          
  76          u16 AddPswItem(PswItemType *pItem)
  77          {
  78   1        u16 idx = -1;
  79   1        idx = GetIdxByRoom(pItem->Room,UNLOCK_PSW);
  80   1        if(idx != -1)
  81   1        {
  82   2          WritePswByIdx(idx,pItem);
  83   2          return idx;
  84   2        }
  85   1        else if(UsrPara.PswCount < PSW_COUNT)
  86   1        {
  87   2          WritePswByIdx(UsrPara.PswCount,pItem);
  88   2          UsrPara.PswCount++;
  89   2          SavePswCount();
  90   2          return UsrPara.PswCount-1;
  91   2        }
  92   1        return 0xFFFF;
  93   1      }
  94          
  95          void DelPswByIdx(u16 idx)
  96          {
  97   1        PswItemType tmpItem;
  98   1        if(idx < UsrPara.PswCount)
  99   1        {
 100   2          if(idx == (UsrPara.PswCount-1))
 101   2          {
 102   3            UsrPara.PswCount--;
 103   3            SavePswCount();
 104   3          }
 105   2          else
 106   2          {
 107   3            UsrPara.PswCount--;
 108   3            SavePswCount();
 109   3            ReadPswByIdx(UsrPara.PswCount,&tmpItem);
 110   3            WritePswByIdx(idx,&tmpItem);
 111   3          }
 112   2        }
 113   1      }
 114          
C51 COMPILER V9.57.0.0   UNLOCKPASSWORD                                                    06/06/2022 10:51:45 PAGE 3   

 115          void DelPswByRoom(u16 room)
 116          {
 117   1        u16 idx = GetIdxByRoom(room,UNLOCK_PSW);
 118   1        while(idx != 0xFFFF)
 119   1        {
 120   2          DelPswByIdx(idx);
 121   2          idx = GetIdxByRoom(room,UNLOCK_PSW);
 122   2        }
 123   1      }
 124          
 125          PswEditType PswEditItem;
 126          static u8 PswEditMidx = 0;
 127          static u8 PswEditIdx = 0;
 128          
 129          void ShowPsw(PswEditType *pItem,bool edit)
 130          {
 131   1        u8 Disbuf[20];
 132   1        u8 i;
 133   1        u32 tmp;
 134   1        LcdClear();
 135   1        //if(SysStatus != SYS_EDIT_SYSPSW)
 136   1        if(SysStatus == SYS_EDIT_SYSPSW)
 137   1        {
 138   2          DisplayString(1,0,StrTabSysPsw);
 139   2        }
 140   1        else if((SysStatus != SYS_EDIT_SYSPSW) && (SysStatus != SYS_INPUT_PSW))
 141   1        {
 142   2          if(pItem->Room > 0)
 143   2          {
 144   3            //sprintf(Disbuf,"%s%u",StrTabNum,pItem->Room);
 145   3            //DisplayString(1,0,Disbuf);
 146   3            DisplayString(1,0,StrTabNum);
 147   3            sprintf(Disbuf,"%u",pItem->Room);
 148   3            DisplayString(1,(16-HBstrlen(StrTabNum)-strlen(Disbuf)),Disbuf);
 149   3          }
 150   2          else
 151   2          {
 152   3            DisplayString(1,0,StrTabNum);
 153   3            //sprintf(Disbuf,"%s",StrTabNum);
 154   3          }
 155   2          //DisplayString(1,0,Disbuf);
 156   2          if(PswEditMidx == 0)
 157   2          {
 158   3          #ifdef LANGUAGE_HB  
 159   3            //SetFlash(1,(10-PswEditIdx));
 160   3            SetFlash(1,15-HBstrlen(StrTabNum));
 161   3          #else
                    SetFlash(1,strlen(Disbuf));
                  #endif
 164   3          }
 165   2        }
 166   1        if(edit)
 167   1        {
 168   2          if(pItem->Psw1 > 0)
 169   2          {
 170   3            //sprintf(Disbuf,"%s%lu",StrTabPsw1,pItem->Psw1);
 171   3            sprintf(Disbuf,"%s%",StrTabPsw1);
 172   3            tmp = PswEditItem.Psw1;
 173   3            for(i=0;(tmp > 0);i++)
 174   3            {
 175   4              Disbuf[strlen(StrTabPsw1)+i] = '*';
 176   4              tmp /= 10;
C51 COMPILER V9.57.0.0   UNLOCKPASSWORD                                                    06/06/2022 10:51:45 PAGE 4   

 177   4            }
 178   3            Disbuf[strlen(StrTabPsw1)+i] = 0;
 179   3            DisplayString(2,0,Disbuf);
 180   3            if(PswEditMidx == ((SysStatus != SYS_EDIT_SYSPSW)?1:0))
 181   3            {
 182   4            #ifdef LANGUAGE_HB  
 183   4              SetFlash(2,(9-PswEditIdx));
 184   4            #else
                      SetFlash(2,strlen(Disbuf));
                    #endif
 187   4            }
 188   3          }
 189   2          else
 190   2          {
 191   3            DisplayString(2,0,StrTabPsw1);
 192   3            if(PswEditMidx == ((SysStatus != SYS_EDIT_SYSPSW)?1:0))
 193   3            {
 194   4            #ifdef LANGUAGE_HB  
 195   4              SetFlash(2,9);
 196   4            #else
                      SetFlash(2,strlen(StrTabPsw1));
                    #endif
 199   4            }
 200   3          }
 201   2          if(SysStatus != SYS_INPUT_PSW)
 202   2          {
 203   3            if(pItem->Psw2 > 0)
 204   3            {
 205   4              //sprintf(Disbuf,"%s%lu",StrTabPsw2,pItem->Psw2);
 206   4              sprintf(Disbuf,"%s%",StrTabPsw2);
 207   4              tmp = PswEditItem.Psw2;
 208   4              for(i=0;(tmp > 0);i++)
 209   4              {
 210   5                Disbuf[strlen(StrTabPsw2)+i] = '*';
 211   5                tmp /= 10;
 212   5              }
 213   4              Disbuf[strlen(StrTabPsw2)+i] = 0;
 214   4              DisplayString(3,0,Disbuf);
 215   4              if(PswEditMidx == ((SysStatus != SYS_EDIT_SYSPSW)?2:1))
 216   4              {
 217   5              #ifdef LANGUAGE_HB  
 218   5                SetFlash(3,(11-PswEditIdx));
 219   5              #else
                        SetFlash(3,strlen(Disbuf));
                      #endif
 222   5              }
 223   4            }
 224   3            else
 225   3            {
 226   4              DisplayString(3,0,StrTabPsw2);
 227   4              if(PswEditMidx == ((SysStatus != SYS_EDIT_SYSPSW)?2:1))
 228   4              {
 229   5              #ifdef LANGUAGE_HB  
 230   5                SetFlash(3,11);
 231   5              #else
                        SetFlash(3,strlen(StrTabPsw2));
                      #endif
 234   5              }
 235   4            }
 236   3          }
 237   2        }
 238   1      }
C51 COMPILER V9.57.0.0   UNLOCKPASSWORD                                                    06/06/2022 10:51:45 PAGE 5   

 239          
 240          void EditPswCon(void)
 241          {
 242   1        ClearBuf((u8 *)&PswEditItem,sizeof(PswEditType));
 243   1        PswEditMidx = 0;
 244   1        PswEditIdx = 0;
 245   1        SysStatus = SYS_EDIT_PSW;
 246   1        ShowPsw(&PswEditItem,true);
 247   1      }
 248          
 249          void PswEditKey(u8 key)
 250          {
 251   1        u16 tmp;
 252   1        PswItemType tmpItem;
 253   1        static bool Saved = false;
 254   1        if(key == KEY_SURE)
 255   1        {
 256   2          if(PswEditMidx == 3)
 257   2          {
 258   3            if(Saved)
 259   3            {
 260   4              ClearBuf((u8 *)&PswEditItem,sizeof(PswEditItem));
 261   4              PswEditIdx = 0;
 262   4            }
 263   3            else
 264   3            {
 265   4              if((PswEditItem.Room > 0)
 266   4                && (PswEditItem.Psw1 != 0)
 267   4                && (PswEditItem.Psw1 == PswEditItem.Psw2))
 268   4              {
 269   5                tmpItem.Room = PswEditItem.Room;
 270   5                tmpItem.Psw = PswEditItem.Psw1;
 271   5                if(AddPswItem(&tmpItem) != 0xFFFF)
 272   5                {
 273   6                  ShowSaveOK();
 274   6                }
 275   5                else
 276   5                {
 277   6                  ShowErr();
 278   6                }
 279   5                ClearBuf((u8 *)&PswEditItem,sizeof(PswEditItem));
 280   5                Saved = true;
 281   5                PswEditItem.Psw1 = 0;
 282   5                PswEditItem.Psw2 = 0;
 283   5              }
 284   4              else
 285   4              {
 286   5                ShowErr();
 287   5              }
 288   4              return;
 289   4            }
 290   3          }
 291   2          PswEditMidx++;
 292   2          PswEditMidx %= 4;
 293   2          PswEditIdx = 0;
 294   2          switch(PswEditMidx)
 295   2          {
 296   3            case 0:
 297   3              PswEditMidx = 0;
 298   3              tmp = PswEditItem.Room;
 299   3              while(tmp > 0)
 300   3              {
C51 COMPILER V9.57.0.0   UNLOCKPASSWORD                                                    06/06/2022 10:51:45 PAGE 6   

 301   4                PswEditIdx++;
 302   4                tmp /= 10;
 303   4              }
 304   3              break;
 305   3            case 1:
 306   3              PswEditItem.Psw1 = 0;
 307   3              PswEditIdx = 0;
 308   3      //        tmp = PswEditItem.Psw1;
 309   3      //        while(tmp > 0)
 310   3      //        {
 311   3      //          PswEditIdx++;
 312   3      //          tmp /= 10;
 313   3      //        }
 314   3              break;
 315   3            case 2:
 316   3              PswEditItem.Psw2 = 0;
 317   3              PswEditIdx = 0;
 318   3      //        tmp = PswEditItem.Psw2;
 319   3      //        while(tmp > 0)
 320   3      //        {
 321   3      //          PswEditIdx++;
 322   3      //          tmp /= 10;
 323   3      //        }
 324   3              break;
 325   3            case 3:
 326   3              ShowConfirmSave();
 327   3              Saved = false;
 328   3              return;
 329   3          }
 330   2        }
 331   1        else if(key == KEY_DEL)
 332   1        {
 333   2          switch(PswEditMidx)
 334   2          {
 335   3            case 0:
 336   3              if(PswEditIdx > 0)
 337   3              {
 338   4                PswEditIdx--;
 339   4                PswEditItem.Room /= 10;
 340   4              }
 341   3              else
 342   3              {
 343   4                PswSetCon();
 344   4                return;
 345   4              }
 346   3              break;
 347   3            case 1:
 348   3              if(PswEditIdx > 0)
 349   3              {
 350   4                PswEditIdx--;
 351   4                PswEditItem.Psw1 /= 10;
 352   4              }
 353   3              else
 354   3              {
 355   4                PswEditMidx--;
 356   4                PswEditIdx = 0;
 357   4                tmp = PswEditItem.Room;
 358   4                while(tmp > 0)
 359   4                {
 360   5                  PswEditIdx++;
 361   5                  tmp /= 10;
 362   5                }
C51 COMPILER V9.57.0.0   UNLOCKPASSWORD                                                    06/06/2022 10:51:45 PAGE 7   

 363   4              }
 364   3              break;
 365   3            case 2:
 366   3              if(PswEditIdx > 0)
 367   3              {
 368   4                PswEditIdx--;
 369   4                PswEditItem.Psw2 /= 10;
 370   4              }
 371   3              else
 372   3              {
 373   4                PswEditMidx--;
 374   4                PswEditIdx = 0;
 375   4                tmp = PswEditItem.Psw1;
 376   4                while(tmp > 0)
 377   4                {
 378   5                  PswEditIdx++;
 379   5                  tmp /= 10;
 380   5                }
 381   4              }
 382   3              break;
 383   3            case 3:
 384   3              PswEditMidx = 0;
 385   3              PswEditIdx = 0;
 386   3              tmp = PswEditItem.Room;
 387   3              while(tmp > 0)
 388   3              {
 389   4                PswEditIdx++;
 390   4                tmp /= 10;
 391   4              }
 392   3              break;
 393   3          }
 394   2        }
 395   1        else if(key == KEY_BELL)
 396   1        {
 397   2          PswSetCon();
 398   2          return;
 399   2        }
 400   1      
 401   1        if((key >= 0) && (key <= 9))
 402   1        {
 403   2          switch(PswEditMidx)
 404   2          {
 405   3            case 0:
 406   3              if(PswEditIdx < 4)
 407   3              {
 408   4                PswEditItem.Room *= 10;
 409   4                PswEditItem.Room += key;
 410   4                PswEditIdx++;
 411   4                if(PswEditItem.Room > PSW_COUNT)
 412   4                {
 413   5                  PswEditItem.Room = key;
 414   5                  PswEditIdx = 0;
 415   5                }
 416   4              }
 417   3              
 418   3              if(PswEditItem.Room == 0)
 419   3              {
 420   4                PswEditIdx = 0;
 421   4              }
 422   3              break;
 423   3            case 1:
 424   3              if(PswEditIdx < 4)
C51 COMPILER V9.57.0.0   UNLOCKPASSWORD                                                    06/06/2022 10:51:45 PAGE 8   

 425   3              {
 426   4                PswEditItem.Psw1 *= 10;
 427   4                PswEditItem.Psw1 += key;
 428   4                PswEditIdx++;
 429   4              }
 430   3              if(PswEditItem.Psw1 == 0)
 431   3              {
 432   4                PswEditIdx = 0;
 433   4              }
 434   3              break;
 435   3            case 2:
 436   3              if(PswEditIdx < 4)
 437   3              {
 438   4                PswEditItem.Psw2 *= 10;
 439   4                PswEditItem.Psw2 += key;
 440   4                PswEditIdx++;
 441   4              }
 442   3              if(PswEditItem.Psw2 == 0)
 443   3              {
 444   4                PswEditIdx = 0;
 445   4              }
 446   3              break;
 447   3          }
 448   2        }
 449   1        ShowPsw(&PswEditItem,true);
 450   1      }
 451          
 452          void DeletePswCon(void)
 453          {
 454   1        ClearBuf((u8 *)&PswEditItem,sizeof(PswEditType));
 455   1        PswEditMidx = 0;
 456   1        PswEditIdx = 0;
 457   1        SysStatus = SYS_DEL_PSW;
 458   1        ShowPsw(&PswEditItem,false);
 459   1      }
 460          
 461          void PswDeleteKey(u8 key)
 462          {
 463   1        u16 tmp;
 464   1        static bool Saved = false;
 465   1        if(key == KEY_SURE)
 466   1        {
 467   2          if(PswEditMidx == 1)
 468   2          {
 469   3            if(Saved)
 470   3            {
 471   4              ClearBuf((u8 *)&PswEditItem,sizeof(PswEditItem));
 472   4              PswEditIdx = 0;
 473   4            }
 474   3            else
 475   3            {
 476   4              if(PswEditItem.Room > 0)
 477   4              {
 478   5                DelPswByRoom(PswEditItem.Room);
 479   5                ClearBuf((u8 *)&PswEditItem,sizeof(PswEditItem));
 480   5                Saved = true;
 481   5                ShowDeleteOK();
 482   5              }
 483   4              return;
 484   4            }
 485   3          }
 486   2          PswEditMidx++;
C51 COMPILER V9.57.0.0   UNLOCKPASSWORD                                                    06/06/2022 10:51:45 PAGE 9   

 487   2          PswEditMidx %= 2;
 488   2          PswEditIdx = 0;
 489   2          switch(PswEditMidx)
 490   2          {
 491   3            case 0:
 492   3              PswEditIdx = 0;
 493   3              tmp = PswEditItem.Room;
 494   3              while(tmp > 0)
 495   3              {
 496   4                PswEditIdx++;
 497   4                tmp /= 10;
 498   4              }
 499   3              break;
 500   3            case 1:
 501   3              ShowConfirmDel();
 502   3              Saved = false;
 503   3              return;
 504   3              break;
 505   3          }
 506   2        }
 507   1        else if(key == KEY_DEL)
 508   1        {
 509   2          switch(PswEditMidx)
 510   2          {
 511   3            case 0:
 512   3              if(PswEditIdx > 0)
 513   3              {
 514   4                PswEditIdx--;
 515   4                PswEditItem.Room /= 10;
 516   4              }
 517   3              else
 518   3              {
 519   4                PswSetCon();
 520   4                return;
 521   4              }
 522   3              break;
 523   3            case 1:
 524   3              PswEditMidx = 0;
 525   3              PswEditIdx = 0;
 526   3              tmp = PswEditItem.Room;
 527   3              while(tmp > 0)
 528   3              {
 529   4                PswEditIdx++;
 530   4                tmp /= 10;
 531   4              }
 532   3              break;
 533   3          }
 534   2        }
 535   1        else if(key == KEY_BELL)
 536   1        {
 537   2          PswSetCon();
 538   2          return;
 539   2        }
 540   1      
 541   1        if((key >= 0) && (key <= 9))
 542   1        {
 543   2          switch(PswEditMidx)
 544   2          {
 545   3            case 0:
 546   3              if(PswEditIdx < 4)
 547   3              {
 548   4                PswEditItem.Room *= 10;
C51 COMPILER V9.57.0.0   UNLOCKPASSWORD                                                    06/06/2022 10:51:45 PAGE 10  

 549   4                PswEditItem.Room += key;
 550   4                PswEditIdx++;
 551   4                if(PswEditItem.Room > PSW_COUNT)
 552   4                {
 553   5                  PswEditItem.Room = key;
 554   5                  PswEditIdx = 0;
 555   5                }
 556   4              }
 557   3              if(PswEditItem.Room == 0)
 558   3              {
 559   4                PswEditIdx = 0;
 560   4              }
 561   3              break;
 562   3          }
 563   2        }
 564   1        ShowPsw(&PswEditItem,false);
 565   1      }
 566          
 567          void DeleteAllPswCon(void)
 568          {
 569   1        SysStatus = SYS_DEL_ALLPSW;
 570   1        LcdClear();
 571   1        DisplayString(1,0,StrTabDelAllPsw);
 572   1      }
 573          void PswDelAllKey(u8 key)
 574          {
 575   1        switch(key)
 576   1        {
 577   2          case KEY_SURE:
 578   2            ClearPsw();
 579   2            ShowDeleteOK();
 580   2            break;
 581   2          case KEY_BELL:
 582   2          case KEY_DEL:
 583   2            PswSetCon();
 584   2            break;
 585   2        }
 586   1      }
 587          
 588          void PswSetCon(void)
 589          {
 590   1        u8 Disbuf[10];
 591   1        
 592   1        SysStatus = SYS_SET_PSW;
 593   1        
 594   1        LcdClear();
 595   1        DisplayString(0,0,StrTabPswSet1);
 596   1        DisplayString(1,0,StrTabPswSet2);
 597   1        DisplayString(2,0,StrTabPswSet3);
 598   1        DisplayString(3,0,StrTabListCount);
 599   1        sprintf(Disbuf,"%u",UsrPara.PswCount);
 600   1        DisplayString(3,15-HBstrlen(StrTabListCount)-strlen(Disbuf),Disbuf);
 601   1      }
 602          
 603          void PswSetKey(u8 key)
 604          {
 605   1        switch(key)
 606   1        {
 607   2          case 1:
 608   2            EditPswCon();
 609   2            break;
 610   2          case 2:
C51 COMPILER V9.57.0.0   UNLOCKPASSWORD                                                    06/06/2022 10:51:45 PAGE 11  

 611   2            DeletePswCon();
 612   2            break;
 613   2          case 3:
 614   2            DeleteAllPswCon();
 615   2            break;
 616   2          case KEY_DEL:
 617   2          case KEY_BELL:
 618   2            SysSettingCon();
 619   2            break;
 620   2        }
 621   1      }
 622          
 623          void InputPswCon(void)
 624          {
 625   1        ClearBuf((u8 *)&PswEditItem,sizeof(PswEditType));
 626   1        PswEditMidx = 1;
 627   1        PswEditIdx = 0;
 628   1        SysStatus = SYS_INPUT_PSW;
 629   1        ShowPsw(&PswEditItem,true);
 630   1        MP3_StartPlay(MP3_InputPsw);
 631   1      }
 632          
 633          void PswInputKey(u8 key)
 634          {
 635   1      //  u16 tmp;
 636   1      //  PswItemType tmpItem;
 637   1      /*  if(key == KEY_SURE)
 638   1        {
 639   1          if(PswEditMidx == 1)
 640   1          {
 641   1            if((PswEditItem.Room > 0)
 642   1              && (PswEditIdx == 4))
 643   1            {
 644   1              if(GetPswByRoom(PswEditItem.Room,&tmpItem) != 0xFFFF)
 645   1              {
 646   1                if(tmpItem.Psw == PswEditItem.Psw1)
 647   1                {
 648   1                  Unlock();
 649   1                  IdleTime = 4;
 650   1                  PswEditItem.Psw1 = 0;
 651   1                  PswEditItem.Room = 0;
 652   1                  PswEditIdx = 0;
 653   1                  PswEditMidx = 0;
 654   1                  return;
 655   1                }
 656   1                else
 657   1                {
 658   1                  PswEditItem.Psw1 = 0;
 659   1                  PswEditIdx = 0;
 660   1                  ShowErr();
 661   1                  MP3_StartPlay(MP3_PwdErr);
 662   1                }
 663   1              }
 664   1      //        else if(PswEditItem.Room > 0)
 665   1      //        {
 666   1      //          PswEditItem.Psw1 = 0;
 667   1      //          PswEditItem.Room = 0;
 668   1      //          PswEditIdx = 0;
 669   1      //          MP3_StartPlay(MP3_RoomErr);
 670   1      //        }
 671   1            }
 672   1            else if(PswEditItem.Room > 0)
C51 COMPILER V9.57.0.0   UNLOCKPASSWORD                                                    06/06/2022 10:51:45 PAGE 12  

 673   1            {
 674   1              PswEditItem.Psw1 = 0;
 675   1              PswEditIdx = 0;
 676   1              ShowErr();
 677   1              MP3_StartPlay(MP3_PwdErr);
 678   1            }
 679   1            
 680   1            IdleTime = 5;
 681   1            return;
 682   1          }
 683   1          PswEditMidx++;
 684   1          PswEditMidx %= 2;
 685   1          PswEditIdx = 0;
 686   1          switch(PswEditMidx)
 687   1          {
 688   1            case 0:
 689   1              PswEditMidx = 0;
 690   1              tmp = PswEditItem.Room;
 691   1              while(tmp > 0)
 692   1              {
 693   1                PswEditIdx++;
 694   1                tmp /= 10;
 695   1              }
 696   1              break;
 697   1            case 1:
 698   1              if(GetPswByRoom(PswEditItem.Room,&tmpItem) == 0xFFFF)
 699   1              {
 700   1                MP3_StartPlay(MP3_RoomErr);
 701   1                ShowErr();
 702   1                IdleTime = 5;
 703   1                PswEditItem.Room = 0;
 704   1                PswEditIdx = 0;
 705   1                return;
 706   1              }
 707   1              PswEditItem.Psw1 = 0;
 708   1              MP3_StartPlay(MP3_InputPsw);
 709   1              break;
 710   1          }
 711   1        }
 712   1        else */
 713   1        if(key == KEY_DEL)
 714   1        {
 715   2          switch(PswEditMidx)
 716   2          {
 717   3      //      case 0:
 718   3      //        if(PswEditIdx > 0)
 719   3      //        {
 720   3      //          PswEditIdx--;
 721   3      //          PswEditItem.Room /= 10;
 722   3      //        }
 723   3      //        else
 724   3      //        {
 725   3      //        #ifdef PWM_AUDIO
 726   3      //          MP3_Stop();
 727   3      //        #endif
 728   3      //          SysIdleCon();
 729   3      //          return;
 730   3      //        }
 731   3      //        break;
 732   3            case 1:
 733   3              if(PswEditIdx > 0)
 734   3              {
C51 COMPILER V9.57.0.0   UNLOCKPASSWORD                                                    06/06/2022 10:51:45 PAGE 13  

 735   4                PswEditIdx--;
 736   4                PswEditItem.Psw1 /= 10;
 737   4              }
 738   3              else
 739   3              {
 740   4                SysIdleCon();
 741   4              #ifdef PWM_AUDIO
 742   4                MP3_Stop();
 743   4              #endif
 744   4                return;
 745   4              }
 746   3              break;
 747   3          }
 748   2        }
 749   1        else if(key == KEY_BELL)
 750   1        {
 751   2          SysIdleCon();
 752   2          #ifdef PWM_AUDIO
 753   2            MP3_Stop();
 754   2          #endif
 755   2          return;
 756   2        }
 757   1      
 758   1        if((key >= 0) && (key <= 9))
 759   1        {
 760   2          switch(PswEditMidx)
 761   2          {
 762   3      //      case 0:
 763   3      //        if(PswEditIdx < 4)
 764   3      //        {
 765   3      //          PswEditItem.Room *= 10;
 766   3      //          PswEditItem.Room += key;
 767   3      //          PswEditIdx++;
 768   3      //        }
 769   3      //        if(PswEditItem.Room == 0)
 770   3      //        {
 771   3      //          PswEditIdx = 0;
 772   3      //        }
 773   3      //        break;
 774   3            case 1:
 775   3              if(PswEditIdx < 4)
 776   3              {
 777   4                PswEditItem.Psw1 *= 10;
 778   4                PswEditItem.Psw1 += key;
 779   4                PswEditIdx++;
 780   4              }
 781   3              if(PswEditItem.Psw1 == 0)
 782   3              {
 783   4                PswEditIdx = 0;
 784   4              }
 785   3              
 786   3      //        if((PswEditItem.Room > 0)
 787   3      //          && (PswEditIdx == 4))
 788   3              if(PswEditIdx == 4)
 789   3              {
 790   4                //if(GetPswByRoom(PswEditItem.Room,&tmpItem) != 0xFFFF)
 791   4                {
 792   5                  //if(tmpItem.Psw == PswEditItem.Psw1)
 793   5                  if(CheckPsw(PswEditItem.Psw1))
 794   5                  {
 795   6                    Unlock(true);
 796   6                    IdleTime = 3;
C51 COMPILER V9.57.0.0   UNLOCKPASSWORD                                                    06/06/2022 10:51:45 PAGE 14  

 797   6                    PswEditItem.Psw1 = 0;
 798   6                    PswEditItem.Room = 0;
 799   6                    PswEditIdx = 0;
 800   6                    PswEditMidx = 1;
 801   6                    return;
 802   6                  }
 803   5                  else
 804   5                  {
 805   6                    PswEditItem.Psw1 = 0;
 806   6                    PswEditIdx = 0;
 807   6                    PswEditMidx = 1;
 808   6                    ShowErr();
 809   6                    MP3_StartPlay(MP3_PwdErr);
 810   6                    IdleTime = 5;
 811   6                  }
 812   5                }
 813   4      //          else
 814   4      //          {
 815   4      //            PswEditItem.Psw1 = 0;
 816   4      //            PswEditItem.Room = 0;
 817   4      //            PswEditIdx = 0;
 818   4      //            PswEditMidx = 0;
 819   4      //            MP3_StartPlay(MP3_RoomErr);
 820   4      //            IdleTime = 5;
 821   4      //          }
 822   4                
 823   4                return;
 824   4              }
 825   3              break;
 826   3          }
 827   2        }
 828   1        ShowPsw(&PswEditItem,true);
 829   1      }
 830          
 831          
 832          void EditSysPswCon(void)
 833          {
 834   1        ClearBuf((u8 *)&PswEditItem,sizeof(PswEditType));
 835   1        PswEditMidx = 0;
 836   1        PswEditIdx = 0;
 837   1        SysStatus = SYS_EDIT_SYSPSW;
 838   1        ShowPsw(&PswEditItem,true);
 839   1      }
 840          void SaveSysPsw(void)
 841          {
 842   1        writeBuf_at24c02(SYS_PARA_ADDR+((u16)((u32)(&SysPara.SysPsw)-(u32)(&SysPara))), (u8 *)&SysPara.SysPsw,siz
             -eof(SysPara.SysPsw));
 843   1      }
 844          
 845          void SysPswEditKey(u8 key)
 846          {
 847   1        u16 tmp;
 848   1        static bool Saved = false;
 849   1        if(key == KEY_SURE)
 850   1        {
 851   2          if(PswEditMidx == 2)
 852   2          {
 853   3            if(Saved)
 854   3            {
 855   4              ClearBuf((u8 *)&PswEditItem,sizeof(PswEditItem));
 856   4              PswEditIdx = 0;
 857   4            }
C51 COMPILER V9.57.0.0   UNLOCKPASSWORD                                                    06/06/2022 10:51:45 PAGE 15  

 858   3            else
 859   3            {
 860   4              if((PswEditItem.Psw1 != 0)
 861   4                && (PswEditItem.Psw1 == PswEditItem.Psw2))
 862   4              {
 863   5                SysPara.SysPsw= PswEditItem.Psw1;
 864   5                SaveSysPsw();
 865   5                ShowSaveOK();
 866   5                ClearBuf((u8 *)&PswEditItem,sizeof(PswEditItem));
 867   5                Saved = true;
 868   5                PswEditItem.Psw1 = 0;
 869   5                PswEditItem.Psw2 = 0;
 870   5              }
 871   4              else
 872   4              {
 873   5                PswEditItem.Psw1 = 0;
 874   5                PswEditItem.Psw2 = 0;
 875   5                ShowErr();
 876   5              }
 877   4              return;
 878   4            }
 879   3          }
 880   2          if((PswEditMidx == 1) && (PswEditIdx != 6))
 881   2          {
 882   3            return;
 883   3          }
 884   2          PswEditMidx++;
 885   2          PswEditMidx %= 3;
 886   2          PswEditIdx = 0;
 887   2          switch(PswEditMidx)
 888   2          {
 889   3            case 0:
 890   3              PswEditItem.Psw1 = 0;
 891   3              PswEditIdx = 0;
 892   3              break;
 893   3            case 1:
 894   3              PswEditItem.Psw2 = 0;
 895   3              PswEditIdx = 0;
 896   3              break;
 897   3            case 2:
 898   3              ShowConfirmSave();
 899   3              Saved = false;
 900   3              return;
 901   3          }
 902   2        }
 903   1        else if(key == KEY_DEL)
 904   1        {
 905   2          switch(PswEditMidx)
 906   2          {
 907   3            case 0:
 908   3              if(PswEditIdx > 0)
 909   3              {
 910   4                PswEditIdx--;
 911   4                PswEditItem.Psw1 /= 10;
 912   4              }
 913   3              else
 914   3              {
 915   4                SysSettingCon();
 916   4                return;
 917   4              }
 918   3              break;
 919   3            case 1:
C51 COMPILER V9.57.0.0   UNLOCKPASSWORD                                                    06/06/2022 10:51:45 PAGE 16  

 920   3              if(PswEditIdx > 0)
 921   3              {
 922   4                PswEditIdx--;
 923   4                PswEditItem.Psw2 /= 10;
 924   4              }
 925   3              else
 926   3              {
 927   4                PswEditMidx--;
 928   4                PswEditIdx = 0;
 929   4                tmp = PswEditItem.Psw1;
 930   4                while(tmp > 0)
 931   4                {
 932   5                  PswEditIdx++;
 933   5                  tmp /= 10;
 934   5                }
 935   4              }
 936   3              break;
 937   3            case 2:
 938   3              PswEditMidx = 0;
 939   3              PswEditIdx = 0;
 940   3              break;
 941   3          }
 942   2        }
 943   1        else if(key == KEY_BELL)
 944   1        {
 945   2          SysSettingCon();
 946   2          return;
 947   2        }
 948   1      
 949   1        if((key >= 0) && (key <= 9))
 950   1        {
 951   2          switch(PswEditMidx)
 952   2          {
 953   3            case 0:
 954   3              if(PswEditIdx < 6)
 955   3              {
 956   4                PswEditItem.Psw1 *= 10;
 957   4                PswEditItem.Psw1 += key;
 958   4                PswEditIdx++;
 959   4              }
 960   3              if(PswEditItem.Psw1 == 0)
 961   3              {
 962   4                PswEditIdx = 0;
 963   4              }
 964   3              break;
 965   3            case 1:
 966   3              if(PswEditIdx < 6)
 967   3              {
 968   4                PswEditItem.Psw2 *= 10;
 969   4                PswEditItem.Psw2 += key;
 970   4                PswEditIdx++;
 971   4              }
 972   3              if(PswEditItem.Psw2 == 0)
 973   3              {
 974   4                PswEditIdx = 0;
 975   4              }
 976   3              break;
 977   3          }
 978   2        }
 979   1        ShowPsw(&PswEditItem,true);
 980   1      }
 981          
C51 COMPILER V9.57.0.0   UNLOCKPASSWORD                                                    06/06/2022 10:51:45 PAGE 17  



MODULE INFORMATION:   STATIC OVERLAYABLE
   CODE SIZE        =   4310    ----
   CONSTANT SIZE    =     21    ----
   XDATA SIZE       =     12      76
   PDATA SIZE       =   ----    ----
   DATA SIZE        =   ----    ----
   IDATA SIZE       =   ----    ----
   BIT SIZE         =      3       1
END OF MODULE INFORMATION.


C51 COMPILATION COMPLETE.  0 WARNING(S),  0 ERROR(S)
